#
# There is insufficient memory for the Java Runtime Environment to continue.
# Native memory allocation (malloc) failed to allocate 416256 bytes. Error detail: Chunk::new
# Possible reasons:
#   The system is out of physical RAM or swap space
#   This process is running with CompressedOops enabled, and the Java Heap may be blocking the growth of the native heap
# Possible solutions:
#   Reduce memory load on the system
#   Increase physical memory or swap space
#   Check if swap backing store is full
#   Decrease Java heap size (-Xmx/-Xms)
#   Decrease number of Java threads
#   Decrease Java thread stack sizes (-Xss)
#   Set larger code cache with -XX:ReservedCodeCacheSize=
#   JVM is running with Unscaled Compressed Oops mode in which the Java heap is
#     placed in the first 4GB address space. The Java Heap base address is the
#     maximum limit for the native heap growth. Please use -XX:HeapBaseMinAddress
#     to set the Java Heap base and to place the Java Heap above 4GB virtual address.
# This output file may be truncated or incomplete.
#
#  Out of Memory Error (arena.cpp:168), pid=7116, tid=34512
#
# JRE version: OpenJDK Runtime Environment Temurin-21.0.7+6 (21.0.7+6) (build 21.0.7+6-LTS)
# Java VM: OpenJDK 64-Bit Server VM Temurin-21.0.7+6 (21.0.7+6-LTS, mixed mode, sharing, tiered, compressed oops, compressed class ptrs, g1 gc, windows-amd64)
# No core dump will be written. Minidumps are not enabled by default on client versions of Windows
#

---------------  S U M M A R Y ------------

Command Line: -ea -Dfile.encoding=UTF-8 -Dstdout.encoding=UTF-8 -Dstderr.encoding=UTF-8 -XX:+ShowCodeDetailsInExceptionMessages org.testng.remote.RemoteTestNG -serport 64945 -protocol json -d E:\1 Testing class\test_example_1\ProjectJhonLewis\test-output C:\Users\user\AppData\Local\Temp\testng-eclipse-1798347990\testng-customsuite.xml

Host: Intel(R) Core(TM) i5-8265U CPU @ 1.60GHz, 8 cores, 7G,  Windows 11 , 64 bit Build 26100 (10.0.26100.7019)
Time: Wed Dec 10 18:16:20 2025 GMT Standard Time elapsed time: 10.906292 seconds (0d 0h 0m 10s)

---------------  T H R E A D  ---------------

Current thread (0x00000171f8bb2460):  JavaThread "C2 CompilerThread0" daemon [_thread_in_native, id=34512, stack(0x0000005c1e500000,0x0000005c1e600000) (1024K)]


Current CompileTask:
C2:10906 1332       4       jdk.internal.org.objectweb.asm.Frame::execute (2305 bytes)

Stack: [0x0000005c1e500000,0x0000005c1e600000]
Native frames: (J=compiled Java code, j=interpreted, Vv=VM code, C=native code)
V  [jvm.dll+0x6ce119]
V  [jvm.dll+0x8a84a1]
V  [jvm.dll+0x8aa9ce]
V  [jvm.dll+0x8ab0b3]
V  [jvm.dll+0x27f8a6]
V  [jvm.dll+0xc507d]
V  [jvm.dll+0xc55b3]
V  [jvm.dll+0x3b692c]
V  [jvm.dll+0x1e0029]
V  [jvm.dll+0x247c42]
V  [jvm.dll+0x2470cf]
V  [jvm.dll+0x1c760e]
V  [jvm.dll+0x25695a]
V  [jvm.dll+0x254efa]
V  [jvm.dll+0x3f03f6]
V  [jvm.dll+0x851f6b]
V  [jvm.dll+0x6cc7dd]
C  [ucrtbase.dll+0x37b0]
C  [KERNEL32.DLL+0x2e8d7]
C  [ntdll.dll+0x8c53c]


---------------  P R O C E S S  ---------------

Threads class SMR info:
_java_thread_list=0x00000171fd08dc30, length=14, elements={
0x00000171dea17690, 0x00000171f8ba3060, 0x00000171f8ba5bc0, 0x00000171f8baba10,
0x00000171f8bac460, 0x00000171f8badbd0, 0x00000171f8bb1480, 0x00000171f8bb2460,
0x00000171f8bc8e50, 0x00000171f8d038f0, 0x00000171f8d39950, 0x00000171fd28dff0,
0x00000171fd426fe0, 0x00000171fd427640
}

Java Threads: ( => current thread )
  0x00000171dea17690 JavaThread "main"                              [_thread_in_vm, id=26376, stack(0x0000005c1d700000,0x0000005c1d800000) (1024K)]
  0x00000171f8ba3060 JavaThread "Reference Handler"          daemon [_thread_blocked, id=28660, stack(0x0000005c1df00000,0x0000005c1e000000) (1024K)]
  0x00000171f8ba5bc0 JavaThread "Finalizer"                  daemon [_thread_blocked, id=12348, stack(0x0000005c1e000000,0x0000005c1e100000) (1024K)]
  0x00000171f8baba10 JavaThread "Signal Dispatcher"          daemon [_thread_blocked, id=35152, stack(0x0000005c1e100000,0x0000005c1e200000) (1024K)]
  0x00000171f8bac460 JavaThread "Attach Listener"            daemon [_thread_blocked, id=8320, stack(0x0000005c1e200000,0x0000005c1e300000) (1024K)]
  0x00000171f8badbd0 JavaThread "Service Thread"             daemon [_thread_blocked, id=34452, stack(0x0000005c1e300000,0x0000005c1e400000) (1024K)]
  0x00000171f8bb1480 JavaThread "Monitor Deflation Thread"   daemon [_thread_blocked, id=20172, stack(0x0000005c1e400000,0x0000005c1e500000) (1024K)]
=>0x00000171f8bb2460 JavaThread "C2 CompilerThread0"         daemon [_thread_in_native, id=34512, stack(0x0000005c1e500000,0x0000005c1e600000) (1024K)]
  0x00000171f8bc8e50 JavaThread "C1 CompilerThread0"         daemon [_thread_blocked, id=37788, stack(0x0000005c1e600000,0x0000005c1e700000) (1024K)]
  0x00000171f8d038f0 JavaThread "Notification Thread"        daemon [_thread_blocked, id=8216, stack(0x0000005c1e700000,0x0000005c1e800000) (1024K)]
  0x00000171f8d39950 JavaThread "Common-Cleaner"             daemon [_thread_blocked, id=20492, stack(0x0000005c1e800000,0x0000005c1e900000) (1024K)]
  0x00000171fd28dff0 JavaThread "ReaderThread"                      [_thread_in_native, id=16340, stack(0x0000005c1ea00000,0x0000005c1eb00000) (1024K)]
  0x00000171fd426fe0 JavaThread "ForkJoinPool.commonPool-worker-1" daemon [_thread_blocked, id=24072, stack(0x0000005c1eb00000,0x0000005c1ec00000) (1024K)]
  0x00000171fd427640 JavaThread "ForkJoinPool.commonPool-worker-2" daemon [_thread_blocked, id=644, stack(0x0000005c1ec00000,0x0000005c1ed00000) (1024K)]
Total: 14

Other Threads:
  0x00000171f8b89f50 VMThread "VM Thread"                           [id=29400, stack(0x0000005c1de00000,0x0000005c1df00000) (1024K)]
  0x00000171f8b711c0 WatcherThread "VM Periodic Task Thread"        [id=31216, stack(0x0000005c1dd00000,0x0000005c1de00000) (1024K)]
  0x00000171e0d5f010 WorkerThread "GC Thread#0"                     [id=7652, stack(0x0000005c1d800000,0x0000005c1d900000) (1024K)]
  0x00000171e0d6fb40 ConcurrentGCThread "G1 Main Marker"            [id=36984, stack(0x0000005c1d900000,0x0000005c1da00000) (1024K)]
  0x00000171e0d71b70 WorkerThread "G1 Conc#0"                       [id=37224, stack(0x0000005c1da00000,0x0000005c1db00000) (1024K)]
  0x00000171f8a30570 ConcurrentGCThread "G1 Refine#0"               [id=34924, stack(0x0000005c1db00000,0x0000005c1dc00000) (1024K)]
  0x00000171f8a31ea0 ConcurrentGCThread "G1 Service"                [id=35164, stack(0x0000005c1dc00000,0x0000005c1dd00000) (1024K)]
Total: 7

Threads with active compile tasks:
C2 CompilerThread0  10943 1332       4       jdk.internal.org.objectweb.asm.Frame::execute (2305 bytes)
Total: 1

VM state: not at safepoint (normal execution)

VM Mutex/Monitor currently owned by a thread:  ([mutex/lock_event])
[0x00007ff8325dc708] AdapterHandlerLibrary_lock - owner thread: 0x0000000000000000

Heap address: 0x0000000081e00000, size: 2018 MB, Compressed Oops mode: 32-bit

CDS archive(s) mapped at: [0x0000017180000000-0x0000017180c80000-0x0000017180c80000), size 13107200, SharedBaseAddress: 0x0000017180000000, ArchiveRelocationMode: 1.
Compressed class space mapped at: 0x0000017181000000-0x00000171c1000000, reserved size: 1073741824
Narrow klass base: 0x0000017180000000, Narrow klass shift: 0, Narrow klass range: 0x100000000

GC Precious Log:
 CardTable entry size: 512
 Card Set container configuration: InlinePtr #cards 5 size 8 Array Of Cards #cards 12 size 40 Howl #buckets 4 coarsen threshold 1843 Howl Bitmap #cards 512 size 80 coarsen threshold 460 Card regions per heap region 1 cards per card region 2048
 CPUs: 8 total, 8 available
 Memory: 8071M
 Large Page Support: Disabled
 NUMA Support: Disabled
 Compressed Oops: Enabled (32-bit)
 Heap Region Size: 1M
 Heap Min Capacity: 8M
 Heap Initial Capacity: 128M
 Heap Max Capacity: 2018M
 Pre-touch: Disabled
 Parallel Workers: 8
 Concurrent Workers: 2
 Concurrent Refinement Workers: 8
 Periodic GC: Disabled

Heap:
 garbage-first heap   total 131072K, used 19456K [0x0000000081e00000, 0x0000000100000000)
  region size 1024K, 20 young (20480K), 0 survivors (0K)
 Metaspace       used 7774K, committed 8064K, reserved 1114112K
  class space    used 893K, committed 1024K, reserved 1048576K

Heap Regions: E=young(eden), S=young(survivor), O=old, HS=humongous(starts), HC=humongous(continues), CS=collection set, F=free, TAMS=top-at-mark-start, PB=parsable bottom
|   0|0x0000000081e00000, 0x0000000081f00000, 0x0000000081f00000|100%|HS|  |TAMS 0x0000000081e00000| PB 0x0000000081e00000| Complete 
|   1|0x0000000081f00000, 0x0000000081f00000, 0x0000000082000000|  0%| F|  |TAMS 0x0000000081f00000| PB 0x0000000081f00000| Untracked 
|   2|0x0000000082000000, 0x0000000082000000, 0x0000000082100000|  0%| F|  |TAMS 0x0000000082000000| PB 0x0000000082000000| Untracked 
|   3|0x0000000082100000, 0x0000000082100000, 0x0000000082200000|  0%| F|  |TAMS 0x0000000082100000| PB 0x0000000082100000| Untracked 
|   4|0x0000000082200000, 0x0000000082200000, 0x0000000082300000|  0%| F|  |TAMS 0x0000000082200000| PB 0x0000000082200000| Untracked 
|   5|0x0000000082300000, 0x0000000082300000, 0x0000000082400000|  0%| F|  |TAMS 0x0000000082300000| PB 0x0000000082300000| Untracked 
|   6|0x0000000082400000, 0x0000000082400000, 0x0000000082500000|  0%| F|  |TAMS 0x0000000082400000| PB 0x0000000082400000| Untracked 
|   7|0x0000000082500000, 0x0000000082500000, 0x0000000082600000|  0%| F|  |TAMS 0x0000000082500000| PB 0x0000000082500000| Untracked 
|   8|0x0000000082600000, 0x0000000082600000, 0x0000000082700000|  0%| F|  |TAMS 0x0000000082600000| PB 0x0000000082600000| Untracked 
|   9|0x0000000082700000, 0x0000000082700000, 0x0000000082800000|  0%| F|  |TAMS 0x0000000082700000| PB 0x0000000082700000| Untracked 
|  10|0x0000000082800000, 0x0000000082800000, 0x0000000082900000|  0%| F|  |TAMS 0x0000000082800000| PB 0x0000000082800000| Untracked 
|  11|0x0000000082900000, 0x0000000082900000, 0x0000000082a00000|  0%| F|  |TAMS 0x0000000082900000| PB 0x0000000082900000| Untracked 
|  12|0x0000000082a00000, 0x0000000082a00000, 0x0000000082b00000|  0%| F|  |TAMS 0x0000000082a00000| PB 0x0000000082a00000| Untracked 
|  13|0x0000000082b00000, 0x0000000082b00000, 0x0000000082c00000|  0%| F|  |TAMS 0x0000000082b00000| PB 0x0000000082b00000| Untracked 
|  14|0x0000000082c00000, 0x0000000082c00000, 0x0000000082d00000|  0%| F|  |TAMS 0x0000000082c00000| PB 0x0000000082c00000| Untracked 
|  15|0x0000000082d00000, 0x0000000082d00000, 0x0000000082e00000|  0%| F|  |TAMS 0x0000000082d00000| PB 0x0000000082d00000| Untracked 
|  16|0x0000000082e00000, 0x0000000082e00000, 0x0000000082f00000|  0%| F|  |TAMS 0x0000000082e00000| PB 0x0000000082e00000| Untracked 
|  17|0x0000000082f00000, 0x0000000082f00000, 0x0000000083000000|  0%| F|  |TAMS 0x0000000082f00000| PB 0x0000000082f00000| Untracked 
|  18|0x0000000083000000, 0x0000000083000000, 0x0000000083100000|  0%| F|  |TAMS 0x0000000083000000| PB 0x0000000083000000| Untracked 
|  19|0x0000000083100000, 0x0000000083100000, 0x0000000083200000|  0%| F|  |TAMS 0x0000000083100000| PB 0x0000000083100000| Untracked 
|  20|0x0000000083200000, 0x0000000083200000, 0x0000000083300000|  0%| F|  |TAMS 0x0000000083200000| PB 0x0000000083200000| Untracked 
|  21|0x0000000083300000, 0x0000000083300000, 0x0000000083400000|  0%| F|  |TAMS 0x0000000083300000| PB 0x0000000083300000| Untracked 
|  22|0x0000000083400000, 0x0000000083400000, 0x0000000083500000|  0%| F|  |TAMS 0x0000000083400000| PB 0x0000000083400000| Untracked 
|  23|0x0000000083500000, 0x0000000083500000, 0x0000000083600000|  0%| F|  |TAMS 0x0000000083500000| PB 0x0000000083500000| Untracked 
|  24|0x0000000083600000, 0x0000000083600000, 0x0000000083700000|  0%| F|  |TAMS 0x0000000083600000| PB 0x0000000083600000| Untracked 
|  25|0x0000000083700000, 0x0000000083700000, 0x0000000083800000|  0%| F|  |TAMS 0x0000000083700000| PB 0x0000000083700000| Untracked 
|  26|0x0000000083800000, 0x0000000083800000, 0x0000000083900000|  0%| F|  |TAMS 0x0000000083800000| PB 0x0000000083800000| Untracked 
|  27|0x0000000083900000, 0x0000000083900000, 0x0000000083a00000|  0%| F|  |TAMS 0x0000000083900000| PB 0x0000000083900000| Untracked 
|  28|0x0000000083a00000, 0x0000000083a00000, 0x0000000083b00000|  0%| F|  |TAMS 0x0000000083a00000| PB 0x0000000083a00000| Untracked 
|  29|0x0000000083b00000, 0x0000000083b00000, 0x0000000083c00000|  0%| F|  |TAMS 0x0000000083b00000| PB 0x0000000083b00000| Untracked 
|  30|0x0000000083c00000, 0x0000000083c00000, 0x0000000083d00000|  0%| F|  |TAMS 0x0000000083c00000| PB 0x0000000083c00000| Untracked 
|  31|0x0000000083d00000, 0x0000000083d00000, 0x0000000083e00000|  0%| F|  |TAMS 0x0000000083d00000| PB 0x0000000083d00000| Untracked 
|  32|0x0000000083e00000, 0x0000000083e00000, 0x0000000083f00000|  0%| F|  |TAMS 0x0000000083e00000| PB 0x0000000083e00000| Untracked 
|  33|0x0000000083f00000, 0x0000000083f00000, 0x0000000084000000|  0%| F|  |TAMS 0x0000000083f00000| PB 0x0000000083f00000| Untracked 
|  34|0x0000000084000000, 0x0000000084000000, 0x0000000084100000|  0%| F|  |TAMS 0x0000000084000000| PB 0x0000000084000000| Untracked 
|  35|0x0000000084100000, 0x0000000084100000, 0x0000000084200000|  0%| F|  |TAMS 0x0000000084100000| PB 0x0000000084100000| Untracked 
|  36|0x0000000084200000, 0x0000000084200000, 0x0000000084300000|  0%| F|  |TAMS 0x0000000084200000| PB 0x0000000084200000| Untracked 
|  37|0x0000000084300000, 0x0000000084300000, 0x0000000084400000|  0%| F|  |TAMS 0x0000000084300000| PB 0x0000000084300000| Untracked 
|  38|0x0000000084400000, 0x0000000084400000, 0x0000000084500000|  0%| F|  |TAMS 0x0000000084400000| PB 0x0000000084400000| Untracked 
|  39|0x0000000084500000, 0x0000000084500000, 0x0000000084600000|  0%| F|  |TAMS 0x0000000084500000| PB 0x0000000084500000| Untracked 
|  40|0x0000000084600000, 0x0000000084600000, 0x0000000084700000|  0%| F|  |TAMS 0x0000000084600000| PB 0x0000000084600000| Untracked 
|  41|0x0000000084700000, 0x0000000084700000, 0x0000000084800000|  0%| F|  |TAMS 0x0000000084700000| PB 0x0000000084700000| Untracked 
|  42|0x0000000084800000, 0x0000000084800000, 0x0000000084900000|  0%| F|  |TAMS 0x0000000084800000| PB 0x0000000084800000| Untracked 
|  43|0x0000000084900000, 0x0000000084900000, 0x0000000084a00000|  0%| F|  |TAMS 0x0000000084900000| PB 0x0000000084900000| Untracked 
|  44|0x0000000084a00000, 0x0000000084a00000, 0x0000000084b00000|  0%| F|  |TAMS 0x0000000084a00000| PB 0x0000000084a00000| Untracked 
|  45|0x0000000084b00000, 0x0000000084b00000, 0x0000000084c00000|  0%| F|  |TAMS 0x0000000084b00000| PB 0x0000000084b00000| Untracked 
|  46|0x0000000084c00000, 0x0000000084c00000, 0x0000000084d00000|  0%| F|  |TAMS 0x0000000084c00000| PB 0x0000000084c00000| Untracked 
|  47|0x0000000084d00000, 0x0000000084d00000, 0x0000000084e00000|  0%| F|  |TAMS 0x0000000084d00000| PB 0x0000000084d00000| Untracked 
|  48|0x0000000084e00000, 0x0000000084e00000, 0x0000000084f00000|  0%| F|  |TAMS 0x0000000084e00000| PB 0x0000000084e00000| Untracked 
|  49|0x0000000084f00000, 0x0000000084f00000, 0x0000000085000000|  0%| F|  |TAMS 0x0000000084f00000| PB 0x0000000084f00000| Untracked 
|  50|0x0000000085000000, 0x0000000085000000, 0x0000000085100000|  0%| F|  |TAMS 0x0000000085000000| PB 0x0000000085000000| Untracked 
|  51|0x0000000085100000, 0x0000000085100000, 0x0000000085200000|  0%| F|  |TAMS 0x0000000085100000| PB 0x0000000085100000| Untracked 
|  52|0x0000000085200000, 0x0000000085200000, 0x0000000085300000|  0%| F|  |TAMS 0x0000000085200000| PB 0x0000000085200000| Untracked 
|  53|0x0000000085300000, 0x0000000085300000, 0x0000000085400000|  0%| F|  |TAMS 0x0000000085300000| PB 0x0000000085300000| Untracked 
|  54|0x0000000085400000, 0x0000000085400000, 0x0000000085500000|  0%| F|  |TAMS 0x0000000085400000| PB 0x0000000085400000| Untracked 
|  55|0x0000000085500000, 0x0000000085500000, 0x0000000085600000|  0%| F|  |TAMS 0x0000000085500000| PB 0x0000000085500000| Untracked 
|  56|0x0000000085600000, 0x0000000085600000, 0x0000000085700000|  0%| F|  |TAMS 0x0000000085600000| PB 0x0000000085600000| Untracked 
|  57|0x0000000085700000, 0x0000000085700000, 0x0000000085800000|  0%| F|  |TAMS 0x0000000085700000| PB 0x0000000085700000| Untracked 
|  58|0x0000000085800000, 0x0000000085800000, 0x0000000085900000|  0%| F|  |TAMS 0x0000000085800000| PB 0x0000000085800000| Untracked 
|  59|0x0000000085900000, 0x0000000085900000, 0x0000000085a00000|  0%| F|  |TAMS 0x0000000085900000| PB 0x0000000085900000| Untracked 
|  60|0x0000000085a00000, 0x0000000085a00000, 0x0000000085b00000|  0%| F|  |TAMS 0x0000000085a00000| PB 0x0000000085a00000| Untracked 
|  61|0x0000000085b00000, 0x0000000085b00000, 0x0000000085c00000|  0%| F|  |TAMS 0x0000000085b00000| PB 0x0000000085b00000| Untracked 
|  62|0x0000000085c00000, 0x0000000085c00000, 0x0000000085d00000|  0%| F|  |TAMS 0x0000000085c00000| PB 0x0000000085c00000| Untracked 
|  63|0x0000000085d00000, 0x0000000085d00000, 0x0000000085e00000|  0%| F|  |TAMS 0x0000000085d00000| PB 0x0000000085d00000| Untracked 
|  64|0x0000000085e00000, 0x0000000085e00000, 0x0000000085f00000|  0%| F|  |TAMS 0x0000000085e00000| PB 0x0000000085e00000| Untracked 
|  65|0x0000000085f00000, 0x0000000085f00000, 0x0000000086000000|  0%| F|  |TAMS 0x0000000085f00000| PB 0x0000000085f00000| Untracked 
|  66|0x0000000086000000, 0x0000000086000000, 0x0000000086100000|  0%| F|  |TAMS 0x0000000086000000| PB 0x0000000086000000| Untracked 
|  67|0x0000000086100000, 0x0000000086100000, 0x0000000086200000|  0%| F|  |TAMS 0x0000000086100000| PB 0x0000000086100000| Untracked 
|  68|0x0000000086200000, 0x0000000086200000, 0x0000000086300000|  0%| F|  |TAMS 0x0000000086200000| PB 0x0000000086200000| Untracked 
|  69|0x0000000086300000, 0x0000000086300000, 0x0000000086400000|  0%| F|  |TAMS 0x0000000086300000| PB 0x0000000086300000| Untracked 
|  70|0x0000000086400000, 0x0000000086400000, 0x0000000086500000|  0%| F|  |TAMS 0x0000000086400000| PB 0x0000000086400000| Untracked 
|  71|0x0000000086500000, 0x0000000086500000, 0x0000000086600000|  0%| F|  |TAMS 0x0000000086500000| PB 0x0000000086500000| Untracked 
|  72|0x0000000086600000, 0x0000000086600000, 0x0000000086700000|  0%| F|  |TAMS 0x0000000086600000| PB 0x0000000086600000| Untracked 
|  73|0x0000000086700000, 0x0000000086700000, 0x0000000086800000|  0%| F|  |TAMS 0x0000000086700000| PB 0x0000000086700000| Untracked 
|  74|0x0000000086800000, 0x0000000086800000, 0x0000000086900000|  0%| F|  |TAMS 0x0000000086800000| PB 0x0000000086800000| Untracked 
|  75|0x0000000086900000, 0x0000000086900000, 0x0000000086a00000|  0%| F|  |TAMS 0x0000000086900000| PB 0x0000000086900000| Untracked 
|  76|0x0000000086a00000, 0x0000000086a00000, 0x0000000086b00000|  0%| F|  |TAMS 0x0000000086a00000| PB 0x0000000086a00000| Untracked 
|  77|0x0000000086b00000, 0x0000000086b00000, 0x0000000086c00000|  0%| F|  |TAMS 0x0000000086b00000| PB 0x0000000086b00000| Untracked 
|  78|0x0000000086c00000, 0x0000000086c00000, 0x0000000086d00000|  0%| F|  |TAMS 0x0000000086c00000| PB 0x0000000086c00000| Untracked 
|  79|0x0000000086d00000, 0x0000000086d00000, 0x0000000086e00000|  0%| F|  |TAMS 0x0000000086d00000| PB 0x0000000086d00000| Untracked 
|  80|0x0000000086e00000, 0x0000000086e00000, 0x0000000086f00000|  0%| F|  |TAMS 0x0000000086e00000| PB 0x0000000086e00000| Untracked 
|  81|0x0000000086f00000, 0x0000000086f00000, 0x0000000087000000|  0%| F|  |TAMS 0x0000000086f00000| PB 0x0000000086f00000| Untracked 
|  82|0x0000000087000000, 0x0000000087000000, 0x0000000087100000|  0%| F|  |TAMS 0x0000000087000000| PB 0x0000000087000000| Untracked 
|  83|0x0000000087100000, 0x0000000087100000, 0x0000000087200000|  0%| F|  |TAMS 0x0000000087100000| PB 0x0000000087100000| Untracked 
|  84|0x0000000087200000, 0x0000000087200000, 0x0000000087300000|  0%| F|  |TAMS 0x0000000087200000| PB 0x0000000087200000| Untracked 
|  85|0x0000000087300000, 0x0000000087300000, 0x0000000087400000|  0%| F|  |TAMS 0x0000000087300000| PB 0x0000000087300000| Untracked 
|  86|0x0000000087400000, 0x0000000087400000, 0x0000000087500000|  0%| F|  |TAMS 0x0000000087400000| PB 0x0000000087400000| Untracked 
|  87|0x0000000087500000, 0x0000000087500000, 0x0000000087600000|  0%| F|  |TAMS 0x0000000087500000| PB 0x0000000087500000| Untracked 
|  88|0x0000000087600000, 0x0000000087600000, 0x0000000087700000|  0%| F|  |TAMS 0x0000000087600000| PB 0x0000000087600000| Untracked 
|  89|0x0000000087700000, 0x0000000087700000, 0x0000000087800000|  0%| F|  |TAMS 0x0000000087700000| PB 0x0000000087700000| Untracked 
|  90|0x0000000087800000, 0x0000000087800000, 0x0000000087900000|  0%| F|  |TAMS 0x0000000087800000| PB 0x0000000087800000| Untracked 
|  91|0x0000000087900000, 0x0000000087900000, 0x0000000087a00000|  0%| F|  |TAMS 0x0000000087900000| PB 0x0000000087900000| Untracked 
|  92|0x0000000087a00000, 0x0000000087a00000, 0x0000000087b00000|  0%| F|  |TAMS 0x0000000087a00000| PB 0x0000000087a00000| Untracked 
|  93|0x0000000087b00000, 0x0000000087b00000, 0x0000000087c00000|  0%| F|  |TAMS 0x0000000087b00000| PB 0x0000000087b00000| Untracked 
|  94|0x0000000087c00000, 0x0000000087c00000, 0x0000000087d00000|  0%| F|  |TAMS 0x0000000087c00000| PB 0x0000000087c00000| Untracked 
|  95|0x0000000087d00000, 0x0000000087d00000, 0x0000000087e00000|  0%| F|  |TAMS 0x0000000087d00000| PB 0x0000000087d00000| Untracked 
|  96|0x0000000087e00000, 0x0000000087e00000, 0x0000000087f00000|  0%| F|  |TAMS 0x0000000087e00000| PB 0x0000000087e00000| Untracked 
|  97|0x0000000087f00000, 0x0000000087f00000, 0x0000000088000000|  0%| F|  |TAMS 0x0000000087f00000| PB 0x0000000087f00000| Untracked 
|  98|0x0000000088000000, 0x0000000088000000, 0x0000000088100000|  0%| F|  |TAMS 0x0000000088000000| PB 0x0000000088000000| Untracked 
|  99|0x0000000088100000, 0x0000000088100000, 0x0000000088200000|  0%| F|  |TAMS 0x0000000088100000| PB 0x0000000088100000| Untracked 
| 100|0x0000000088200000, 0x0000000088200000, 0x0000000088300000|  0%| F|  |TAMS 0x0000000088200000| PB 0x0000000088200000| Untracked 
| 101|0x0000000088300000, 0x0000000088300000, 0x0000000088400000|  0%| F|  |TAMS 0x0000000088300000| PB 0x0000000088300000| Untracked 
| 102|0x0000000088400000, 0x0000000088400000, 0x0000000088500000|  0%| F|  |TAMS 0x0000000088400000| PB 0x0000000088400000| Untracked 
| 103|0x0000000088500000, 0x0000000088500000, 0x0000000088600000|  0%| F|  |TAMS 0x0000000088500000| PB 0x0000000088500000| Untracked 
| 104|0x0000000088600000, 0x0000000088600000, 0x0000000088700000|  0%| F|  |TAMS 0x0000000088600000| PB 0x0000000088600000| Untracked 
| 105|0x0000000088700000, 0x0000000088700000, 0x0000000088800000|  0%| F|  |TAMS 0x0000000088700000| PB 0x0000000088700000| Untracked 
| 106|0x0000000088800000, 0x0000000088800000, 0x0000000088900000|  0%| F|  |TAMS 0x0000000088800000| PB 0x0000000088800000| Untracked 
| 107|0x0000000088900000, 0x0000000088900000, 0x0000000088a00000|  0%| F|  |TAMS 0x0000000088900000| PB 0x0000000088900000| Untracked 
| 108|0x0000000088a00000, 0x0000000088a76838, 0x0000000088b00000| 46%| E|  |TAMS 0x0000000088a00000| PB 0x0000000088a00000| Complete 
| 109|0x0000000088b00000, 0x0000000088c00000, 0x0000000088c00000|100%| E|CS|TAMS 0x0000000088b00000| PB 0x0000000088b00000| Complete 
| 110|0x0000000088c00000, 0x0000000088d00000, 0x0000000088d00000|100%| E|CS|TAMS 0x0000000088c00000| PB 0x0000000088c00000| Complete 
| 111|0x0000000088d00000, 0x0000000088e00000, 0x0000000088e00000|100%| E|CS|TAMS 0x0000000088d00000| PB 0x0000000088d00000| Complete 
| 112|0x0000000088e00000, 0x0000000088f00000, 0x0000000088f00000|100%| E|CS|TAMS 0x0000000088e00000| PB 0x0000000088e00000| Complete 
| 113|0x0000000088f00000, 0x0000000089000000, 0x0000000089000000|100%| E|CS|TAMS 0x0000000088f00000| PB 0x0000000088f00000| Complete 
| 114|0x0000000089000000, 0x0000000089100000, 0x0000000089100000|100%| E|CS|TAMS 0x0000000089000000| PB 0x0000000089000000| Complete 
| 115|0x0000000089100000, 0x0000000089200000, 0x0000000089200000|100%| E|CS|TAMS 0x0000000089100000| PB 0x0000000089100000| Complete 
| 116|0x0000000089200000, 0x0000000089300000, 0x0000000089300000|100%| E|  |TAMS 0x0000000089200000| PB 0x0000000089200000| Complete 
| 117|0x0000000089300000, 0x0000000089400000, 0x0000000089400000|100%| E|CS|TAMS 0x0000000089300000| PB 0x0000000089300000| Complete 
| 118|0x0000000089400000, 0x0000000089500000, 0x0000000089500000|100%| E|CS|TAMS 0x0000000089400000| PB 0x0000000089400000| Complete 
| 119|0x0000000089500000, 0x0000000089600000, 0x0000000089600000|100%| E|CS|TAMS 0x0000000089500000| PB 0x0000000089500000| Complete 
| 120|0x0000000089600000, 0x0000000089700000, 0x0000000089700000|100%| E|CS|TAMS 0x0000000089600000| PB 0x0000000089600000| Complete 
| 121|0x0000000089700000, 0x0000000089800000, 0x0000000089800000|100%| E|CS|TAMS 0x0000000089700000| PB 0x0000000089700000| Complete 
| 122|0x0000000089800000, 0x0000000089900000, 0x0000000089900000|100%| E|CS|TAMS 0x0000000089800000| PB 0x0000000089800000| Complete 
| 123|0x0000000089900000, 0x0000000089a00000, 0x0000000089a00000|100%| E|CS|TAMS 0x0000000089900000| PB 0x0000000089900000| Complete 
| 124|0x0000000089a00000, 0x0000000089b00000, 0x0000000089b00000|100%| E|CS|TAMS 0x0000000089a00000| PB 0x0000000089a00000| Complete 
| 125|0x0000000089b00000, 0x0000000089c00000, 0x0000000089c00000|100%| E|CS|TAMS 0x0000000089b00000| PB 0x0000000089b00000| Complete 
| 126|0x0000000089c00000, 0x0000000089d00000, 0x0000000089d00000|100%| E|CS|TAMS 0x0000000089c00000| PB 0x0000000089c00000| Complete 
| 127|0x0000000089d00000, 0x0000000089e00000, 0x0000000089e00000|100%| E|CS|TAMS 0x0000000089d00000| PB 0x0000000089d00000| Complete 

Card table byte_map: [0x00000171f3dd0000,0x00000171f41d0000] _byte_map_base: 0x00000171f39c1000

Marking Bits: (CMBitMap*) 0x00000171e0d5f620
 Bits: [0x00000171f41d0000, 0x00000171f6158000)

Polling page: 0x00000171dedc0000

Metaspace:

Usage:
  Non-class:      6.76 MB used.
      Class:    896.00 KB used.
       Both:      7.64 MB used.

Virtual space:
  Non-class space:       64.00 MB reserved,       6.94 MB ( 11%) committed,  1 nodes.
      Class space:        1.00 GB reserved,       1.00 MB ( <1%) committed,  1 nodes.
             Both:        1.06 GB reserved,       7.94 MB ( <1%) committed. 

Chunk freelists:
   Non-Class:  9.11 MB
       Class:  14.88 MB
        Both:  23.99 MB

MaxMetaspaceSize: unlimited
CompressedClassSpaceSize: 1.00 GB
Initial GC threshold: 21.00 MB
Current GC threshold: 21.00 MB
CDS: on
 - commit_granule_bytes: 65536.
 - commit_granule_words: 8192.
 - virtual_space_node_default_size: 8388608.
 - enlarge_chunks_in_place: 1.
 - use_allocation_guard: 0.


Internal statistics:

num_allocs_failed_limit: 0.
num_arena_births: 308.
num_arena_deaths: 0.
num_vsnodes_births: 2.
num_vsnodes_deaths: 0.
num_space_committed: 127.
num_space_uncommitted: 0.
num_chunks_returned_to_freelist: 0.
num_chunks_taken_from_freelist: 566.
num_chunk_merges: 0.
num_chunk_splits: 322.
num_chunks_enlarged: 147.
num_inconsistent_stats: 0.

CodeHeap 'non-profiled nmethods': size=120000Kb used=427Kb max_used=427Kb free=119572Kb
 bounds [0x00000171ec170000, 0x00000171ec3e0000, 0x00000171f36a0000]
CodeHeap 'profiled nmethods': size=120000Kb used=2527Kb max_used=2527Kb free=117472Kb
 bounds [0x00000171e46a0000, 0x00000171e4920000, 0x00000171ebbd0000]
CodeHeap 'non-nmethods': size=5760Kb used=1407Kb max_used=1413Kb free=4353Kb
 bounds [0x00000171ebbd0000, 0x00000171ebe40000, 0x00000171ec170000]
 total_blobs=1913 nmethods=1414 adapters=404
 compilation: enabled
              stopped_count=0, restarted_count=0
 full_count=0

Compilation events (20 events):
Event: 8.875 Thread 0x00000171f8bc8e50 1340       3       java.lang.invoke.DirectMethodHandle$Holder::invokeStatic (21 bytes)
Event: 8.875 Thread 0x00000171f8bc8e50 nmethod 1340 0x00000171e48ee210 code [0x00000171e48ee3e0, 0x00000171e48ee8c0]
Event: 8.875 Thread 0x00000171f8bc8e50 1341       3       java.lang.StringConcatHelper::prepend (22 bytes)
Event: 8.875 Thread 0x00000171f8bc8e50 nmethod 1341 0x00000171e48eea10 code [0x00000171e48eebc0, 0x00000171e48eed48]
Event: 8.875 Thread 0x00000171f8bc8e50 1339       3       org.testng.collections.Lists::newArrayList (8 bytes)
Event: 8.875 Thread 0x00000171f8bc8e50 nmethod 1339 0x00000171e48eee10 code [0x00000171e48eefe0, 0x00000171e48ef308]
Event: 8.876 Thread 0x00000171f8bc8e50 1342       3       java.security.CodeSource::<init> (52 bytes)
Event: 8.877 Thread 0x00000171f8bc8e50 nmethod 1342 0x00000171e48ef490 code [0x00000171e48ef680, 0x00000171e48efba0]
Event: 8.877 Thread 0x00000171f8bc8e50 1343       3       java.security.SecureClassLoader::defineClass (16 bytes)
Event: 8.877 Thread 0x00000171f8bc8e50 nmethod 1343 0x00000171e48efd10 code [0x00000171e48efec0, 0x00000171e48f0068]
Event: 8.880 Thread 0x00000171f8bc8e50 1344       3       jdk.internal.org.objectweb.asm.FieldWriter::visitEnd (1 bytes)
Event: 8.880 Thread 0x00000171f8bc8e50 nmethod 1344 0x00000171e48f0190 code [0x00000171e48f0320, 0x00000171e48f0428]
Event: 8.885 Thread 0x00000171f8bc8e50 1346       3       java.lang.invoke.BoundMethodHandle$Species_L::make (11 bytes)
Event: 8.885 Thread 0x00000171f8bc8e50 nmethod 1346 0x00000171e48f0490 code [0x00000171e48f0640, 0x00000171e48f0898]
Event: 8.885 Thread 0x00000171f8bc8e50 1347       3       java.util.regex.Pattern::has (15 bytes)
Event: 8.885 Thread 0x00000171f8bc8e50 nmethod 1347 0x00000171e48f0990 code [0x00000171e48f0b20, 0x00000171e48f0c88]
Event: 8.885 Thread 0x00000171f8bc8e50 1348       3       jdk.internal.misc.CDS::isDumpingArchive (4 bytes)
Event: 8.885 Thread 0x00000171f8bc8e50 nmethod 1348 0x00000171e48f0d10 code [0x00000171e48f0ea0, 0x00000171e48f0f90]
Event: 10.902 Thread 0x00000171f8bc8e50 1349       3       java.lang.invoke.MemberName::asSpecial (89 bytes)
Event: 10.903 Thread 0x00000171f8bc8e50 nmethod 1349 0x00000171e48f1010 code [0x00000171e48f12e0, 0x00000171e48f1f90]

GC Heap History (0 events):
No events

Dll operation events (7 events):
Event: 0.010 Loaded shared library C:\Users\user\.p2\pool\plugins\org.eclipse.justj.openjdk.hotspot.jre.full.win32.x86_64_21.0.7.v20250502-0916\jre\bin\java.dll
Event: 0.036 Loaded shared library C:\Users\user\.p2\pool\plugins\org.eclipse.justj.openjdk.hotspot.jre.full.win32.x86_64_21.0.7.v20250502-0916\jre\bin\zip.dll
Event: 0.091 Loaded shared library C:\Users\user\.p2\pool\plugins\org.eclipse.justj.openjdk.hotspot.jre.full.win32.x86_64_21.0.7.v20250502-0916\jre\bin\net.dll
Event: 0.093 Loaded shared library C:\Users\user\.p2\pool\plugins\org.eclipse.justj.openjdk.hotspot.jre.full.win32.x86_64_21.0.7.v20250502-0916\jre\bin\nio.dll
Event: 0.096 Loaded shared library C:\Users\user\.p2\pool\plugins\org.eclipse.justj.openjdk.hotspot.jre.full.win32.x86_64_21.0.7.v20250502-0916\jre\bin\zip.dll
Event: 0.200 Loaded shared library C:\Users\user\.p2\pool\plugins\org.eclipse.justj.openjdk.hotspot.jre.full.win32.x86_64_21.0.7.v20250502-0916\jre\bin\jimage.dll
Event: 1.343 Loaded shared library C:\Users\user\.p2\pool\plugins\org.eclipse.justj.openjdk.hotspot.jre.full.win32.x86_64_21.0.7.v20250502-0916\jre\bin\extnet.dll

Deoptimization events (20 events):
Event: 2.503 Thread 0x00000171dea17690 DEOPT PACKING pc=0x00000171e46cab43 sp=0x0000005c1d7fde20
Event: 2.503 Thread 0x00000171dea17690 DEOPT UNPACKING pc=0x00000171ebc24e42 sp=0x0000005c1d7fd298 mode 0
Event: 4.634 Thread 0x00000171dea17690 DEOPT PACKING pc=0x00000171e46d2ef9 sp=0x0000005c1d7fdb10
Event: 4.635 Thread 0x00000171dea17690 DEOPT UNPACKING pc=0x00000171ebc24e42 sp=0x0000005c1d7fcf80 mode 0
Event: 8.821 Thread 0x00000171dea17690 Uncommon trap: trap_request=0xffffffde fr.pc=0x00000171ec1ccb5c relative=0x000000000000013c
Event: 8.821 Thread 0x00000171dea17690 Uncommon trap: reason=class_check action=maybe_recompile pc=0x00000171ec1ccb5c method=jdk.internal.misc.Unsafe.allocateUninitializedArray(Ljava/lang/Class;I)Ljava/lang/Object; @ 51 c2
Event: 8.821 Thread 0x00000171dea17690 DEOPT PACKING pc=0x00000171ec1ccb5c sp=0x0000005c1d7fd4b0
Event: 8.821 Thread 0x00000171dea17690 DEOPT UNPACKING pc=0x00000171ebc246a2 sp=0x0000005c1d7fd428 mode 2
Event: 8.821 Thread 0x00000171dea17690 Uncommon trap: trap_request=0xffffffde fr.pc=0x00000171ec1ccb5c relative=0x000000000000013c
Event: 8.821 Thread 0x00000171dea17690 Uncommon trap: reason=class_check action=maybe_recompile pc=0x00000171ec1ccb5c method=jdk.internal.misc.Unsafe.allocateUninitializedArray(Ljava/lang/Class;I)Ljava/lang/Object; @ 51 c2
Event: 8.821 Thread 0x00000171dea17690 DEOPT PACKING pc=0x00000171ec1ccb5c sp=0x0000005c1d7fd440
Event: 8.821 Thread 0x00000171dea17690 DEOPT UNPACKING pc=0x00000171ebc246a2 sp=0x0000005c1d7fd3b8 mode 2
Event: 8.821 Thread 0x00000171dea17690 Uncommon trap: trap_request=0xffffffde fr.pc=0x00000171ec1ccb5c relative=0x000000000000013c
Event: 8.821 Thread 0x00000171dea17690 Uncommon trap: reason=class_check action=maybe_recompile pc=0x00000171ec1ccb5c method=jdk.internal.misc.Unsafe.allocateUninitializedArray(Ljava/lang/Class;I)Ljava/lang/Object; @ 51 c2
Event: 8.821 Thread 0x00000171dea17690 DEOPT PACKING pc=0x00000171ec1ccb5c sp=0x0000005c1d7fd400
Event: 8.821 Thread 0x00000171dea17690 DEOPT UNPACKING pc=0x00000171ebc246a2 sp=0x0000005c1d7fd378 mode 2
Event: 8.821 Thread 0x00000171dea17690 Uncommon trap: trap_request=0xffffffde fr.pc=0x00000171ec1ccb5c relative=0x000000000000013c
Event: 8.821 Thread 0x00000171dea17690 Uncommon trap: reason=class_check action=maybe_recompile pc=0x00000171ec1ccb5c method=jdk.internal.misc.Unsafe.allocateUninitializedArray(Ljava/lang/Class;I)Ljava/lang/Object; @ 51 c2
Event: 8.821 Thread 0x00000171dea17690 DEOPT PACKING pc=0x00000171ec1ccb5c sp=0x0000005c1d7fd160
Event: 8.821 Thread 0x00000171dea17690 DEOPT UNPACKING pc=0x00000171ebc246a2 sp=0x0000005c1d7fd0d8 mode 2

Classes loaded (20 events):
Event: 8.860 Loading class java/util/stream/Nodes$ConcNode
Event: 8.861 Loading class java/util/stream/Nodes$AbstractConcNode
Event: 8.861 Loading class java/util/stream/Nodes$AbstractConcNode done
Event: 8.861 Loading class java/util/stream/Nodes$ConcNode done
Event: 8.865 Loading class java/util/IdentityHashMap$ValueSpliterator
Event: 8.865 Loading class java/util/IdentityHashMap$IdentityHashMapSpliterator
Event: 8.865 Loading class java/util/IdentityHashMap$IdentityHashMapSpliterator done
Event: 8.865 Loading class java/util/IdentityHashMap$ValueSpliterator done
Event: 8.865 Loading class java/util/stream/ReduceOps$2
Event: 8.865 Loading class java/util/stream/ReduceOps$2 done
Event: 8.865 Loading class java/util/stream/ReduceOps$2ReducingSink
Event: 8.865 Loading class java/util/stream/ReduceOps$2ReducingSink done
Event: 8.875 Loading class java/util/stream/Nodes$ToArrayTask$OfRef
Event: 8.875 Loading class java/util/stream/Nodes$ToArrayTask
Event: 8.875 Loading class java/util/stream/Nodes$ToArrayTask done
Event: 8.875 Loading class java/util/stream/Nodes$ToArrayTask$OfRef done
Event: 8.885 Loading class java/util/concurrent/ConcurrentLinkedDeque
Event: 8.885 Loading class java/util/concurrent/ConcurrentLinkedDeque done
Event: 8.885 Loading class java/util/concurrent/ConcurrentLinkedDeque$Node
Event: 8.885 Loading class java/util/concurrent/ConcurrentLinkedDeque$Node done

Classes unloaded (0 events):
No events

Classes redefined (0 events):
No events

Internal exceptions (20 events):
Event: 4.639 Thread 0x00000171dea17690 Exception <a 'java/lang/NoSuchMethodError'{0x00000000892842c0}: 'void java.lang.invoke.DirectMethodHandle$Holder.invokeStatic(java.lang.Object, java.lang.Object, java.lang.Object, java.lang.Object)'> (0x00000000892842c0) 
thrown [s\src\hotspot\share\interpreter\linkResolver.cpp, line 773]
Event: 4.651 Thread 0x00000171dea17690 Exception <a 'java/lang/NoSuchMethodError'{0x00000000892d0a10}: 'int java.lang.invoke.DirectMethodHandle$Holder.invokeVirtual(java.lang.Object, java.lang.Object)'> (0x00000000892d0a10) 
thrown [s\src\hotspot\share\interpreter\linkResolver.cpp, line 773]
Event: 4.652 Thread 0x00000171dea17690 Exception <a 'java/lang/NoSuchMethodError'{0x00000000892d9e00}: 'java.lang.Object java.lang.invoke.Invokers$Holder.invokeExact_MT(java.lang.Object, java.lang.Object, java.lang.Object, java.lang.Object, java.lang.Object, java.lang.Object)'> (0x00000000892d9e00) 
thrown [s\src\hotspot\share\interpreter\linkResolver.cpp, line 773]
Event: 4.668 Thread 0x00000171dea17690 Exception <a 'java/lang/NoSuchMethodError'{0x00000000891662e8}: 'java.lang.Object java.lang.invoke.DirectMethodHandle$Holder.invokeSpecial(java.lang.Object, java.lang.Object, java.lang.Object, int, java.lang.Object)'> (0x00000000891662e8) 
thrown [s\src\hotspot\share\interpreter\linkResolver.cpp, line 773]
Event: 4.671 Thread 0x00000171dea17690 Exception <a 'java/lang/NoSuchMethodError'{0x000000008917a650}: 'int java.lang.invoke.DirectMethodHandle$Holder.invokeStaticInit(java.lang.Object, java.lang.Object, java.lang.Object)'> (0x000000008917a650) 
thrown [s\src\hotspot\share\interpreter\linkResolver.cpp, line 773]
Event: 6.715 Thread 0x00000171dea17690 Exception <a 'java/lang/NoSuchMethodError'{0x00000000890b5870}: 'java.lang.Object java.lang.invoke.DirectMethodHandle$Holder.invokeInterface(java.lang.Object, java.lang.Object)'> (0x00000000890b5870) 
thrown [s\src\hotspot\share\interpreter\linkResolver.cpp, line 773]
Event: 6.715 Thread 0x00000171dea17690 Exception <a 'java/lang/IncompatibleClassChangeError'{0x00000000890b8da8}: Found class java.lang.Object, but interface was expected> (0x00000000890b8da8) 
thrown [s\src\hotspot\share\interpreter\linkResolver.cpp, line 840]
Event: 7.748 Thread 0x00000171dea17690 Exception <a 'java/lang/NoSuchMethodError'{0x00000000890dd488}: 'java.lang.Object java.lang.invoke.DirectMethodHandle$Holder.newInvokeSpecial(java.lang.Object, java.lang.Object, java.lang.Object, java.lang.Object, java.lang.Object, java.lang.Object, java.lang.Object, java.lang.Object, java.lang.Object)'> (0x00000000890dd488) 
thrown [s\src\hotspot\share\interpreter\linkResolver.cpp, line 773]
Event: 8.786 Thread 0x00000171dea17690 Exception <a 'java/lang/NoSuchMethodError'{0x0000000088f1fce8}: 'java.lang.Object java.lang.invoke.DirectMethodHandle$Holder.newInvokeSpecial(java.lang.Object, java.lang.Object, java.lang.Object, java.lang.Object, java.lang.Object, java.lang.Object, java.lang.Object)'> (0x0000000088f1fce8) 
thrown [s\src\hotspot\share\interpreter\linkResolver.cpp, line 773]
Event: 8.794 Thread 0x00000171dea17690 Exception <a 'java/lang/NoSuchMethodError'{0x0000000088f55008}: 'java.lang.Object java.lang.invoke.DirectMethodHandle$Holder.invokeStatic(java.lang.Object, int, java.lang.Object, java.lang.Object)'> (0x0000000088f55008) 
thrown [s\src\hotspot\share\interpreter\linkResolver.cpp, line 773]
Event: 8.794 Thread 0x00000171dea17690 Exception <a 'java/lang/NoSuchMethodError'{0x0000000088f5b9e8}: 'java.lang.Object java.lang.invoke.DirectMethodHandle$Holder.newInvokeSpecial(java.lang.Object, int, java.lang.Object)'> (0x0000000088f5b9e8) 
thrown [s\src\hotspot\share\interpreter\linkResolver.cpp, line 773]
Event: 8.804 Thread 0x00000171dea17690 Exception <a 'java/lang/NoSuchMethodError'{0x0000000088f87020}: 'java.lang.Object java.lang.invoke.DirectMethodHandle$Holder.newInvokeSpecial(java.lang.Object, java.lang.Object, java.lang.Object, java.lang.Object, java.lang.Object)'> (0x0000000088f87020) 
thrown [s\src\hotspot\share\interpreter\linkResolver.cpp, line 773]
Event: 8.823 Thread 0x00000171dea17690 Exception <a 'java/lang/IncompatibleClassChangeError'{0x0000000088e4a238}: Found class java.lang.Object, but interface was expected> (0x0000000088e4a238) 
thrown [s\src\hotspot\share\interpreter\linkResolver.cpp, line 840]
Event: 8.836 Thread 0x00000171dea17690 Exception <a 'java/lang/NoSuchMethodError'{0x0000000088ec0e90}: 'java.lang.Object java.lang.invoke.Invokers$Holder.linkToTargetMethod(java.lang.Object, long, java.lang.Object)'> (0x0000000088ec0e90) 
thrown [s\src\hotspot\share\interpreter\linkResolver.cpp, line 773]
Event: 8.836 Thread 0x00000171dea17690 Exception <a 'java/lang/NoSuchMethodError'{0x0000000088ecb858}: 'java.lang.Object java.lang.invoke.DirectMethodHandle$Holder.newInvokeSpecial(java.lang.Object, java.lang.Object, int, java.lang.Object, java.lang.Object)'> (0x0000000088ecb858) 
thrown [s\src\hotspot\share\interpreter\linkResolver.cpp, line 773]
Event: 8.863 Thread 0x00000171dea17690 Exception <a 'java/lang/NoSuchMethodError'{0x0000000088da1928}: 'java.lang.Object java.lang.invoke.DirectMethodHandle$Holder.invokeStatic(java.lang.Object, java.lang.Object, java.lang.Object, int, java.lang.Object, java.lang.Object)'> (0x0000000088da1928) 
thrown [s\src\hotspot\share\interpreter\linkResolver.cpp, line 773]
Event: 8.863 Thread 0x00000171dea17690 Exception <a 'java/lang/NoSuchMethodError'{0x0000000088da9250}: 'java.lang.Object java.lang.invoke.DirectMethodHandle$Holder.newInvokeSpecial(java.lang.Object, java.lang.Object, java.lang.Object, int, java.lang.Object)'> (0x0000000088da9250) 
thrown [s\src\hotspot\share\interpreter\linkResolver.cpp, line 773]
Event: 8.863 Thread 0x00000171dea17690 Exception <a 'java/lang/NoSuchMethodError'{0x0000000088db0818}: 'java.lang.Object java.lang.invoke.Invokers$Holder.linkToTargetMethod(java.lang.Object, java.lang.Object, int, java.lang.Object, java.lang.Object)'> (0x0000000088db0818) 
thrown [s\src\hotspot\share\interpreter\linkResolver.cpp, line 773]
Event: 8.870 Thread 0x00000171dea17690 Exception <a 'java/lang/NoSuchMethodError'{0x0000000088de5238}: 'int java.lang.invoke.DirectMethodHandle$Holder.invokeInterface(java.lang.Object, java.lang.Object)'> (0x0000000088de5238) 
thrown [s\src\hotspot\share\interpreter\linkResolver.cpp, line 773]
Event: 8.874 Thread 0x00000171dea17690 Exception <a 'java/lang/NoSuchMethodError'{0x0000000088c11c78}: 'int java.lang.invoke.DirectMethodHandle$Holder.invokeSpecial(java.lang.Object, java.lang.Object, java.lang.Object, java.lang.Object)'> (0x0000000088c11c78) 
thrown [s\src\hotspot\share\interpreter\linkResolver.cpp, line 773]

ZGC Phase Switch (0 events):
No events

VM Operations (20 events):
Event: 2.439 Executing VM operation: HandshakeAllThreads (Deoptimize)
Event: 2.439 Executing VM operation: HandshakeAllThreads (Deoptimize) done
Event: 2.496 Executing VM operation: HandshakeAllThreads (Deoptimize)
Event: 2.496 Executing VM operation: HandshakeAllThreads (Deoptimize) done
Event: 3.499 Executing VM operation: Cleanup
Event: 3.531 Executing VM operation: Cleanup done
Event: 4.537 Executing VM operation: Cleanup
Event: 4.599 Executing VM operation: Cleanup done
Event: 5.602 Executing VM operation: Cleanup
Event: 5.602 Executing VM operation: Cleanup done
Event: 7.606 Executing VM operation: Cleanup
Event: 7.747 Executing VM operation: Cleanup done
Event: 8.750 Executing VM operation: Cleanup
Event: 8.781 Executing VM operation: Cleanup done
Event: 8.856 Executing VM operation: HandshakeAllThreads (Deoptimize)
Event: 8.856 Executing VM operation: HandshakeAllThreads (Deoptimize) done
Event: 8.865 Executing VM operation: HandshakeAllThreads (Deoptimize)
Event: 8.865 Executing VM operation: HandshakeAllThreads (Deoptimize) done
Event: 9.865 Executing VM operation: Cleanup
Event: 9.866 Executing VM operation: Cleanup done

Memory protections (0 events):
No events

Nmethod flushes (0 events):
No events

Events (16 events):
Event: 0.024 Thread 0x00000171dea17690 Thread added: 0x00000171dea17690
Event: 0.037 Thread 0x00000171dea17690 Thread added: 0x00000171f8ba3060
Event: 0.037 Thread 0x00000171dea17690 Thread added: 0x00000171f8ba5bc0
Event: 0.037 Thread 0x00000171dea17690 Thread added: 0x00000171f8baba10
Event: 0.037 Thread 0x00000171dea17690 Thread added: 0x00000171f8bac460
Event: 0.037 Thread 0x00000171dea17690 Thread added: 0x00000171f8badbd0
Event: 0.038 Thread 0x00000171dea17690 Thread added: 0x00000171f8bb1480
Event: 0.038 Thread 0x00000171dea17690 Thread added: 0x00000171f8bb2460
Event: 0.038 Thread 0x00000171dea17690 Thread added: 0x00000171f8bc8e50
Event: 0.086 Thread 0x00000171dea17690 Thread added: 0x00000171f8d038f0
Event: 0.088 Thread 0x00000171dea17690 Thread added: 0x00000171f8d39950
Event: 0.180 Thread 0x00000171f8bc8e50 Thread added: 0x00000171f8de2430
Event: 1.296 Thread 0x00000171f8de2430 Thread exited: 0x00000171f8de2430
Event: 1.350 Thread 0x00000171dea17690 Thread added: 0x00000171fd28dff0
Event: 8.870 Thread 0x00000171dea17690 Thread added: 0x00000171fd426fe0
Event: 8.874 Thread 0x00000171dea17690 Thread added: 0x00000171fd427640


Dynamic libraries:
0x00007ff68ca90000 - 0x00007ff68ca9e000 	C:\Users\user\.p2\pool\plugins\org.eclipse.justj.openjdk.hotspot.jre.full.win32.x86_64_21.0.7.v20250502-0916\jre\bin\javaw.exe
0x00007ff8f12c0000 - 0x00007ff8f1528000 	C:\WINDOWS\SYSTEM32\ntdll.dll
0x00007ff8cd400000 - 0x00007ff8cd420000 	C:\Program Files\Norton\Suite\aswhook.dll
0x00007ff8ef1e0000 - 0x00007ff8ef2a9000 	C:\WINDOWS\System32\KERNEL32.DLL
0x00007ff8ee4a0000 - 0x00007ff8ee898000 	C:\WINDOWS\System32\KERNELBASE.dll
0x00007ff8eeb40000 - 0x00007ff8eec8b000 	C:\WINDOWS\System32\ucrtbase.dll
0x00007ff8dabf0000 - 0x00007ff8dac08000 	C:\Users\user\.p2\pool\plugins\org.eclipse.justj.openjdk.hotspot.jre.full.win32.x86_64_21.0.7.v20250502-0916\jre\bin\jli.dll
0x00007ff8d9390000 - 0x00007ff8d93ae000 	C:\Users\user\.p2\pool\plugins\org.eclipse.justj.openjdk.hotspot.jre.full.win32.x86_64_21.0.7.v20250502-0916\jre\bin\VCRUNTIME140.dll
0x00007ff8f0810000 - 0x00007ff8f09d7000 	C:\WINDOWS\System32\USER32.dll
0x00007ff8eeec0000 - 0x00007ff8eeee7000 	C:\WINDOWS\System32\win32u.dll
0x00007ff8c8fd0000 - 0x00007ff8c9264000 	C:\WINDOWS\WinSxS\amd64_microsoft.windows.common-controls_6595b64144ccf1df_6.0.26100.7019_none_3e06ffa0e335b8a8\COMCTL32.dll
0x00007ff8f0a90000 - 0x00007ff8f0abb000 	C:\WINDOWS\System32\GDI32.dll
0x00007ff8f09e0000 - 0x00007ff8f0a89000 	C:\WINDOWS\System32\msvcrt.dll
0x00007ff8ee8a0000 - 0x00007ff8ee9cc000 	C:\WINDOWS\System32\gdi32full.dll
0x00007ff8eefb0000 - 0x00007ff8ef053000 	C:\WINDOWS\System32\msvcp_win.dll
0x00007ff8ef3d0000 - 0x00007ff8ef401000 	C:\WINDOWS\System32\IMM32.DLL
0x00007ff8dd7b0000 - 0x00007ff8dd7bc000 	C:\Users\user\.p2\pool\plugins\org.eclipse.justj.openjdk.hotspot.jre.full.win32.x86_64_21.0.7.v20250502-0916\jre\bin\vcruntime140_1.dll
0x00007ff8afd30000 - 0x00007ff8afdbd000 	C:\Users\user\.p2\pool\plugins\org.eclipse.justj.openjdk.hotspot.jre.full.win32.x86_64_21.0.7.v20250502-0916\jre\bin\msvcp140.dll
0x00007ff831930000 - 0x00007ff8326c0000 	C:\Users\user\.p2\pool\plugins\org.eclipse.justj.openjdk.hotspot.jre.full.win32.x86_64_21.0.7.v20250502-0916\jre\bin\server\jvm.dll
0x00007ff8f0250000 - 0x00007ff8f0304000 	C:\WINDOWS\System32\ADVAPI32.dll
0x00007ff8f0d20000 - 0x00007ff8f0dc6000 	C:\WINDOWS\System32\sechost.dll
0x00007ff8ef2b0000 - 0x00007ff8ef3c8000 	C:\WINDOWS\System32\RPCRT4.dll
0x00007ff8ef7e0000 - 0x00007ff8ef854000 	C:\WINDOWS\System32\WS2_32.dll
0x00007ff8ee290000 - 0x00007ff8ee2ee000 	C:\WINDOWS\SYSTEM32\POWRPROF.dll
0x00007ff8c97c0000 - 0x00007ff8c97f5000 	C:\WINDOWS\SYSTEM32\WINMM.dll
0x00007ff8e2730000 - 0x00007ff8e273b000 	C:\WINDOWS\SYSTEM32\VERSION.dll
0x00007ff8ee270000 - 0x00007ff8ee284000 	C:\WINDOWS\SYSTEM32\UMPDC.dll
0x00007ff8ed1d0000 - 0x00007ff8ed1eb000 	C:\WINDOWS\SYSTEM32\kernel.appcore.dll
0x00007ff8eaca0000 - 0x00007ff8eacaa000 	C:\Users\user\.p2\pool\plugins\org.eclipse.justj.openjdk.hotspot.jre.full.win32.x86_64_21.0.7.v20250502-0916\jre\bin\jimage.dll
0x00007ff8ebdf0000 - 0x00007ff8ec032000 	C:\WINDOWS\SYSTEM32\DBGHELP.DLL
0x00007ff8f0310000 - 0x00007ff8f069b000 	C:\WINDOWS\System32\combase.dll
0x00007ff8effd0000 - 0x00007ff8f00a7000 	C:\WINDOWS\System32\OLEAUT32.dll
0x00007ff8de370000 - 0x00007ff8de3ac000 	C:\WINDOWS\SYSTEM32\dbgcore.DLL
0x00007ff8eec90000 - 0x00007ff8eed35000 	C:\WINDOWS\System32\bcryptPrimitives.dll
0x00007ff8e7320000 - 0x00007ff8e733f000 	C:\Users\user\.p2\pool\plugins\org.eclipse.justj.openjdk.hotspot.jre.full.win32.x86_64_21.0.7.v20250502-0916\jre\bin\java.dll
0x00007ff8ef870000 - 0x00007ff8effbf000 	C:\WINDOWS\System32\SHELL32.dll
0x00007ff8ee9d0000 - 0x00007ff8eeb3b000 	C:\WINDOWS\System32\wintypes.dll
0x00007ff8ec070000 - 0x00007ff8ec8cd000 	C:\WINDOWS\SYSTEM32\windows.storage.dll
0x00007ff8ef0e0000 - 0x00007ff8ef1d2000 	C:\WINDOWS\System32\SHCORE.dll
0x00007ff8ef060000 - 0x00007ff8ef0c7000 	C:\WINDOWS\System32\shlwapi.dll
0x00007ff8ee330000 - 0x00007ff8ee359000 	C:\WINDOWS\SYSTEM32\profapi.dll
0x00007ff8e62c0000 - 0x00007ff8e62d8000 	C:\Users\user\.p2\pool\plugins\org.eclipse.justj.openjdk.hotspot.jre.full.win32.x86_64_21.0.7.v20250502-0916\jre\bin\zip.dll
0x00007ff8eac90000 - 0x00007ff8eaca0000 	C:\Users\user\.p2\pool\plugins\org.eclipse.justj.openjdk.hotspot.jre.full.win32.x86_64_21.0.7.v20250502-0916\jre\bin\net.dll
0x00007ff8e6c40000 - 0x00007ff8e6d68000 	C:\WINDOWS\SYSTEM32\WINHTTP.dll
0x00007ff8ed740000 - 0x00007ff8ed7ab000 	C:\WINDOWS\system32\mswsock.dll
0x00007ff8e49e0000 - 0x00007ff8e49f6000 	C:\Users\user\.p2\pool\plugins\org.eclipse.justj.openjdk.hotspot.jre.full.win32.x86_64_21.0.7.v20250502-0916\jre\bin\nio.dll
0x00007ff8ecc70000 - 0x00007ff8ecd9c000 	C:\WINDOWS\SYSTEM32\DNSAPI.dll
0x00007ff8ecbe0000 - 0x00007ff8ecc14000 	C:\WINDOWS\SYSTEM32\IPHLPAPI.DLL
0x00007ff8ef0d0000 - 0x00007ff8ef0da000 	C:\WINDOWS\System32\NSI.dll
0x00007ff8de200000 - 0x00007ff8de20b000 	C:\Windows\System32\rasadhlp.dll
0x00007ff8e4500000 - 0x00007ff8e4586000 	C:\WINDOWS\System32\fwpuclnt.dll
0x00007ff8d67e0000 - 0x00007ff8d67e9000 	C:\Users\user\.p2\pool\plugins\org.eclipse.justj.openjdk.hotspot.jre.full.win32.x86_64_21.0.7.v20250502-0916\jre\bin\extnet.dll
0x00007ff8eda00000 - 0x00007ff8eda1b000 	C:\WINDOWS\SYSTEM32\CRYPTSP.dll
0x00007ff8ed130000 - 0x00007ff8ed16a000 	C:\WINDOWS\system32\rsaenh.dll
0x00007ff8ed7f0000 - 0x00007ff8ed81b000 	C:\WINDOWS\SYSTEM32\USERENV.dll
0x00007ff8ee300000 - 0x00007ff8ee32a000 	C:\WINDOWS\SYSTEM32\bcrypt.dll
0x00007ff8eda20000 - 0x00007ff8eda2c000 	C:\WINDOWS\SYSTEM32\CRYPTBASE.dll

dbghelp: loaded successfully - version: 4.0.5 - missing functions: none
symbol engine: initialized successfully - sym options: 0x614 - pdb path: .;C:\Users\user\.p2\pool\plugins\org.eclipse.justj.openjdk.hotspot.jre.full.win32.x86_64_21.0.7.v20250502-0916\jre\bin;C:\WINDOWS\SYSTEM32;C:\Program Files\Norton\Suite;C:\WINDOWS\WinSxS\amd64_microsoft.windows.common-controls_6595b64144ccf1df_6.0.26100.7019_none_3e06ffa0e335b8a8;C:\Users\user\.p2\pool\plugins\org.eclipse.justj.openjdk.hotspot.jre.full.win32.x86_64_21.0.7.v20250502-0916\jre\bin\server

VM Arguments:
jvm_args: -ea -Dfile.encoding=UTF-8 -Dstdout.encoding=UTF-8 -Dstderr.encoding=UTF-8 -XX:+ShowCodeDetailsInExceptionMessages 
java_command: org.testng.remote.RemoteTestNG -serport 64945 -protocol json -d E:\1 Testing class\test_example_1\ProjectJhonLewis\test-output C:\Users\user\AppData\Local\Temp\testng-eclipse-1798347990\testng-customsuite.xml
java_class_path (initial): C:\Users\user\eclipse\jee-2025-06\eclipse\configuration\org.eclipse.osgi\1008\0\.cp\lib\testng-remote.jar;E:\1 Testing class\test_example_1\ProjectJhonLewis\target\test-classes;E:\1 Testing class\test_example_1\ProjectJhonLewis\target\classes;C:\Users\user\.p2\pool\plugins\org.testng_7.11.0.r202503091654.jar;C:\Users\user\.p2\pool\plugins\com.beust.jcommander_1.83.0.jar;C:\Users\user\.p2\pool\plugins\slf4j.api_2.0.17.jar;C:\Users\user\.p2\pool\plugins\org.yaml.snakeyaml_2.2.0.jar;C:\Users\user\.p2\pool\plugins\org.webjars.jquery_3.7.1.jar;C:\Users\user\.m2\repository\org\seleniumhq\selenium\selenium-java\4.35.0\selenium-java-4.35.0.jar;C:\Users\user\.m2\repository\org\seleniumhq\selenium\selenium-api\4.35.0\selenium-api-4.35.0.jar;C:\Users\user\.m2\repository\org\jspecify\jspecify\1.0.0\jspecify-1.0.0.jar;C:\Users\user\.m2\repository\org\seleniumhq\selenium\selenium-chrome-driver\4.35.0\selenium-chrome-driver-4.35.0.jar;C:\Users\user\.m2\repository\com\google\auto\service\auto-service-annotations\1.1.1\auto-service-annotations-1.1.1.jar;C:\Users\user\.m2\repository\org\seleniumhq\selenium\selenium-chromium-driver\4.35.0\selenium-chromium-driver-4.35.0.jar;C:\Users\user\.m2\repository\org\seleniumhq\selenium\selenium-json\4.35.0\selenium-json-4.35.0.jar;C:\Users\user\.m2\repository\org\seleniumhq\selenium\selenium-manager\4.35.0\selenium-manager-4.35.0.jar;C:\Users\user\.m2\repository\org\seleniumhq\selenium\selenium-devtools-v137\4.35.0\selenium-devtools-v137-4.35.0.jar;C:\Users\user\.m2\repository\org\seleniumhq\selenium\selenium-devtools-v138\4.35.0\selenium-devtools-v138-4.35.0.jar;C:\Users\user\.m2\repository\org\seleniumhq\selenium\selenium-devtools-v139\4.35.0\selenium-devtools-v139-4.35.0.jar;C:\Users\user\.m2\repository\org\seleniumhq\selenium\selenium-edge-driver\4.35.0\selenium-edge-driver-4.35.0.jar;C:\Users\user\.m2\repository\org\seleniumhq\selenium\selenium-firefox-driver\4.35.0\selenium-firefox-driver-4.35.0.jar;C:\Users\user\.m2\repository\org\seleniumhq\selenium\selenium-http\4.35.0\selenium-http-4.35.0.jar;C:\Users\user\.m2\repository\org\seleniumhq\selenium\selenium-ie-driver\4.35.0\selenium-ie-driver-4.35.0.jar;C:\Users\user\.m2\repository\org\seleniumhq\selenium\selenium-remote-driver\4.35.0\selenium-remote-driver-4.35.0.jar;C:\Users\user\.m2\repository\com\google\guava\guava\33.4.8-jre\guava-33.4.8-jre.jar;C:\Users\user\.m2\repository\com\google\guava\failureaccess\1.0.3\failureaccess-1.0.3.jar;C:\Users\user\.m2\repository\com\google\guava\listenablefuture\9999.0-empty-to-avoid-conflict-with-guava\listenablefuture-9999.0-empty-to-avoid-conflict-with-guava.jar;C:\Users\user\.m2\repository\com\google\errorprone\error_prone_annotations\2.36.0\error_prone_annotations-2.36.0.jar;C:\Users\user\.m2\repository\com\google\j2objc\j2objc-annotations\3.0.0\j2objc-annotations-3.0.0.jar;C:\Users\user\.m2\repository\io\opentelemetry\opentelemetry-api\1.53.0\opentelemetry-api-1.53.0.jar;C:\Users\user\.m2\repository\io\opentelemetry\opentelemetry-context\1.53.0\opentelemetry-context-1.53.0.jar;C:\Users\user\.m2\repository\io\opentelemetry\opentelemetry-common\1.53.0\opentelemetry-common-1.53.0.jar;C:\Users\user\.m2\repository\io\opentelemetry\opentelemetry-exporter-logging\1.53.0\opentelemetry-exporter-logging-1.53.0.jar;C:\Users\user\.m2\repository\io\opentelemetry\opentelemetry-sdk-common\1.53.0\opentelemetry-sdk-common-1.53.0.jar;C:\Users\user\.m2\repository\io\opentelemetry\opentelemetry-sdk-extension-autoconfigure-spi\1.53.0\opentelemetry-sdk-extension-autoconfigure-spi-1.53.0.jar;C:\Users\user\.m2\repository\io\opentelemetry\opentelemetry-sdk-extension-autoconfigure\1.53.0\opentelemetry-sdk-extension-autoconfigure-1.53.0.jar;C:\Users\user\.m2\repository\io\opentelemetry\opentelemetry-sdk-trace\1.53.0\opentelemetry-sdk-trace-1.53.0.jar;C:\Users\user\.m2\repository\io\opentelemetry\opentelemetry-sdk\1.53.0\opentelemetry-sdk-1.53.0.jar;C:\Users\user\.m2\repository\io\opentelemetry\opentelemetry-sdk-metrics\1.53.0\opentelemetry-sdk-metrics-1.53.0.jar;C:\Users\user\.m2\repository\io\opentelemetry\opentelemetry-sdk-logs\1.53.0\opentelemetry-sdk-logs-1.53.0.jar;C:\Users\user\.m2\repository\net\bytebuddy\byte-buddy\1.17.6\byte-buddy-1.17.6.jar;C:\Users\user\.m2\repository\org\seleniumhq\selenium\selenium-os\4.35.0\selenium-os-4.35.0.jar;C:\Users\user\.m2\repository\org\apache\commons\commons-exec\1.5.0\commons-exec-1.5.0.jar;C:\Users\user\.m2\repository\org\seleniumhq\selenium\selenium-safari-driver\4.35.0\selenium-safari-driver-4.35.0.jar;C:\Users\user\.m2\repository\org\seleniumhq\selenium\selenium-support\4.35.0\selenium-support-4.35.0.jar;C:\Users\user\.m2\repository\org\testng\testng\7.11.0\testng-7.11.0.jar;C:\Users\user\.m2\repository\org\slf4j\slf4j-api\2.0.16\slf4j-api-2.0.16.jar;C:\Users\user\.m2\repository\org\jcommander\jcommander\1.83\jcommander-1.83.jar;C:\Users\user\.m2\repository\org\webjars\jquery\3.7.1\jquery-3.7.1.jar
Launcher Type: SUN_STANDARD

[Global flags]
     intx CICompilerCount                          = 4                                         {product} {ergonomic}
     uint ConcGCThreads                            = 2                                         {product} {ergonomic}
     uint G1ConcRefinementThreads                  = 8                                         {product} {ergonomic}
   size_t G1HeapRegionSize                         = 1048576                                   {product} {ergonomic}
    uintx GCDrainStackTargetSize                   = 64                                        {product} {ergonomic}
   size_t InitialHeapSize                          = 134217728                                 {product} {ergonomic}
   size_t MarkStackSize                            = 4194304                                   {product} {ergonomic}
   size_t MaxHeapSize                              = 2116026368                                {product} {ergonomic}
   size_t MaxNewSize                               = 1268776960                                {product} {ergonomic}
   size_t MinHeapDeltaBytes                        = 1048576                                   {product} {ergonomic}
   size_t MinHeapSize                              = 8388608                                   {product} {ergonomic}
    uintx NonNMethodCodeHeapSize                   = 5839372                                {pd product} {ergonomic}
    uintx NonProfiledCodeHeapSize                  = 122909434                              {pd product} {ergonomic}
    uintx ProfiledCodeHeapSize                     = 122909434                              {pd product} {ergonomic}
    uintx ReservedCodeCacheSize                    = 251658240                              {pd product} {ergonomic}
     bool SegmentedCodeCache                       = true                                      {product} {ergonomic}
     bool ShowCodeDetailsInExceptionMessages       = true                                   {manageable} {command line}
   size_t SoftMaxHeapSize                          = 2116026368                             {manageable} {ergonomic}
     bool UseCompressedOops                        = true                           {product lp64_product} {ergonomic}
     bool UseG1GC                                  = true                                      {product} {ergonomic}
     bool UseLargePagesIndividualAllocation        = false                                  {pd product} {ergonomic}

Logging:
Log output configuration:
 #0: stdout all=warning uptime,level,tags foldmultilines=false
 #1: stderr all=off uptime,level,tags foldmultilines=false

Environment Variables:
PATH=C:/Users/user/.p2/pool/plugins/org.eclipse.justj.openjdk.hotspot.jre.full.win32.x86_64_21.0.7.v20250502-0916/jre/bin/server;C:/Users/user/.p2/pool/plugins/org.eclipse.justj.openjdk.hotspot.jre.full.win32.x86_64_21.0.7.v20250502-0916/jre/bin;C:\Program Files\Common Files\Oracle\Java\javapath;C:\Windows\system32;C:\Windows;C:\Windows\System32\Wbem;C:\Windows\System32\WindowsPowerShell\v1.0\;C:\Windows\System32\OpenSSH\;C:\Program Files (x86)\NVIDIA Corporation\PhysX\Common;C:\Program Files\NVIDIA Corporation\NVIDIA NvDLISR;C:\WINDOWS\system32;C:\WINDOWS;C:\WINDOWS\System32\Wbem;C:\WINDOWS\System32\WindowsPowerShell\v1.0\;C:\WINDOWS\System32\OpenSSH\;C:\Program Files\dotnet\;C:\Program Files\Git\cmd;C:\Users\user\AppData\Local\Microsoft\WindowsApps;C:\Users\user\AppData\Local\Programs\Microsoft VS Code\bin;C:\Users\user\Desktop;
USERNAME=user
OS=Windows_NT
PROCESSOR_IDENTIFIER=Intel64 Family 6 Model 142 Stepping 12, GenuineIntel
TMP=C:\Users\user\AppData\Local\Temp
TEMP=C:\Users\user\AppData\Local\Temp




Periodic native trim disabled

---------------  S Y S T E M  ---------------

OS:
 Windows 11 , 64 bit Build 26100 (10.0.26100.7019)
OS uptime: 19 days 13:43 hours

CPU: total 8 (initial active 8) (4 cores per cpu, 2 threads per core) family 6 model 142 stepping 12 microcode 0xde, cx8, cmov, fxsr, ht, mmx, 3dnowpref, sse, sse2, sse3, ssse3, sse4.1, sse4.2, popcnt, lzcnt, tsc, tscinvbit, avx, avx2, aes, erms, clmul, bmi1, bmi2, adx, fma, vzeroupper, clflush, clflushopt, rdtscp, f16c
Processor Information for the first 8 processors :
  Max Mhz: 1800, Current Mhz: 1600, Mhz Limit: 1584

Memory: 4k page, system-wide physical 8071M (1220M free)
TotalPageFile size 21572M (AvailPageFile size 3M)
current process WorkingSet (physical memory assigned to process): 80M, peak: 80M
current process commit charge ("private bytes"): 226M, peak: 226M

vm_info: OpenJDK 64-Bit Server VM (21.0.7+6-LTS) for windows-amd64 JRE (21.0.7+6-LTS), built on 2025-04-15T00:00:00Z by "admin" with MS VC++ 17.7 (VS2022)

END.
