#
# There is insufficient memory for the Java Runtime Environment to continue.
# Native memory allocation (malloc) failed to allocate 180240 bytes. Error detail: Chunk::new
# Possible reasons:
#   The system is out of physical RAM or swap space
#   This process is running with CompressedOops enabled, and the Java Heap may be blocking the growth of the native heap
# Possible solutions:
#   Reduce memory load on the system
#   Increase physical memory or swap space
#   Check if swap backing store is full
#   Decrease Java heap size (-Xmx/-Xms)
#   Decrease number of Java threads
#   Decrease Java thread stack sizes (-Xss)
#   Set larger code cache with -XX:ReservedCodeCacheSize=
#   JVM is running with Unscaled Compressed Oops mode in which the Java heap is
#     placed in the first 4GB address space. The Java Heap base address is the
#     maximum limit for the native heap growth. Please use -XX:HeapBaseMinAddress
#     to set the Java Heap base and to place the Java Heap above 4GB virtual address.
# This output file may be truncated or incomplete.
#
#  Out of Memory Error (arena.cpp:168), pid=25636, tid=25540
#
# JRE version: OpenJDK Runtime Environment Temurin-21.0.7+6 (21.0.7+6) (build 21.0.7+6-LTS)
# Java VM: OpenJDK 64-Bit Server VM Temurin-21.0.7+6 (21.0.7+6-LTS, mixed mode, sharing, tiered, compressed oops, compressed class ptrs, g1 gc, windows-amd64)
# No core dump will be written. Minidumps are not enabled by default on client versions of Windows
#

---------------  S U M M A R Y ------------

Command Line: -ea -Dfile.encoding=UTF-8 -Dstdout.encoding=UTF-8 -Dstderr.encoding=UTF-8 -XX:+ShowCodeDetailsInExceptionMessages org.testng.remote.RemoteTestNG -serport 50099 -protocol json -d E:\1 Testing class\test_example_1\ProjectJhonLewis\test-output C:\Users\user\AppData\Local\Temp\testng-eclipse--318582875\testng-customsuite.xml

Host: Intel(R) Core(TM) i5-8265U CPU @ 1.60GHz, 8 cores, 7G,  Windows 11 , 64 bit Build 26100 (10.0.26100.7309)
Time: Tue Jan  6 17:20:34 2026 GMT Standard Time elapsed time: 50.323511 seconds (0d 0h 0m 50s)

---------------  T H R E A D  ---------------

Current thread (0x00000207d7f31b50):  JavaThread "C2 CompilerThread1" daemon [_thread_in_native, id=25540, stack(0x000000f4be200000,0x000000f4be300000) (1024K)]


Current CompileTask:
C2:50324 2750       4       java.util.regex.Pattern$CharProperty::match (71 bytes)

Stack: [0x000000f4be200000,0x000000f4be300000]
Native frames: (J=compiled Java code, j=interpreted, Vv=VM code, C=native code)
V  [jvm.dll+0x6ce119]
V  [jvm.dll+0x8a84a1]
V  [jvm.dll+0x8aa9ce]
V  [jvm.dll+0x8ab0b3]
V  [jvm.dll+0x27f8a6]
V  [jvm.dll+0xc507d]
V  [jvm.dll+0xc55b3]
V  [jvm.dll+0x3b692c]
V  [jvm.dll+0x1dfe33]
V  [jvm.dll+0x247c42]
V  [jvm.dll+0x2470cf]
V  [jvm.dll+0x1c760e]
V  [jvm.dll+0x25695a]
V  [jvm.dll+0x254efa]
V  [jvm.dll+0x3f03f6]
V  [jvm.dll+0x851f6b]
V  [jvm.dll+0x6cc7dd]
C  [ucrtbase.dll+0x37b0]
C  [KERNEL32.DLL+0x2e8d7]
C  [ntdll.dll+0x8c53c]


---------------  P R O C E S S  ---------------

Threads class SMR info:
_java_thread_list=0x00000207d7dbfcc0, length=41, elements={
0x00000207f78e6d10, 0x0000020791ae4dc0, 0x0000020791ae6730, 0x0000020791aec940,
0x0000020791aed390, 0x0000020791aef820, 0x0000020791af23b0, 0x0000020791b01090,
0x0000020791b03aa0, 0x0000020791c503b0, 0x0000020791c66bd0, 0x00000207d7752700,
0x00000207d7752d60, 0x00000207d8279080, 0x00000207d8fb7ed0, 0x00000207d8103060,
0x00000207d81036c0, 0x00000207d7c0bec0, 0x00000207d8524420, 0x00000207d8523070,
0x00000207d8523d90, 0x00000207d916c920, 0x00000207d916e360, 0x00000207d916e9f0,
0x00000207d916d640, 0x00000207d916dcd0, 0x00000207d916cfb0, 0x00000207d916f080,
0x00000207d916f710, 0x00000207d916c290, 0x00000207d8523700, 0x00000207d80f36d0,
0x00000207d80f5e30, 0x00000207d80f3d60, 0x00000207d80f43f0, 0x00000207d80f64c0,
0x00000207d80f4a80, 0x00000207d80f57a0, 0x00000207d80f5110, 0x00000207d80f3040,
0x00000207d7f31b50
}

Java Threads: ( => current thread )
  0x00000207f78e6d10 JavaThread "main"                              [_thread_in_vm, id=32696, stack(0x000000f4ba800000,0x000000f4ba900000) (1024K)]
  0x0000020791ae4dc0 JavaThread "Reference Handler"          daemon [_thread_blocked, id=31124, stack(0x000000f4bb000000,0x000000f4bb100000) (1024K)]
  0x0000020791ae6730 JavaThread "Finalizer"                  daemon [_thread_blocked, id=26476, stack(0x000000f4bb100000,0x000000f4bb200000) (1024K)]
  0x0000020791aec940 JavaThread "Signal Dispatcher"          daemon [_thread_blocked, id=19588, stack(0x000000f4bb200000,0x000000f4bb300000) (1024K)]
  0x0000020791aed390 JavaThread "Attach Listener"            daemon [_thread_blocked, id=3464, stack(0x000000f4bb300000,0x000000f4bb400000) (1024K)]
  0x0000020791aef820 JavaThread "Service Thread"             daemon [_thread_blocked, id=26712, stack(0x000000f4bb400000,0x000000f4bb500000) (1024K)]
  0x0000020791af23b0 JavaThread "Monitor Deflation Thread"   daemon [_thread_blocked, id=18284, stack(0x000000f4bb500000,0x000000f4bb600000) (1024K)]
  0x0000020791b01090 JavaThread "C2 CompilerThread0"         daemon [_thread_blocked, id=7832, stack(0x000000f4bb600000,0x000000f4bb700000) (1024K)]
  0x0000020791b03aa0 JavaThread "C1 CompilerThread0"         daemon [_thread_blocked, id=24688, stack(0x000000f4bb700000,0x000000f4bb800000) (1024K)]
  0x0000020791c503b0 JavaThread "Notification Thread"        daemon [_thread_blocked, id=33000, stack(0x000000f4bb800000,0x000000f4bb900000) (1024K)]
  0x0000020791c66bd0 JavaThread "Common-Cleaner"             daemon [_thread_blocked, id=35888, stack(0x000000f4bb900000,0x000000f4bba00000) (1024K)]
  0x00000207d7752700 JavaThread "ForkJoinPool.commonPool-worker-1" daemon [_thread_blocked, id=35572, stack(0x000000f4bbe00000,0x000000f4bbf00000) (1024K)]
  0x00000207d7752d60 JavaThread "ForkJoinPool.commonPool-worker-2" daemon [_thread_blocked, id=34560, stack(0x000000f4bbf00000,0x000000f4bc000000) (1024K)]
  0x00000207d8279080 JavaThread "HttpClient-1-SelectorManager" daemon [_thread_in_native, id=31264, stack(0x000000f4bc700000,0x000000f4bc800000) (1024K)]
  0x00000207d8fb7ed0 JavaThread "External Process Output Forwarder - C:\Users\user\.cache\selenium\chromedriver\win64\143.0.7499.169\chromedriver.exe" daemon [_thread_in_native, id=11488, stack(0x000000f4bc800000,0x000000f4bc900000) (1024K)]
  0x00000207d8103060 JavaThread "Driver Service Executor"    daemon [_thread_blocked, id=28584, stack(0x000000f4bc900000,0x000000f4bca00000) (1024K)]
  0x00000207d81036c0 JavaThread "Driver Service Executor"    daemon [_thread_blocked, id=25632, stack(0x000000f4bca00000,0x000000f4bcb00000) (1024K)]
  0x00000207d7c0bec0 JavaThread "UrlChecker-2"               daemon [_thread_blocked, id=3996, stack(0x000000f4bc500000,0x000000f4bc600000) (1024K)]
  0x00000207d8524420 JavaThread "JdkHttpClient-0-0"          daemon [_thread_blocked, id=2452, stack(0x000000f4bcb00000,0x000000f4bcc00000) (1024K)]
  0x00000207d8523070 JavaThread "CompletableFutureDelayScheduler" daemon [_thread_blocked, id=23624, stack(0x000000f4bcc00000,0x000000f4bcd00000) (1024K)]
  0x00000207d8523d90 JavaThread "JdkHttpClient-0-1"          daemon [_thread_blocked, id=31812, stack(0x000000f4bcd00000,0x000000f4bce00000) (1024K)]
  0x00000207d916c920 JavaThread "JdkHttpClient-0-2"          daemon [_thread_blocked, id=6824, stack(0x000000f4bce00000,0x000000f4bcf00000) (1024K)]
  0x00000207d916e360 JavaThread "JdkHttpClient-0-3"          daemon [_thread_blocked, id=26648, stack(0x000000f4bcf00000,0x000000f4bd000000) (1024K)]
  0x00000207d916e9f0 JavaThread "HttpClient-2-SelectorManager" daemon [_thread_in_native, id=20332, stack(0x000000f4bd000000,0x000000f4bd100000) (1024K)]
  0x00000207d916d640 JavaThread "JdkHttpClient-1-0"          daemon [_thread_blocked, id=25144, stack(0x000000f4bd100000,0x000000f4bd200000) (1024K)]
  0x00000207d916dcd0 JavaThread "JdkHttpClient-1-1"          daemon [_thread_blocked, id=26664, stack(0x000000f4bd200000,0x000000f4bd300000) (1024K)]
  0x00000207d916cfb0 JavaThread "JdkHttpClient-1-2"          daemon [_thread_blocked, id=14320, stack(0x000000f4bd300000,0x000000f4bd400000) (1024K)]
  0x00000207d916f080 JavaThread "JdkHttpClient-1-3"          daemon [_thread_blocked, id=32800, stack(0x000000f4bd400000,0x000000f4bd500000) (1024K)]
  0x00000207d916f710 JavaThread "HttpClient-3-SelectorManager" daemon [_thread_in_native, id=31948, stack(0x000000f4bd600000,0x000000f4bd700000) (1024K)]
  0x00000207d916c290 JavaThread "External Process Output Forwarder - C:\Users\user\.cache\selenium\chromedriver\win64\143.0.7499.169\chromedriver.exe" daemon [_thread_in_native, id=32336, stack(0x000000f4bd700000,0x000000f4bd800000) (1024K)]
  0x00000207d8523700 JavaThread "Driver Service Executor"    daemon [_thread_blocked, id=25368, stack(0x000000f4bd800000,0x000000f4bd900000) (1024K)]
  0x00000207d80f36d0 JavaThread "Driver Service Executor"    daemon [_thread_in_native, id=2408, stack(0x000000f4bd900000,0x000000f4bda00000) (1024K)]
  0x00000207d80f5e30 JavaThread "Keep-Alive-Timer"           daemon [_thread_blocked, id=17336, stack(0x000000f4bda00000,0x000000f4bdb00000) (1024K)]
  0x00000207d80f3d60 JavaThread "JdkHttpClient-2-0"          daemon [_thread_blocked, id=33748, stack(0x000000f4bdb00000,0x000000f4bdc00000) (1024K)]
  0x00000207d80f43f0 JavaThread "JdkHttpClient-2-1"          daemon [_thread_blocked, id=19200, stack(0x000000f4bdc00000,0x000000f4bdd00000) (1024K)]
  0x00000207d80f64c0 JavaThread "JdkHttpClient-2-2"          daemon [_thread_blocked, id=31152, stack(0x000000f4bdd00000,0x000000f4bde00000) (1024K)]
  0x00000207d80f4a80 JavaThread "HttpClient-4-SelectorManager" daemon [_thread_in_native, id=32436, stack(0x000000f4bde00000,0x000000f4bdf00000) (1024K)]
  0x00000207d80f57a0 JavaThread "JdkHttpClient-3-0"          daemon [_thread_blocked, id=27684, stack(0x000000f4bdf00000,0x000000f4be000000) (1024K)]
  0x00000207d80f5110 JavaThread "JdkHttpClient-3-1"          daemon [_thread_blocked, id=7780, stack(0x000000f4be000000,0x000000f4be100000) (1024K)]
  0x00000207d80f3040 JavaThread "JdkHttpClient-3-2"          daemon [_thread_blocked, id=14228, stack(0x000000f4be100000,0x000000f4be200000) (1024K)]
=>0x00000207d7f31b50 JavaThread "C2 CompilerThread1"         daemon [_thread_in_native, id=25540, stack(0x000000f4be200000,0x000000f4be300000) (1024K)]
Total: 41

Other Threads:
  0x0000020791ac8bf0 VMThread "VM Thread"                           [id=17128, stack(0x000000f4baf00000,0x000000f4bb000000) (1024K)]
  0x0000020791ab1770 WatcherThread "VM Periodic Task Thread"        [id=35872, stack(0x000000f4bae00000,0x000000f4baf00000) (1024K)]
  0x00000207f7b8e440 WorkerThread "GC Thread#0"                     [id=8420, stack(0x000000f4ba900000,0x000000f4baa00000) (1024K)]
  0x0000020791d13f90 WorkerThread "GC Thread#1"                     [id=12576, stack(0x000000f4bba00000,0x000000f4bbb00000) (1024K)]
  0x0000020791ea29b0 WorkerThread "GC Thread#2"                     [id=8792, stack(0x000000f4bbb00000,0x000000f4bbc00000) (1024K)]
  0x00000207d77e59f0 WorkerThread "GC Thread#3"                     [id=6756, stack(0x000000f4bc000000,0x000000f4bc100000) (1024K)]
  0x00000207d77c5970 WorkerThread "GC Thread#4"                     [id=15444, stack(0x000000f4bc100000,0x000000f4bc200000) (1024K)]
  0x00000207d77c5d10 WorkerThread "GC Thread#5"                     [id=31816, stack(0x000000f4bc200000,0x000000f4bc300000) (1024K)]
  0x00000207d77c68c0 WorkerThread "GC Thread#6"                     [id=1368, stack(0x000000f4bc300000,0x000000f4bc400000) (1024K)]
  0x00000207d77c6c60 WorkerThread "GC Thread#7"                     [id=22272, stack(0x000000f4bc400000,0x000000f4bc500000) (1024K)]
  0x00000207f7b9ef70 ConcurrentGCThread "G1 Main Marker"            [id=33208, stack(0x000000f4baa00000,0x000000f4bab00000) (1024K)]
  0x00000207f7ba1070 WorkerThread "G1 Conc#0"                       [id=30900, stack(0x000000f4bab00000,0x000000f4bac00000) (1024K)]
  0x000002079196f960 ConcurrentGCThread "G1 Refine#0"               [id=24820, stack(0x000000f4bac00000,0x000000f4bad00000) (1024K)]
  0x0000020791971190 ConcurrentGCThread "G1 Service"                [id=24808, stack(0x000000f4bad00000,0x000000f4bae00000) (1024K)]
Total: 14

Threads with active compile tasks:
C2 CompilerThread0  50373 2822       4       jdk.internal.jimage.ImageLocation::readValue (61 bytes)
C2 CompilerThread1  50373 2750       4       java.util.regex.Pattern$CharProperty::match (71 bytes)
Total: 2

VM state: not at safepoint (normal execution)

VM Mutex/Monitor currently owned by a thread: None

Heap address: 0x0000000081e00000, size: 2018 MB, Compressed Oops mode: 32-bit

CDS archive(s) mapped at: [0x0000020792000000-0x0000020792c80000-0x0000020792c80000), size 13107200, SharedBaseAddress: 0x0000020792000000, ArchiveRelocationMode: 1.
Compressed class space mapped at: 0x0000020793000000-0x00000207d3000000, reserved size: 1073741824
Narrow klass base: 0x0000020792000000, Narrow klass shift: 0, Narrow klass range: 0x100000000

GC Precious Log:
 CardTable entry size: 512
 Card Set container configuration: InlinePtr #cards 5 size 8 Array Of Cards #cards 12 size 40 Howl #buckets 4 coarsen threshold 1843 Howl Bitmap #cards 512 size 80 coarsen threshold 460 Card regions per heap region 1 cards per card region 2048
 CPUs: 8 total, 8 available
 Memory: 8071M
 Large Page Support: Disabled
 NUMA Support: Disabled
 Compressed Oops: Enabled (32-bit)
 Heap Region Size: 1M
 Heap Min Capacity: 8M
 Heap Initial Capacity: 128M
 Heap Max Capacity: 2018M
 Pre-touch: Disabled
 Parallel Workers: 8
 Concurrent Workers: 2
 Concurrent Refinement Workers: 8
 Periodic GC: Disabled

Heap:
 garbage-first heap   total 131072K, used 15457K [0x0000000081e00000, 0x0000000100000000)
  region size 1024K, 11 young (11264K), 4 survivors (4096K)
 Metaspace       used 18474K, committed 19008K, reserved 1114112K
  class space    used 2203K, committed 2432K, reserved 1048576K

Heap Regions: E=young(eden), S=young(survivor), O=old, HS=humongous(starts), HC=humongous(continues), CS=collection set, F=free, TAMS=top-at-mark-start, PB=parsable bottom
|   0|0x0000000081e00000, 0x0000000081f00000, 0x0000000081f00000|100%|HS|  |TAMS 0x0000000081e00000| PB 0x0000000081e00000| Complete 
|   1|0x0000000081f00000, 0x0000000082000000, 0x0000000082000000|100%| O|  |TAMS 0x0000000081f00000| PB 0x0000000081f00000| Untracked 
|   2|0x0000000082000000, 0x0000000082100000, 0x0000000082100000|100%| O|  |TAMS 0x0000000082000000| PB 0x0000000082000000| Untracked 
|   3|0x0000000082100000, 0x0000000082200000, 0x0000000082200000|100%| O|  |TAMS 0x0000000082100000| PB 0x0000000082100000| Untracked 
|   4|0x0000000082200000, 0x0000000082300000, 0x0000000082300000|100%| O|  |TAMS 0x0000000082200000| PB 0x0000000082200000| Untracked 
|   5|0x0000000082300000, 0x000000008234ffc0, 0x0000000082400000| 31%| O|  |TAMS 0x0000000082300000| PB 0x0000000082300000| Untracked 
|   6|0x0000000082400000, 0x0000000082400000, 0x0000000082500000|  0%| F|  |TAMS 0x0000000082400000| PB 0x0000000082400000| Untracked 
|   7|0x0000000082500000, 0x0000000082500000, 0x0000000082600000|  0%| F|  |TAMS 0x0000000082500000| PB 0x0000000082500000| Untracked 
|   8|0x0000000082600000, 0x0000000082600000, 0x0000000082700000|  0%| F|  |TAMS 0x0000000082600000| PB 0x0000000082600000| Untracked 
|   9|0x0000000082700000, 0x0000000082700000, 0x0000000082800000|  0%| F|  |TAMS 0x0000000082700000| PB 0x0000000082700000| Untracked 
|  10|0x0000000082800000, 0x0000000082800000, 0x0000000082900000|  0%| F|  |TAMS 0x0000000082800000| PB 0x0000000082800000| Untracked 
|  11|0x0000000082900000, 0x0000000082900000, 0x0000000082a00000|  0%| F|  |TAMS 0x0000000082900000| PB 0x0000000082900000| Untracked 
|  12|0x0000000082a00000, 0x0000000082a00000, 0x0000000082b00000|  0%| F|  |TAMS 0x0000000082a00000| PB 0x0000000082a00000| Untracked 
|  13|0x0000000082b00000, 0x0000000082b00000, 0x0000000082c00000|  0%| F|  |TAMS 0x0000000082b00000| PB 0x0000000082b00000| Untracked 
|  14|0x0000000082c00000, 0x0000000082c00000, 0x0000000082d00000|  0%| F|  |TAMS 0x0000000082c00000| PB 0x0000000082c00000| Untracked 
|  15|0x0000000082d00000, 0x0000000082d00000, 0x0000000082e00000|  0%| F|  |TAMS 0x0000000082d00000| PB 0x0000000082d00000| Untracked 
|  16|0x0000000082e00000, 0x0000000082e00000, 0x0000000082f00000|  0%| F|  |TAMS 0x0000000082e00000| PB 0x0000000082e00000| Untracked 
|  17|0x0000000082f00000, 0x0000000082f00000, 0x0000000083000000|  0%| F|  |TAMS 0x0000000082f00000| PB 0x0000000082f00000| Untracked 
|  18|0x0000000083000000, 0x0000000083000000, 0x0000000083100000|  0%| F|  |TAMS 0x0000000083000000| PB 0x0000000083000000| Untracked 
|  19|0x0000000083100000, 0x0000000083100000, 0x0000000083200000|  0%| F|  |TAMS 0x0000000083100000| PB 0x0000000083100000| Untracked 
|  20|0x0000000083200000, 0x0000000083200000, 0x0000000083300000|  0%| F|  |TAMS 0x0000000083200000| PB 0x0000000083200000| Untracked 
|  21|0x0000000083300000, 0x0000000083300000, 0x0000000083400000|  0%| F|  |TAMS 0x0000000083300000| PB 0x0000000083300000| Untracked 
|  22|0x0000000083400000, 0x0000000083400000, 0x0000000083500000|  0%| F|  |TAMS 0x0000000083400000| PB 0x0000000083400000| Untracked 
|  23|0x0000000083500000, 0x0000000083500000, 0x0000000083600000|  0%| F|  |TAMS 0x0000000083500000| PB 0x0000000083500000| Untracked 
|  24|0x0000000083600000, 0x0000000083600000, 0x0000000083700000|  0%| F|  |TAMS 0x0000000083600000| PB 0x0000000083600000| Untracked 
|  25|0x0000000083700000, 0x0000000083700000, 0x0000000083800000|  0%| F|  |TAMS 0x0000000083700000| PB 0x0000000083700000| Untracked 
|  26|0x0000000083800000, 0x0000000083800000, 0x0000000083900000|  0%| F|  |TAMS 0x0000000083800000| PB 0x0000000083800000| Untracked 
|  27|0x0000000083900000, 0x0000000083900000, 0x0000000083a00000|  0%| F|  |TAMS 0x0000000083900000| PB 0x0000000083900000| Untracked 
|  28|0x0000000083a00000, 0x0000000083a00000, 0x0000000083b00000|  0%| F|  |TAMS 0x0000000083a00000| PB 0x0000000083a00000| Untracked 
|  29|0x0000000083b00000, 0x0000000083b00000, 0x0000000083c00000|  0%| F|  |TAMS 0x0000000083b00000| PB 0x0000000083b00000| Untracked 
|  30|0x0000000083c00000, 0x0000000083c00000, 0x0000000083d00000|  0%| F|  |TAMS 0x0000000083c00000| PB 0x0000000083c00000| Untracked 
|  31|0x0000000083d00000, 0x0000000083d00000, 0x0000000083e00000|  0%| F|  |TAMS 0x0000000083d00000| PB 0x0000000083d00000| Untracked 
|  32|0x0000000083e00000, 0x0000000083e00000, 0x0000000083f00000|  0%| F|  |TAMS 0x0000000083e00000| PB 0x0000000083e00000| Untracked 
|  33|0x0000000083f00000, 0x0000000083f00000, 0x0000000084000000|  0%| F|  |TAMS 0x0000000083f00000| PB 0x0000000083f00000| Untracked 
|  34|0x0000000084000000, 0x0000000084000000, 0x0000000084100000|  0%| F|  |TAMS 0x0000000084000000| PB 0x0000000084000000| Untracked 
|  35|0x0000000084100000, 0x0000000084100000, 0x0000000084200000|  0%| F|  |TAMS 0x0000000084100000| PB 0x0000000084100000| Untracked 
|  36|0x0000000084200000, 0x0000000084200000, 0x0000000084300000|  0%| F|  |TAMS 0x0000000084200000| PB 0x0000000084200000| Untracked 
|  37|0x0000000084300000, 0x0000000084300000, 0x0000000084400000|  0%| F|  |TAMS 0x0000000084300000| PB 0x0000000084300000| Untracked 
|  38|0x0000000084400000, 0x0000000084400000, 0x0000000084500000|  0%| F|  |TAMS 0x0000000084400000| PB 0x0000000084400000| Untracked 
|  39|0x0000000084500000, 0x0000000084500000, 0x0000000084600000|  0%| F|  |TAMS 0x0000000084500000| PB 0x0000000084500000| Untracked 
|  40|0x0000000084600000, 0x0000000084600000, 0x0000000084700000|  0%| F|  |TAMS 0x0000000084600000| PB 0x0000000084600000| Untracked 
|  41|0x0000000084700000, 0x0000000084700000, 0x0000000084800000|  0%| F|  |TAMS 0x0000000084700000| PB 0x0000000084700000| Untracked 
|  42|0x0000000084800000, 0x0000000084800000, 0x0000000084900000|  0%| F|  |TAMS 0x0000000084800000| PB 0x0000000084800000| Untracked 
|  43|0x0000000084900000, 0x0000000084900000, 0x0000000084a00000|  0%| F|  |TAMS 0x0000000084900000| PB 0x0000000084900000| Untracked 
|  44|0x0000000084a00000, 0x0000000084a00000, 0x0000000084b00000|  0%| F|  |TAMS 0x0000000084a00000| PB 0x0000000084a00000| Untracked 
|  45|0x0000000084b00000, 0x0000000084b00000, 0x0000000084c00000|  0%| F|  |TAMS 0x0000000084b00000| PB 0x0000000084b00000| Untracked 
|  46|0x0000000084c00000, 0x0000000084c00000, 0x0000000084d00000|  0%| F|  |TAMS 0x0000000084c00000| PB 0x0000000084c00000| Untracked 
|  47|0x0000000084d00000, 0x0000000084d00000, 0x0000000084e00000|  0%| F|  |TAMS 0x0000000084d00000| PB 0x0000000084d00000| Untracked 
|  48|0x0000000084e00000, 0x0000000084e00000, 0x0000000084f00000|  0%| F|  |TAMS 0x0000000084e00000| PB 0x0000000084e00000| Untracked 
|  49|0x0000000084f00000, 0x0000000084f00000, 0x0000000085000000|  0%| F|  |TAMS 0x0000000084f00000| PB 0x0000000084f00000| Untracked 
|  50|0x0000000085000000, 0x0000000085000000, 0x0000000085100000|  0%| F|  |TAMS 0x0000000085000000| PB 0x0000000085000000| Untracked 
|  51|0x0000000085100000, 0x0000000085100000, 0x0000000085200000|  0%| F|  |TAMS 0x0000000085100000| PB 0x0000000085100000| Untracked 
|  52|0x0000000085200000, 0x0000000085200000, 0x0000000085300000|  0%| F|  |TAMS 0x0000000085200000| PB 0x0000000085200000| Untracked 
|  53|0x0000000085300000, 0x0000000085300000, 0x0000000085400000|  0%| F|  |TAMS 0x0000000085300000| PB 0x0000000085300000| Untracked 
|  54|0x0000000085400000, 0x0000000085400000, 0x0000000085500000|  0%| F|  |TAMS 0x0000000085400000| PB 0x0000000085400000| Untracked 
|  55|0x0000000085500000, 0x0000000085500000, 0x0000000085600000|  0%| F|  |TAMS 0x0000000085500000| PB 0x0000000085500000| Untracked 
|  56|0x0000000085600000, 0x0000000085600000, 0x0000000085700000|  0%| F|  |TAMS 0x0000000085600000| PB 0x0000000085600000| Untracked 
|  57|0x0000000085700000, 0x0000000085700000, 0x0000000085800000|  0%| F|  |TAMS 0x0000000085700000| PB 0x0000000085700000| Untracked 
|  58|0x0000000085800000, 0x0000000085800000, 0x0000000085900000|  0%| F|  |TAMS 0x0000000085800000| PB 0x0000000085800000| Untracked 
|  59|0x0000000085900000, 0x0000000085900000, 0x0000000085a00000|  0%| F|  |TAMS 0x0000000085900000| PB 0x0000000085900000| Untracked 
|  60|0x0000000085a00000, 0x0000000085a00000, 0x0000000085b00000|  0%| F|  |TAMS 0x0000000085a00000| PB 0x0000000085a00000| Untracked 
|  61|0x0000000085b00000, 0x0000000085b00000, 0x0000000085c00000|  0%| F|  |TAMS 0x0000000085b00000| PB 0x0000000085b00000| Untracked 
|  62|0x0000000085c00000, 0x0000000085c00000, 0x0000000085d00000|  0%| F|  |TAMS 0x0000000085c00000| PB 0x0000000085c00000| Untracked 
|  63|0x0000000085d00000, 0x0000000085d00000, 0x0000000085e00000|  0%| F|  |TAMS 0x0000000085d00000| PB 0x0000000085d00000| Untracked 
|  64|0x0000000085e00000, 0x0000000085e00000, 0x0000000085f00000|  0%| F|  |TAMS 0x0000000085e00000| PB 0x0000000085e00000| Untracked 
|  65|0x0000000085f00000, 0x0000000085f00000, 0x0000000086000000|  0%| F|  |TAMS 0x0000000085f00000| PB 0x0000000085f00000| Untracked 
|  66|0x0000000086000000, 0x0000000086000000, 0x0000000086100000|  0%| F|  |TAMS 0x0000000086000000| PB 0x0000000086000000| Untracked 
|  67|0x0000000086100000, 0x0000000086100000, 0x0000000086200000|  0%| F|  |TAMS 0x0000000086100000| PB 0x0000000086100000| Untracked 
|  68|0x0000000086200000, 0x0000000086200000, 0x0000000086300000|  0%| F|  |TAMS 0x0000000086200000| PB 0x0000000086200000| Untracked 
|  69|0x0000000086300000, 0x0000000086300000, 0x0000000086400000|  0%| F|  |TAMS 0x0000000086300000| PB 0x0000000086300000| Untracked 
|  70|0x0000000086400000, 0x0000000086400000, 0x0000000086500000|  0%| F|  |TAMS 0x0000000086400000| PB 0x0000000086400000| Untracked 
|  71|0x0000000086500000, 0x0000000086500000, 0x0000000086600000|  0%| F|  |TAMS 0x0000000086500000| PB 0x0000000086500000| Untracked 
|  72|0x0000000086600000, 0x0000000086600000, 0x0000000086700000|  0%| F|  |TAMS 0x0000000086600000| PB 0x0000000086600000| Untracked 
|  73|0x0000000086700000, 0x0000000086700000, 0x0000000086800000|  0%| F|  |TAMS 0x0000000086700000| PB 0x0000000086700000| Untracked 
|  74|0x0000000086800000, 0x0000000086800000, 0x0000000086900000|  0%| F|  |TAMS 0x0000000086800000| PB 0x0000000086800000| Untracked 
|  75|0x0000000086900000, 0x0000000086900000, 0x0000000086a00000|  0%| F|  |TAMS 0x0000000086900000| PB 0x0000000086900000| Untracked 
|  76|0x0000000086a00000, 0x0000000086a00000, 0x0000000086b00000|  0%| F|  |TAMS 0x0000000086a00000| PB 0x0000000086a00000| Untracked 
|  77|0x0000000086b00000, 0x0000000086b00000, 0x0000000086c00000|  0%| F|  |TAMS 0x0000000086b00000| PB 0x0000000086b00000| Untracked 
|  78|0x0000000086c00000, 0x0000000086c00000, 0x0000000086d00000|  0%| F|  |TAMS 0x0000000086c00000| PB 0x0000000086c00000| Untracked 
|  79|0x0000000086d00000, 0x0000000086d00000, 0x0000000086e00000|  0%| F|  |TAMS 0x0000000086d00000| PB 0x0000000086d00000| Untracked 
|  80|0x0000000086e00000, 0x0000000086e00000, 0x0000000086f00000|  0%| F|  |TAMS 0x0000000086e00000| PB 0x0000000086e00000| Untracked 
|  81|0x0000000086f00000, 0x0000000086f00000, 0x0000000087000000|  0%| F|  |TAMS 0x0000000086f00000| PB 0x0000000086f00000| Untracked 
|  82|0x0000000087000000, 0x0000000087000000, 0x0000000087100000|  0%| F|  |TAMS 0x0000000087000000| PB 0x0000000087000000| Untracked 
|  83|0x0000000087100000, 0x0000000087100000, 0x0000000087200000|  0%| F|  |TAMS 0x0000000087100000| PB 0x0000000087100000| Untracked 
|  84|0x0000000087200000, 0x0000000087200000, 0x0000000087300000|  0%| F|  |TAMS 0x0000000087200000| PB 0x0000000087200000| Untracked 
|  85|0x0000000087300000, 0x0000000087300000, 0x0000000087400000|  0%| F|  |TAMS 0x0000000087300000| PB 0x0000000087300000| Untracked 
|  86|0x0000000087400000, 0x0000000087400000, 0x0000000087500000|  0%| F|  |TAMS 0x0000000087400000| PB 0x0000000087400000| Untracked 
|  87|0x0000000087500000, 0x0000000087500000, 0x0000000087600000|  0%| F|  |TAMS 0x0000000087500000| PB 0x0000000087500000| Untracked 
|  88|0x0000000087600000, 0x0000000087600000, 0x0000000087700000|  0%| F|  |TAMS 0x0000000087600000| PB 0x0000000087600000| Untracked 
|  89|0x0000000087700000, 0x00000000877c8600, 0x0000000087800000| 78%| S|CS|TAMS 0x0000000087700000| PB 0x0000000087700000| Complete 
|  90|0x0000000087800000, 0x0000000087900000, 0x0000000087900000|100%| S|CS|TAMS 0x0000000087800000| PB 0x0000000087800000| Complete 
|  91|0x0000000087900000, 0x0000000087a00000, 0x0000000087a00000|100%| S|CS|TAMS 0x0000000087900000| PB 0x0000000087900000| Complete 
|  92|0x0000000087a00000, 0x0000000087b00000, 0x0000000087b00000|100%| S|CS|TAMS 0x0000000087a00000| PB 0x0000000087a00000| Complete 
|  93|0x0000000087b00000, 0x0000000087b00000, 0x0000000087c00000|  0%| F|  |TAMS 0x0000000087b00000| PB 0x0000000087b00000| Untracked 
|  94|0x0000000087c00000, 0x0000000087c00000, 0x0000000087d00000|  0%| F|  |TAMS 0x0000000087c00000| PB 0x0000000087c00000| Untracked 
|  95|0x0000000087d00000, 0x0000000087d00000, 0x0000000087e00000|  0%| F|  |TAMS 0x0000000087d00000| PB 0x0000000087d00000| Untracked 
|  96|0x0000000087e00000, 0x0000000087e00000, 0x0000000087f00000|  0%| F|  |TAMS 0x0000000087e00000| PB 0x0000000087e00000| Untracked 
|  97|0x0000000087f00000, 0x0000000087f00000, 0x0000000088000000|  0%| F|  |TAMS 0x0000000087f00000| PB 0x0000000087f00000| Untracked 
|  98|0x0000000088000000, 0x0000000088000000, 0x0000000088100000|  0%| F|  |TAMS 0x0000000088000000| PB 0x0000000088000000| Untracked 
|  99|0x0000000088100000, 0x0000000088100000, 0x0000000088200000|  0%| F|  |TAMS 0x0000000088100000| PB 0x0000000088100000| Untracked 
| 100|0x0000000088200000, 0x0000000088200000, 0x0000000088300000|  0%| F|  |TAMS 0x0000000088200000| PB 0x0000000088200000| Untracked 
| 101|0x0000000088300000, 0x0000000088300000, 0x0000000088400000|  0%| F|  |TAMS 0x0000000088300000| PB 0x0000000088300000| Untracked 
| 102|0x0000000088400000, 0x0000000088400000, 0x0000000088500000|  0%| F|  |TAMS 0x0000000088400000| PB 0x0000000088400000| Untracked 
| 103|0x0000000088500000, 0x0000000088500000, 0x0000000088600000|  0%| F|  |TAMS 0x0000000088500000| PB 0x0000000088500000| Untracked 
| 104|0x0000000088600000, 0x0000000088600000, 0x0000000088700000|  0%| F|  |TAMS 0x0000000088600000| PB 0x0000000088600000| Untracked 
| 105|0x0000000088700000, 0x0000000088700000, 0x0000000088800000|  0%| F|  |TAMS 0x0000000088700000| PB 0x0000000088700000| Untracked 
| 106|0x0000000088800000, 0x0000000088800000, 0x0000000088900000|  0%| F|  |TAMS 0x0000000088800000| PB 0x0000000088800000| Untracked 
| 107|0x0000000088900000, 0x0000000088900000, 0x0000000088a00000|  0%| F|  |TAMS 0x0000000088900000| PB 0x0000000088900000| Untracked 
| 108|0x0000000088a00000, 0x0000000088a00000, 0x0000000088b00000|  0%| F|  |TAMS 0x0000000088a00000| PB 0x0000000088a00000| Untracked 
| 109|0x0000000088b00000, 0x0000000088b00000, 0x0000000088c00000|  0%| F|  |TAMS 0x0000000088b00000| PB 0x0000000088b00000| Untracked 
| 110|0x0000000088c00000, 0x0000000088c00000, 0x0000000088d00000|  0%| F|  |TAMS 0x0000000088c00000| PB 0x0000000088c00000| Untracked 
| 111|0x0000000088d00000, 0x0000000088d00000, 0x0000000088e00000|  0%| F|  |TAMS 0x0000000088d00000| PB 0x0000000088d00000| Untracked 
| 112|0x0000000088e00000, 0x0000000088e00000, 0x0000000088f00000|  0%| F|  |TAMS 0x0000000088e00000| PB 0x0000000088e00000| Untracked 
| 113|0x0000000088f00000, 0x0000000088f00000, 0x0000000089000000|  0%| F|  |TAMS 0x0000000088f00000| PB 0x0000000088f00000| Untracked 
| 114|0x0000000089000000, 0x0000000089000000, 0x0000000089100000|  0%| F|  |TAMS 0x0000000089000000| PB 0x0000000089000000| Untracked 
| 115|0x0000000089100000, 0x0000000089100000, 0x0000000089200000|  0%| F|  |TAMS 0x0000000089100000| PB 0x0000000089100000| Untracked 
| 116|0x0000000089200000, 0x0000000089200000, 0x0000000089300000|  0%| F|  |TAMS 0x0000000089200000| PB 0x0000000089200000| Untracked 
| 117|0x0000000089300000, 0x0000000089300000, 0x0000000089400000|  0%| F|  |TAMS 0x0000000089300000| PB 0x0000000089300000| Untracked 
| 118|0x0000000089400000, 0x0000000089400000, 0x0000000089500000|  0%| F|  |TAMS 0x0000000089400000| PB 0x0000000089400000| Untracked 
| 119|0x0000000089500000, 0x0000000089500000, 0x0000000089600000|  0%| F|  |TAMS 0x0000000089500000| PB 0x0000000089500000| Untracked 
| 120|0x0000000089600000, 0x0000000089600000, 0x0000000089700000|  0%| F|  |TAMS 0x0000000089600000| PB 0x0000000089600000| Untracked 
| 121|0x0000000089700000, 0x0000000089800000, 0x0000000089800000|100%| E|  |TAMS 0x0000000089700000| PB 0x0000000089700000| Complete 
| 122|0x0000000089800000, 0x0000000089900000, 0x0000000089900000|100%| E|CS|TAMS 0x0000000089800000| PB 0x0000000089800000| Complete 
| 123|0x0000000089900000, 0x0000000089a00000, 0x0000000089a00000|100%| E|CS|TAMS 0x0000000089900000| PB 0x0000000089900000| Complete 
| 124|0x0000000089a00000, 0x0000000089b00000, 0x0000000089b00000|100%| E|CS|TAMS 0x0000000089a00000| PB 0x0000000089a00000| Complete 
| 125|0x0000000089b00000, 0x0000000089c00000, 0x0000000089c00000|100%| E|CS|TAMS 0x0000000089b00000| PB 0x0000000089b00000| Complete 
| 126|0x0000000089c00000, 0x0000000089d00000, 0x0000000089d00000|100%| E|CS|TAMS 0x0000000089c00000| PB 0x0000000089c00000| Complete 
| 127|0x0000000089d00000, 0x0000000089e00000, 0x0000000089e00000|100%| E|CS|TAMS 0x0000000089d00000| PB 0x0000000089d00000| Complete 

Card table byte_map: [0x00000207fdc00000,0x00000207fe000000] _byte_map_base: 0x00000207fd7f1000

Marking Bits: (CMBitMap*) 0x00000207f7b8ea50
 Bits: [0x00000207fe000000, 0x00000207fff88000)

Polling page: 0x00000207f78a0000

Metaspace:

Usage:
  Non-class:     15.89 MB used.
      Class:      2.15 MB used.
       Both:     18.05 MB used.

Virtual space:
  Non-class space:       64.00 MB reserved,      16.19 MB ( 25%) committed,  1 nodes.
      Class space:        1.00 GB reserved,       2.38 MB ( <1%) committed,  1 nodes.
             Both:        1.06 GB reserved,      18.56 MB (  2%) committed. 

Chunk freelists:
   Non-Class:  15.67 MB
       Class:  13.47 MB
        Both:  29.14 MB

MaxMetaspaceSize: unlimited
CompressedClassSpaceSize: 1.00 GB
Initial GC threshold: 21.00 MB
Current GC threshold: 21.00 MB
CDS: on
 - commit_granule_bytes: 65536.
 - commit_granule_words: 8192.
 - virtual_space_node_default_size: 8388608.
 - enlarge_chunks_in_place: 1.
 - use_allocation_guard: 0.


Internal statistics:

num_allocs_failed_limit: 0.
num_arena_births: 576.
num_arena_deaths: 0.
num_vsnodes_births: 2.
num_vsnodes_deaths: 0.
num_space_committed: 297.
num_space_uncommitted: 0.
num_chunks_returned_to_freelist: 0.
num_chunks_taken_from_freelist: 1135.
num_chunk_merges: 0.
num_chunk_splits: 653.
num_chunks_enlarged: 337.
num_inconsistent_stats: 0.

CodeHeap 'non-profiled nmethods': size=120000Kb used=991Kb max_used=991Kb free=119009Kb
 bounds [0x0000020787ad0000, 0x0000020787d40000, 0x000002078f000000]
CodeHeap 'profiled nmethods': size=120000Kb used=5229Kb max_used=5229Kb free=114770Kb
 bounds [0x0000020780000000, 0x0000020780520000, 0x0000020787530000]
CodeHeap 'non-nmethods': size=5760Kb used=1527Kb max_used=1573Kb free=4233Kb
 bounds [0x0000020787530000, 0x00000207877a0000, 0x0000020787ad0000]
 total_blobs=3421 nmethods=2827 adapters=498
 compilation: enabled
              stopped_count=0, restarted_count=0
 full_count=0

Compilation events (20 events):
Event: 48.280 Thread 0x0000020791b01090 2764       4       java.lang.Character::valueOf (21 bytes)
Event: 48.281 Thread 0x0000020791b01090 nmethod 2764 0x0000020787bc2310 code [0x0000020787bc24a0, 0x0000020787bc2558]
Event: 48.281 Thread 0x0000020791b01090 2765       4       java.lang.Character::hashCode (8 bytes)
Event: 48.281 Thread 0x0000020791b03aa0 2770       1       java.util.Collections$SingletonList::size (2 bytes)
Event: 48.281 Thread 0x0000020791b01090 nmethod 2765 0x0000020787bc2610 code [0x0000020787bc27a0, 0x0000020787bc2830]
Event: 48.281 Thread 0x0000020791b03aa0 nmethod 2770 0x0000020787bc2910 code [0x0000020787bc2aa0, 0x0000020787bc2b68]
Event: 48.281 Thread 0x0000020791b01090 2769       4       sun.reflect.generics.parser.SignatureParser::advance (53 bytes)
Event: 48.283 Thread 0x0000020791b01090 nmethod 2769 0x0000020787bc2c10 code [0x0000020787bc2da0, 0x0000020787bc2e90]
Event: 48.283 Thread 0x0000020791b03aa0 2771       3       org.testng.shaded.com.google.gson.TypeAdapter::<init> (5 bytes)
Event: 48.283 Thread 0x0000020791b03aa0 nmethod 2771 0x00000207804fd510 code [0x00000207804fd6c0, 0x00000207804fd828]
Event: 48.283 Thread 0x0000020791b03aa0 2772   !   3       java.io.BufferedWriter::write (70 bytes)
Event: 48.284 Thread 0x0000020791b03aa0 nmethod 2772 0x00000207804fd910 code [0x00000207804fdbc0, 0x00000207804fea00]
Event: 48.284 Thread 0x0000020791b03aa0 2773       3       java.io.BufferedWriter::implWrite (43 bytes)
Event: 48.285 Thread 0x0000020791b03aa0 nmethod 2773 0x00000207804fee90 code [0x00000207804ff080, 0x00000207804ff410]
Event: 48.285 Thread 0x0000020791b03aa0 2774   !   3       jdk.internal.misc.ScopedMemoryAccess::copyMemory (27 bytes)
Event: 48.286 Thread 0x0000020791b03aa0 nmethod 2774 0x00000207804ff590 code [0x00000207804ff7a0, 0x00000207804ffdc0]
Event: 48.286 Thread 0x0000020791b03aa0 2775   !   3       jdk.internal.misc.ScopedMemoryAccess::copyMemoryInternal (56 bytes)
Event: 48.287 Thread 0x0000020791b03aa0 nmethod 2775 0x0000020780500190 code [0x0000020780500380, 0x00000207805008b8]
Event: 50.312 Thread 0x0000020791b03aa0 2776       3       java.lang.invoke.BoundMethodHandle::speciesDataFor (32 bytes)
Event: 50.313 Thread 0x0000020791b03aa0 nmethod 2776 0x0000020780500c10 code [0x0000020780500de0, 0x0000020780501160]

GC Heap History (4 events):
Event: 1.023 GC heap before
{Heap before GC invocations=0 (full 0):
 garbage-first heap   total 131072K, used 23552K [0x0000000081e00000, 0x0000000100000000)
  region size 1024K, 23 young (23552K), 0 survivors (0K)
 Metaspace       used 9211K, committed 9536K, reserved 1114112K
  class space    used 1098K, committed 1216K, reserved 1048576K
}
Event: 1.029 GC heap after
{Heap after GC invocations=1 (full 0):
 garbage-first heap   total 131072K, used 5267K [0x0000000081e00000, 0x0000000100000000)
  region size 1024K, 3 young (3072K), 3 survivors (3072K)
 Metaspace       used 9211K, committed 9536K, reserved 1114112K
  class space    used 1098K, committed 1216K, reserved 1048576K
}
Event: 42.057 GC heap before
{Heap before GC invocations=1 (full 0):
 garbage-first heap   total 131072K, used 38035K [0x0000000081e00000, 0x0000000100000000)
  region size 1024K, 35 young (35840K), 3 survivors (3072K)
 Metaspace       used 17773K, committed 18304K, reserved 1114112K
  class space    used 2138K, committed 2368K, reserved 1048576K
}
Event: 42.069 GC heap after
{Heap after GC invocations=2 (full 0):
 garbage-first heap   total 131072K, used 9313K [0x0000000081e00000, 0x0000000100000000)
  region size 1024K, 4 young (4096K), 4 survivors (4096K)
 Metaspace       used 17773K, committed 18304K, reserved 1114112K
  class space    used 2138K, committed 2368K, reserved 1048576K
}

Dll operation events (10 events):
Event: 0.010 Loaded shared library C:\Users\user\.p2\pool\plugins\org.eclipse.justj.openjdk.hotspot.jre.full.win32.x86_64_21.0.7.v20250502-0916\jre\bin\java.dll
Event: 0.034 Loaded shared library C:\Users\user\.p2\pool\plugins\org.eclipse.justj.openjdk.hotspot.jre.full.win32.x86_64_21.0.7.v20250502-0916\jre\bin\zip.dll
Event: 0.092 Loaded shared library C:\Users\user\.p2\pool\plugins\org.eclipse.justj.openjdk.hotspot.jre.full.win32.x86_64_21.0.7.v20250502-0916\jre\bin\net.dll
Event: 0.095 Loaded shared library C:\Users\user\.p2\pool\plugins\org.eclipse.justj.openjdk.hotspot.jre.full.win32.x86_64_21.0.7.v20250502-0916\jre\bin\nio.dll
Event: 0.099 Loaded shared library C:\Users\user\.p2\pool\plugins\org.eclipse.justj.openjdk.hotspot.jre.full.win32.x86_64_21.0.7.v20250502-0916\jre\bin\zip.dll
Event: 0.203 Loaded shared library C:\Users\user\.p2\pool\plugins\org.eclipse.justj.openjdk.hotspot.jre.full.win32.x86_64_21.0.7.v20250502-0916\jre\bin\jimage.dll
Event: 0.315 Loaded shared library C:\Users\user\.p2\pool\plugins\org.eclipse.justj.openjdk.hotspot.jre.full.win32.x86_64_21.0.7.v20250502-0916\jre\bin\extnet.dll
Event: 0.728 Loaded shared library C:\Users\user\.p2\pool\plugins\org.eclipse.justj.openjdk.hotspot.jre.full.win32.x86_64_21.0.7.v20250502-0916\jre\bin\management.dll
Event: 0.730 Loaded shared library C:\Users\user\.p2\pool\plugins\org.eclipse.justj.openjdk.hotspot.jre.full.win32.x86_64_21.0.7.v20250502-0916\jre\bin\management_ext.dll
Event: 1.147 Loaded shared library C:\Users\user\.p2\pool\plugins\org.eclipse.justj.openjdk.hotspot.jre.full.win32.x86_64_21.0.7.v20250502-0916\jre\bin\sunmscapi.dll

Deoptimization events (20 events):
Event: 41.622 Thread 0x00000207f78e6d10 Uncommon trap: trap_request=0xffffff45 fr.pc=0x0000020787bb2ec0 relative=0x0000000000000280
Event: 41.622 Thread 0x00000207f78e6d10 Uncommon trap: reason=unstable_if action=reinterpret pc=0x0000020787bb2ec0 method=java.util.regex.Pattern$Slice.match(Ljava/util/regex/Matcher;ILjava/lang/CharSequence;)Z @ 54 c2
Event: 41.622 Thread 0x00000207f78e6d10 DEOPT PACKING pc=0x0000020787bb2ec0 sp=0x000000f4ba8fd090
Event: 41.622 Thread 0x00000207f78e6d10 DEOPT UNPACKING pc=0x00000207875846a2 sp=0x000000f4ba8fd030 mode 2
Event: 48.208 Thread 0x00000207f78e6d10 Uncommon trap: trap_request=0xffffff45 fr.pc=0x0000020787afb7e8 relative=0x0000000000000508
Event: 48.208 Thread 0x00000207f78e6d10 Uncommon trap: reason=unstable_if action=reinterpret pc=0x0000020787afb7e8 method=java.lang.StringLatin1.canEncode(I)Z @ 4 c2
Event: 48.208 Thread 0x00000207f78e6d10 DEOPT PACKING pc=0x0000020787afb7e8 sp=0x000000f4ba8feb30
Event: 48.208 Thread 0x00000207f78e6d10 DEOPT UNPACKING pc=0x00000207875846a2 sp=0x000000f4ba8fea68 mode 2
Event: 48.208 Thread 0x00000207f78e6d10 Uncommon trap: trap_request=0xffffff45 fr.pc=0x0000020787b10988 relative=0x00000000000004a8
Event: 48.208 Thread 0x00000207f78e6d10 Uncommon trap: reason=unstable_if action=reinterpret pc=0x0000020787b10988 method=java.lang.AbstractStringBuilder.isLatin1()Z @ 10 c2
Event: 48.209 Thread 0x00000207f78e6d10 DEOPT PACKING pc=0x0000020787b10988 sp=0x000000f4ba8feb40
Event: 48.209 Thread 0x00000207f78e6d10 DEOPT UNPACKING pc=0x00000207875846a2 sp=0x000000f4ba8fead0 mode 2
Event: 48.209 Thread 0x00000207f78e6d10 Uncommon trap: trap_request=0xffffff45 fr.pc=0x0000020787af9b8c relative=0x000000000000006c
Event: 48.209 Thread 0x00000207f78e6d10 Uncommon trap: reason=unstable_if action=reinterpret pc=0x0000020787af9b8c method=java.lang.AbstractStringBuilder.isLatin1()Z @ 10 c2
Event: 48.209 Thread 0x00000207f78e6d10 DEOPT PACKING pc=0x0000020787af9b8c sp=0x000000f4ba8feb40
Event: 48.209 Thread 0x00000207f78e6d10 DEOPT UNPACKING pc=0x00000207875846a2 sp=0x000000f4ba8fead0 mode 2
Event: 48.224 Thread 0x00000207f78e6d10 Uncommon trap: trap_request=0xffffff45 fr.pc=0x0000020787bbd7c4 relative=0x0000000000000464
Event: 48.224 Thread 0x00000207f78e6d10 Uncommon trap: reason=unstable_if action=reinterpret pc=0x0000020787bbd7c4 method=java.util.regex.Pattern$Start.match(Ljava/util/regex/Matcher;ILjava/lang/CharSequence;)Z @ 10 c2
Event: 48.224 Thread 0x00000207f78e6d10 DEOPT PACKING pc=0x0000020787bbd7c4 sp=0x000000f4ba8fe170
Event: 48.224 Thread 0x00000207f78e6d10 DEOPT UNPACKING pc=0x00000207875846a2 sp=0x000000f4ba8fe090 mode 2

Classes loaded (20 events):
Event: 48.226 Loading class sun/util/resources/cldr/TimeZoneNames_en
Event: 48.228 Loading class sun/util/resources/cldr/TimeZoneNames_en done
Event: 48.237 Loading class sun/util/cldr/CLDRBaseLocaleDataMetaInfo$TZCanonicalIDMapHolder
Event: 48.239 Loading class sun/util/cldr/CLDRBaseLocaleDataMetaInfo$TZCanonicalIDMapHolder done
Event: 48.241 Loading class sun/util/resources/TimeZoneNames
Event: 48.243 Loading class sun/util/resources/TimeZoneNames done
Event: 48.244 Loading class sun/util/resources/TimeZoneNames_en
Event: 48.244 Loading class sun/util/resources/TimeZoneNames_en done
Event: 48.247 Loading class java/text/StringCharacterIterator
Event: 48.249 Loading class java/text/CharacterIterator
Event: 48.251 Loading class java/text/CharacterIterator done
Event: 48.251 Loading class java/text/StringCharacterIterator done
Event: 48.253 Loading class java/util/concurrent/ConcurrentLinkedDeque$Itr
Event: 48.253 Loading class java/util/concurrent/ConcurrentLinkedDeque$AbstractItr
Event: 48.255 Loading class java/util/concurrent/ConcurrentLinkedDeque$AbstractItr done
Event: 48.255 Loading class java/util/concurrent/ConcurrentLinkedDeque$Itr done
Event: 48.271 Loading class java/io/FileOutputStream$1
Event: 48.271 Loading class java/io/FileOutputStream$1 done
Event: 48.274 Loading class sun/util/resources/cldr/TimeZoneNames_en_US
Event: 48.274 Loading class sun/util/resources/cldr/TimeZoneNames_en_US done

Classes unloaded (0 events):
No events

Classes redefined (0 events):
No events

Internal exceptions (20 events):
Event: 1.388 Thread 0x00000207f78e6d10 Exception <a 'java/lang/NoSuchMethodError'{0x0000000088e5e4d0}: 'java.lang.Object java.lang.invoke.DirectMethodHandle$Holder.invokeVirtual(java.lang.Object, java.lang.Object, java.lang.Object, java.lang.Object)'> (0x0000000088e5e4d0) 
thrown [s\src\hotspot\share\interpreter\linkResolver.cpp, line 773]
Event: 1.787 Thread 0x00000207d7c0bec0 Exception <a 'java/net/ConnectException'{0x0000000088d0a510}: Connection refused: getsockopt> (0x0000000088d0a510) 
thrown [s\src\hotspot\share\prims\jni.cpp, line 539]
Event: 1.827 Thread 0x00000207d7c0bec0 Exception <a 'java/net/ConnectException'{0x0000000088d0b660}: Connection refused: getsockopt> (0x0000000088d0b660) 
thrown [s\src\hotspot\share\prims\jni.cpp, line 539]
Event: 1.892 Thread 0x00000207f78e6d10 Exception <a 'java/lang/NoSuchMethodError'{0x0000000088d9a9e8}: 'java.lang.Object java.lang.invoke.DirectMethodHandle$Holder.newInvokeSpecial(java.lang.Object, java.lang.Object, int, int)'> (0x0000000088d9a9e8) 
thrown [s\src\hotspot\share\interpreter\linkResolver.cpp, line 773]
Event: 1.894 Thread 0x00000207f78e6d10 Exception <a 'java/lang/NoSuchMethodError'{0x0000000088da5300}: 'void java.lang.invoke.DirectMethodHandle$Holder.invokeStatic(java.lang.Object, java.lang.Object, int)'> (0x0000000088da5300) 
thrown [s\src\hotspot\share\interpreter\linkResolver.cpp, line 773]
Event: 1.931 Thread 0x00000207d8524420 Exception <a 'java/lang/NoSuchMethodError'{0x0000000088a2d120}: 'java.lang.Object java.lang.invoke.DirectMethodHandle$Holder.invokeSpecial(java.lang.Object, java.lang.Object, java.lang.Object, java.lang.Object, int)'> (0x0000000088a2d120) 
thrown [s\src\hotspot\share\interpreter\linkResolver.cpp, line 773]
Event: 1.931 Thread 0x00000207d8524420 Exception <a 'java/lang/NoSuchMethodError'{0x0000000088a30a78}: 'java.lang.Object java.lang.invoke.Invokers$Holder.linkToTargetMethod(java.lang.Object, java.lang.Object, int, java.lang.Object)'> (0x0000000088a30a78) 
thrown [s\src\hotspot\share\interpreter\linkResolver.cpp, line 773]
Event: 1.945 Thread 0x00000207d8524420 Exception <a 'java/lang/NoSuchMethodError'{0x0000000088945010}: 'void java.lang.invoke.DirectMethodHandle$Holder.invokeSpecial(java.lang.Object, java.lang.Object, java.lang.Object, java.lang.Object, java.lang.Object)'> (0x0000000088945010) 
thrown [s\src\hotspot\share\interpreter\linkResolver.cpp, line 773]
Event: 3.098 Thread 0x00000207d8523d90 Exception <a 'java/lang/NoSuchMethodError'{0x00000000888c4f98}: 'java.lang.Object java.lang.invoke.DirectMethodHandle$Holder.newInvokeSpecial(java.lang.Object, java.lang.Object, long, java.lang.Object, java.lang.Object, java.lang.Object)'> (0x00000000888c4f98) 
thrown [s\src\hotspot\share\interpreter\linkResolver.cpp, line 773]
Event: 3.100 Thread 0x00000207d8523d90 Exception <a 'java/lang/NoSuchMethodError'{0x00000000888e8a38}: 'void java.lang.invoke.DirectMethodHandle$Holder.invokeSpecial(java.lang.Object, java.lang.Object, java.lang.Object, java.lang.Object, java.lang.Object, java.lang.Object, java.lang.Object)'> (0x00000000888e8a38) 
thrown [s\src\hotspot\share\interpreter\linkResolver.cpp, line 773]
Event: 3.109 Thread 0x00000207f78e6d10 Exception <a 'java/lang/NoSuchMethodError'{0x0000000088c47098}: 'java.lang.Object java.lang.invoke.DirectMethodHandle$Holder.invokeSpecialIFC(java.lang.Object, java.lang.Object, java.lang.Object)'> (0x0000000088c47098) 
thrown [s\src\hotspot\share\interpreter\linkResolver.cpp, line 773]
Event: 3.274 Thread 0x00000207f78e6d10 Exception <a 'java/lang/NoSuchMethodError'{0x000000008806c370}: 'java.lang.Object java.lang.invoke.DirectMethodHandle$Holder.invokeStatic(java.lang.Object, int, java.lang.Object)'> (0x000000008806c370) 
thrown [s\src\hotspot\share\interpreter\linkResolver.cpp, line 773]
Event: 3.287 Thread 0x00000207f78e6d10 Exception <a 'java/lang/ClassNotFoundException'{0x00000000880a0778}: sun/util/logging/resources/spi/loggingProvider> (0x00000000880a0778) 
thrown [s\src\hotspot\share\classfile\systemDictionary.cpp, line 312]
Event: 3.349 Thread 0x00000207f78e6d10 Exception <a 'java/lang/NoSuchMethodError'{0x0000000087f3f770}: 'void java.lang.invoke.DirectMethodHandle$Holder.invokeStaticInit(java.lang.Object, java.lang.Object)'> (0x0000000087f3f770) 
thrown [s\src\hotspot\share\interpreter\linkResolver.cpp, line 773]
Event: 8.100 Thread 0x00000207f78e6d10 Exception <a 'java/lang/NoSuchMethodError'{0x0000000087feaa40}: 'long java.lang.invoke.DelegatingMethodHandle$Holder.reinvoke_L(java.lang.Object, java.lang.Object)'> (0x0000000087feaa40) 
thrown [s\src\hotspot\share\interpreter\linkResolver.cpp, line 773]
Event: 8.101 Thread 0x00000207f78e6d10 Exception <a 'java/lang/NoSuchMethodError'{0x0000000087ff4768}: 'void java.lang.invoke.DelegatingMethodHandle$Holder.reinvoke_L(java.lang.Object, java.lang.Object, long)'> (0x0000000087ff4768) 
thrown [s\src\hotspot\share\interpreter\linkResolver.cpp, line 773]
Event: 8.102 Thread 0x00000207f78e6d10 Exception <a 'java/lang/NoSuchMethodError'{0x0000000087ffaf78}: 'long java.lang.invoke.Invokers$Holder.invokeExact_MT(java.lang.Object, java.lang.Object, java.lang.Object)'> (0x0000000087ffaf78) 
thrown [s\src\hotspot\share\interpreter\linkResolver.cpp, line 773]
Event: 41.955 Thread 0x00000207d7c0bec0 Exception <a 'java/net/ConnectException'{0x0000000088d1e808}: Connection refused: getsockopt> (0x0000000088d1e808) 
thrown [s\src\hotspot\share\prims\jni.cpp, line 539]
Event: 41.966 Thread 0x00000207d7c0bec0 Exception <a 'java/net/ConnectException'{0x0000000088d1f800}: Connection refused: getsockopt> (0x0000000088d1f800) 
thrown [s\src\hotspot\share\prims\jni.cpp, line 539]
Event: 41.998 Thread 0x00000207d7c0bec0 Exception <a 'java/net/ConnectException'{0x0000000088d207f8}: Connection refused: getsockopt> (0x0000000088d207f8) 
thrown [s\src\hotspot\share\prims\jni.cpp, line 539]

ZGC Phase Switch (0 events):
No events

VM Operations (20 events):
Event: 8.315 Executing VM operation: Cleanup
Event: 8.315 Executing VM operation: Cleanup done
Event: 9.328 Executing VM operation: Cleanup
Event: 9.329 Executing VM operation: Cleanup done
Event: 10.331 Executing VM operation: Cleanup
Event: 10.331 Executing VM operation: Cleanup done
Event: 11.331 Executing VM operation: Cleanup
Event: 11.331 Executing VM operation: Cleanup done
Event: 41.624 Executing VM operation: Cleanup
Event: 41.624 Executing VM operation: Cleanup done
Event: 42.057 Executing VM operation: G1CollectForAllocation (G1 Evacuation Pause)
Event: 42.069 Executing VM operation: G1CollectForAllocation (G1 Evacuation Pause) done
Event: 43.071 Executing VM operation: Cleanup
Event: 43.071 Executing VM operation: Cleanup done
Event: 44.072 Executing VM operation: Cleanup
Event: 44.072 Executing VM operation: Cleanup done
Event: 48.112 Executing VM operation: Cleanup
Event: 48.112 Executing VM operation: Cleanup done
Event: 49.116 Executing VM operation: Cleanup
Event: 49.116 Executing VM operation: Cleanup done

Memory protections (0 events):
No events

Nmethod flushes (0 events):
No events

Events (20 events):
Event: 3.154 Thread 0x00000207d916e9f0 Thread added: 0x00000207d916f080
Event: 3.304 Thread 0x0000020791b03aa0 Thread added: 0x00000207d7f32fc0
Event: 4.735 Thread 0x00000207d7f32fc0 Thread exited: 0x00000207d7f32fc0
Event: 11.890 Thread 0x00000207d8523700 Thread exited: 0x00000207d8523700
Event: 41.421 Thread 0x00000207f78e6d10 Thread added: 0x00000207d916f710
Event: 41.615 Thread 0x00000207d916f710 Thread exited: 0x00000207d916f710
Event: 41.621 Thread 0x00000207f78e6d10 Thread added: 0x00000207d916f710
Event: 41.954 Thread 0x00000207f78e6d10 Thread added: 0x00000207d916c290
Event: 41.954 Thread 0x00000207f78e6d10 Thread added: 0x00000207d8523700
Event: 41.955 Thread 0x00000207f78e6d10 Thread added: 0x00000207d80f36d0
Event: 42.048 Thread 0x00000207d7c0bec0 Thread added: 0x00000207d80f5e30
Event: 42.054 Thread 0x00000207f78e6d10 Thread added: 0x00000207d80f3d60
Event: 42.057 Thread 0x00000207d916f710 Thread added: 0x00000207d80f43f0
Event: 42.070 Thread 0x00000207d916f710 Thread added: 0x00000207d80f64c0
Event: 42.944 Thread 0x00000207f78e6d10 Thread added: 0x00000207d80f4a80
Event: 42.944 Thread 0x00000207f78e6d10 Thread added: 0x00000207d80f57a0
Event: 42.946 Thread 0x00000207d80f4a80 Thread added: 0x00000207d80f5110
Event: 42.946 Thread 0x00000207d80f4a80 Thread added: 0x00000207d80f3040
Event: 48.265 Thread 0x0000020791b03aa0 Thread added: 0x00000207d7f31b50
Event: 48.292 Thread 0x00000207d7332a90 Thread exited: 0x00000207d7332a90


Dynamic libraries:
0x00007ff6c9340000 - 0x00007ff6c934e000 	C:\Users\user\.p2\pool\plugins\org.eclipse.justj.openjdk.hotspot.jre.full.win32.x86_64_21.0.7.v20250502-0916\jre\bin\javaw.exe
0x00007ff92cea0000 - 0x00007ff92d107000 	C:\WINDOWS\SYSTEM32\ntdll.dll
0x00007ff9251b0000 - 0x00007ff9251d0000 	C:\Program Files\Norton\Suite\aswhook.dll
0x00007ff92cce0000 - 0x00007ff92cda9000 	C:\WINDOWS\System32\KERNEL32.DLL
0x00007ff92a170000 - 0x00007ff92a55f000 	C:\WINDOWS\System32\KERNELBASE.dll
0x00007ff92a620000 - 0x00007ff92a76b000 	C:\WINDOWS\System32\ucrtbase.dll
0x00007ff921e30000 - 0x00007ff921e4e000 	C:\Users\user\.p2\pool\plugins\org.eclipse.justj.openjdk.hotspot.jre.full.win32.x86_64_21.0.7.v20250502-0916\jre\bin\VCRUNTIME140.dll
0x00007ff921390000 - 0x00007ff9213a8000 	C:\Users\user\.p2\pool\plugins\org.eclipse.justj.openjdk.hotspot.jre.full.win32.x86_64_21.0.7.v20250502-0916\jre\bin\jli.dll
0x00007ff92b770000 - 0x00007ff92b935000 	C:\WINDOWS\System32\USER32.dll
0x00007ff92a8c0000 - 0x00007ff92a8e7000 	C:\WINDOWS\System32\win32u.dll
0x00007ff909880000 - 0x00007ff909b13000 	C:\WINDOWS\WinSxS\amd64_microsoft.windows.common-controls_6595b64144ccf1df_6.0.26100.7309_none_3e05feeae336a044\COMCTL32.dll
0x00007ff92b6e0000 - 0x00007ff92b70b000 	C:\WINDOWS\System32\GDI32.dll
0x00007ff92cdb0000 - 0x00007ff92ce59000 	C:\WINDOWS\System32\msvcrt.dll
0x00007ff92ab10000 - 0x00007ff92ac3c000 	C:\WINDOWS\System32\gdi32full.dll
0x00007ff92a8f0000 - 0x00007ff92a993000 	C:\WINDOWS\System32\msvcp_win.dll
0x00007ff92c4c0000 - 0x00007ff92c4f1000 	C:\WINDOWS\System32\IMM32.DLL
0x00007ff924710000 - 0x00007ff92471c000 	C:\Users\user\.p2\pool\plugins\org.eclipse.justj.openjdk.hotspot.jre.full.win32.x86_64_21.0.7.v20250502-0916\jre\bin\vcruntime140_1.dll
0x00007ff8eab90000 - 0x00007ff8eac1d000 	C:\Users\user\.p2\pool\plugins\org.eclipse.justj.openjdk.hotspot.jre.full.win32.x86_64_21.0.7.v20250502-0916\jre\bin\msvcp140.dll
0x00007ff853d90000 - 0x00007ff854b20000 	C:\Users\user\.p2\pool\plugins\org.eclipse.justj.openjdk.hotspot.jre.full.win32.x86_64_21.0.7.v20250502-0916\jre\bin\server\jvm.dll
0x00007ff92bbe0000 - 0x00007ff92bc94000 	C:\WINDOWS\System32\ADVAPI32.dll
0x00007ff92bca0000 - 0x00007ff92bd46000 	C:\WINDOWS\System32\sechost.dll
0x00007ff92bac0000 - 0x00007ff92bbd8000 	C:\WINDOWS\System32\RPCRT4.dll
0x00007ff92c030000 - 0x00007ff92c0a4000 	C:\WINDOWS\System32\WS2_32.dll
0x00007ff9208d0000 - 0x00007ff9208db000 	C:\WINDOWS\SYSTEM32\VERSION.dll
0x00007ff929e50000 - 0x00007ff929eae000 	C:\WINDOWS\SYSTEM32\POWRPROF.dll
0x00007ff90b1d0000 - 0x00007ff90b205000 	C:\WINDOWS\SYSTEM32\WINMM.dll
0x00007ff929e30000 - 0x00007ff929e44000 	C:\WINDOWS\SYSTEM32\UMPDC.dll
0x00007ff928da0000 - 0x00007ff928dbb000 	C:\WINDOWS\SYSTEM32\kernel.appcore.dll
0x00007ff921320000 - 0x00007ff92132a000 	C:\Users\user\.p2\pool\plugins\org.eclipse.justj.openjdk.hotspot.jre.full.win32.x86_64_21.0.7.v20250502-0916\jre\bin\jimage.dll
0x00007ff9279b0000 - 0x00007ff927bf2000 	C:\WINDOWS\SYSTEM32\DBGHELP.DLL
0x00007ff92c0b0000 - 0x00007ff92c435000 	C:\WINDOWS\System32\combase.dll
0x00007ff92bdb0000 - 0x00007ff92be86000 	C:\WINDOWS\System32\OLEAUT32.dll
0x00007ff91f590000 - 0x00007ff91f5cc000 	C:\WINDOWS\SYSTEM32\dbgcore.DLL
0x00007ff92a570000 - 0x00007ff92a615000 	C:\WINDOWS\System32\bcryptPrimitives.dll
0x00007ff921300000 - 0x00007ff92131f000 	C:\Users\user\.p2\pool\plugins\org.eclipse.justj.openjdk.hotspot.jre.full.win32.x86_64_21.0.7.v20250502-0916\jre\bin\java.dll
0x00007ff92ad70000 - 0x00007ff92b4c3000 	C:\WINDOWS\System32\SHELL32.dll
0x00007ff92a9a0000 - 0x00007ff92ab0a000 	C:\WINDOWS\System32\wintypes.dll
0x00007ff927c30000 - 0x00007ff92848e000 	C:\WINDOWS\SYSTEM32\windows.storage.dll
0x00007ff92bf30000 - 0x00007ff92c025000 	C:\WINDOWS\System32\SHCORE.dll
0x00007ff92ad00000 - 0x00007ff92ad66000 	C:\WINDOWS\System32\shlwapi.dll
0x00007ff929f10000 - 0x00007ff929f39000 	C:\WINDOWS\SYSTEM32\profapi.dll
0x00007ff920100000 - 0x00007ff920118000 	C:\Users\user\.p2\pool\plugins\org.eclipse.justj.openjdk.hotspot.jre.full.win32.x86_64_21.0.7.v20250502-0916\jre\bin\zip.dll
0x00007ff921000000 - 0x00007ff921010000 	C:\Users\user\.p2\pool\plugins\org.eclipse.justj.openjdk.hotspot.jre.full.win32.x86_64_21.0.7.v20250502-0916\jre\bin\net.dll
0x00007ff9225f0000 - 0x00007ff922718000 	C:\WINDOWS\SYSTEM32\WINHTTP.dll
0x00007ff929310000 - 0x00007ff92937b000 	C:\WINDOWS\system32\mswsock.dll
0x00007ff9200e0000 - 0x00007ff9200f6000 	C:\Users\user\.p2\pool\plugins\org.eclipse.justj.openjdk.hotspot.jre.full.win32.x86_64_21.0.7.v20250502-0916\jre\bin\nio.dll
0x00007ff928840000 - 0x00007ff92896c000 	C:\WINDOWS\SYSTEM32\DNSAPI.dll
0x00007ff9287b0000 - 0x00007ff9287e4000 	C:\WINDOWS\SYSTEM32\IPHLPAPI.DLL
0x00007ff92c520000 - 0x00007ff92c52a000 	C:\WINDOWS\System32\NSI.dll
0x00007ff91d0e0000 - 0x00007ff91d0eb000 	C:\Windows\System32\rasadhlp.dll
0x00007ff920d00000 - 0x00007ff920d86000 	C:\WINDOWS\System32\fwpuclnt.dll
0x00007ff91f220000 - 0x00007ff91f229000 	C:\Users\user\.p2\pool\plugins\org.eclipse.justj.openjdk.hotspot.jre.full.win32.x86_64_21.0.7.v20250502-0916\jre\bin\extnet.dll
0x00007ff9295d0000 - 0x00007ff9295eb000 	C:\WINDOWS\SYSTEM32\CRYPTSP.dll
0x00007ff928d00000 - 0x00007ff928d3a000 	C:\WINDOWS\system32\rsaenh.dll
0x00007ff9293c0000 - 0x00007ff9293eb000 	C:\WINDOWS\SYSTEM32\USERENV.dll
0x00007ff929ee0000 - 0x00007ff929f0a000 	C:\WINDOWS\SYSTEM32\bcrypt.dll
0x00007ff9295f0000 - 0x00007ff9295fc000 	C:\WINDOWS\SYSTEM32\CRYPTBASE.dll
0x00007ff925140000 - 0x00007ff92514a000 	C:\Users\user\.p2\pool\plugins\org.eclipse.justj.openjdk.hotspot.jre.full.win32.x86_64_21.0.7.v20250502-0916\jre\bin\management.dll
0x00007ff924a00000 - 0x00007ff924a0b000 	C:\Users\user\.p2\pool\plugins\org.eclipse.justj.openjdk.hotspot.jre.full.win32.x86_64_21.0.7.v20250502-0916\jre\bin\management_ext.dll
0x00007ff92bf20000 - 0x00007ff92bf28000 	C:\WINDOWS\System32\PSAPI.DLL
0x00007ff91f2f0000 - 0x00007ff91f2fe000 	C:\Users\user\.p2\pool\plugins\org.eclipse.justj.openjdk.hotspot.jre.full.win32.x86_64_21.0.7.v20250502-0916\jre\bin\sunmscapi.dll
0x00007ff929ff0000 - 0x00007ff92a167000 	C:\WINDOWS\System32\CRYPT32.dll
0x00007ff9297f0000 - 0x00007ff929820000 	C:\WINDOWS\SYSTEM32\ncrypt.dll
0x00007ff9297a0000 - 0x00007ff9297df000 	C:\WINDOWS\SYSTEM32\NTASN1.dll
0x00007ff8f5a90000 - 0x00007ff8f5a98000 	C:\WINDOWS\system32\wshunix.dll
0x00007ff9002d0000 - 0x00007ff9002e8000 	C:\WINDOWS\system32\napinsp.dll
0x00007ff8ff590000 - 0x00007ff8ff5a2000 	C:\WINDOWS\System32\winrnr.dll
0x00007ff8ff560000 - 0x00007ff8ff582000 	C:\WINDOWS\system32\nlansp_c.dll
0x00007ff921770000 - 0x00007ff921786000 	C:\WINDOWS\system32\wshbth.dll

dbghelp: loaded successfully - version: 4.0.5 - missing functions: none
symbol engine: initialized successfully - sym options: 0x614 - pdb path: .;C:\Users\user\.p2\pool\plugins\org.eclipse.justj.openjdk.hotspot.jre.full.win32.x86_64_21.0.7.v20250502-0916\jre\bin;C:\WINDOWS\SYSTEM32;C:\Program Files\Norton\Suite;C:\WINDOWS\WinSxS\amd64_microsoft.windows.common-controls_6595b64144ccf1df_6.0.26100.7309_none_3e05feeae336a044;C:\Users\user\.p2\pool\plugins\org.eclipse.justj.openjdk.hotspot.jre.full.win32.x86_64_21.0.7.v20250502-0916\jre\bin\server

VM Arguments:
jvm_args: -ea -Dfile.encoding=UTF-8 -Dstdout.encoding=UTF-8 -Dstderr.encoding=UTF-8 -XX:+ShowCodeDetailsInExceptionMessages 
java_command: org.testng.remote.RemoteTestNG -serport 50099 -protocol json -d E:\1 Testing class\test_example_1\ProjectJhonLewis\test-output C:\Users\user\AppData\Local\Temp\testng-eclipse--318582875\testng-customsuite.xml
java_class_path (initial): C:\Users\user\eclipse\jee-2025-06\eclipse\configuration\org.eclipse.osgi\1008\0\.cp\lib\testng-remote.jar;E:\1 Testing class\test_example_1\ProjectJhonLewis\target\test-classes;E:\1 Testing class\test_example_1\ProjectJhonLewis\target\classes;C:\Users\user\.p2\pool\plugins\org.testng_7.11.0.r202503091654.jar;C:\Users\user\.p2\pool\plugins\com.beust.jcommander_1.83.0.jar;C:\Users\user\.p2\pool\plugins\slf4j.api_2.0.17.jar;C:\Users\user\.p2\pool\plugins\org.yaml.snakeyaml_2.2.0.jar;C:\Users\user\.p2\pool\plugins\org.webjars.jquery_3.7.1.jar;C:\Users\user\.m2\repository\org\seleniumhq\selenium\selenium-java\4.35.0\selenium-java-4.35.0.jar;C:\Users\user\.m2\repository\org\seleniumhq\selenium\selenium-api\4.35.0\selenium-api-4.35.0.jar;C:\Users\user\.m2\repository\org\jspecify\jspecify\1.0.0\jspecify-1.0.0.jar;C:\Users\user\.m2\repository\org\seleniumhq\selenium\selenium-chrome-driver\4.35.0\selenium-chrome-driver-4.35.0.jar;C:\Users\user\.m2\repository\com\google\auto\service\auto-service-annotations\1.1.1\auto-service-annotations-1.1.1.jar;C:\Users\user\.m2\repository\org\seleniumhq\selenium\selenium-chromium-driver\4.35.0\selenium-chromium-driver-4.35.0.jar;C:\Users\user\.m2\repository\org\seleniumhq\selenium\selenium-json\4.35.0\selenium-json-4.35.0.jar;C:\Users\user\.m2\repository\org\seleniumhq\selenium\selenium-manager\4.35.0\selenium-manager-4.35.0.jar;C:\Users\user\.m2\repository\org\seleniumhq\selenium\selenium-devtools-v137\4.35.0\selenium-devtools-v137-4.35.0.jar;C:\Users\user\.m2\repository\org\seleniumhq\selenium\selenium-devtools-v138\4.35.0\selenium-devtools-v138-4.35.0.jar;C:\Users\user\.m2\repository\org\seleniumhq\selenium\selenium-devtools-v139\4.35.0\selenium-devtools-v139-4.35.0.jar;C:\Users\user\.m2\repository\org\seleniumhq\selenium\selenium-edge-driver\4.35.0\selenium-edge-driver-4.35.0.jar;C:\Users\user\.m2\repository\org\seleniumhq\selenium\selenium-firefox-driver\4.35.0\selenium-firefox-driver-4.35.0.jar;C:\Users\user\.m2\repository\org\seleniumhq\selenium\selenium-http\4.35.0\selenium-http-4.35.0.jar;C:\Users\user\.m2\repository\org\seleniumhq\selenium\selenium-ie-driver\4.35.0\selenium-ie-driver-4.35.0.jar;C:\Users\user\.m2\repository\org\seleniumhq\selenium\selenium-remote-driver\4.35.0\selenium-remote-driver-4.35.0.jar;C:\Users\user\.m2\repository\com\google\guava\guava\33.4.8-jre\guava-33.4.8-jre.jar;C:\Users\user\.m2\repository\com\google\guava\failureaccess\1.0.3\failureaccess-1.0.3.jar;C:\Users\user\.m2\repository\com\google\guava\listenablefuture\9999.0-empty-to-avoid-conflict-with-guava\listenablefuture-9999.0-empty-to-avoid-conflict-with-guava.jar;C:\Users\user\.m2\repository\com\google\errorprone\error_prone_annotations\2.36.0\error_prone_annotations-2.36.0.jar;C:\Users\user\.m2\repository\com\google\j2objc\j2objc-annotations\3.0.0\j2objc-annotations-3.0.0.jar;C:\Users\user\.m2\repository\io\opentelemetry\opentelemetry-api\1.53.0\opentelemetry-api-1.53.0.jar;C:\Users\user\.m2\repository\io\opentelemetry\opentelemetry-context\1.53.0\opentelemetry-context-1.53.0.jar;C:\Users\user\.m2\repository\io\opentelemetry\opentelemetry-common\1.53.0\opentelemetry-common-1.53.0.jar;C:\Users\user\.m2\repository\io\opentelemetry\opentelemetry-exporter-logging\1.53.0\opentelemetry-exporter-logging-1.53.0.jar;C:\Users\user\.m2\repository\io\opentelemetry\opentelemetry-sdk-common\1.53.0\opentelemetry-sdk-common-1.53.0.jar;C:\Users\user\.m2\repository\io\opentelemetry\opentelemetry-sdk-extension-autoconfigure-spi\1.53.0\opentelemetry-sdk-extension-autoconfigure-spi-1.53.0.jar;C:\Users\user\.m2\repository\io\opentelemetry\opentelemetry-sdk-extension-autoconfigure\1.53.0\opentelemetry-sdk-extension-autoconfigure-1.53.0.jar;C:\Users\user\.m2\repository\io\opentelemetry\opentelemetry-sdk-trace\1.53.0\opentelemetry-sdk-trace-1.53.0.jar;C:\Users\user\.m2\repository\io\opentelemetry\opentelemetry-sdk\1.53.0\opentelemetry-sdk-1.53.0.jar;C:\Users\user\.m2\repository\io\opentelemetry\opentelemetry-sdk-metrics\1.53.0\opentelemetry-sdk-metrics-1.53.0.jar;C:\Users\user\.m2\repository\io\opentelemetry\opentelemetry-sdk-logs\1.53.0\opentelemetry-sdk-logs-1.53.0.jar;C:\Users\user\.m2\repository\net\bytebuddy\byte-buddy\1.17.6\byte-buddy-1.17.6.jar;C:\Users\user\.m2\repository\org\seleniumhq\selenium\selenium-os\4.35.0\selenium-os-4.35.0.jar;C:\Users\user\.m2\repository\org\apache\commons\commons-exec\1.5.0\commons-exec-1.5.0.jar;C:\Users\user\.m2\repository\org\seleniumhq\selenium\selenium-safari-driver\4.35.0\selenium-safari-driver-4.35.0.jar;C:\Users\user\.m2\repository\org\seleniumhq\selenium\selenium-support\4.35.0\selenium-support-4.35.0.jar;C:\Users\user\.m2\repository\org\testng\testng\7.11.0\testng-7.11.0.jar;C:\Users\user\.m2\repository\org\slf4j\slf4j-api\2.0.16\slf4j-api-2.0.16.jar;C:\Users\user\.m2\repository\org\jcommander\jcommander\1.83\jcommander-1.83.jar;C:\Users\user\.m2\repository\org\webjars\jquery\3.7.1\jquery-3.7.1.jar
Launcher Type: SUN_STANDARD

[Global flags]
     intx CICompilerCount                          = 4                                         {product} {ergonomic}
     uint ConcGCThreads                            = 2                                         {product} {ergonomic}
     uint G1ConcRefinementThreads                  = 8                                         {product} {ergonomic}
   size_t G1HeapRegionSize                         = 1048576                                   {product} {ergonomic}
    uintx GCDrainStackTargetSize                   = 64                                        {product} {ergonomic}
   size_t InitialHeapSize                          = 134217728                                 {product} {ergonomic}
   size_t MarkStackSize                            = 4194304                                   {product} {ergonomic}
   size_t MaxHeapSize                              = 2116026368                                {product} {ergonomic}
   size_t MaxNewSize                               = 1268776960                                {product} {ergonomic}
   size_t MinHeapDeltaBytes                        = 1048576                                   {product} {ergonomic}
   size_t MinHeapSize                              = 8388608                                   {product} {ergonomic}
    uintx NonNMethodCodeHeapSize                   = 5839372                                {pd product} {ergonomic}
    uintx NonProfiledCodeHeapSize                  = 122909434                              {pd product} {ergonomic}
    uintx ProfiledCodeHeapSize                     = 122909434                              {pd product} {ergonomic}
    uintx ReservedCodeCacheSize                    = 251658240                              {pd product} {ergonomic}
     bool SegmentedCodeCache                       = true                                      {product} {ergonomic}
     bool ShowCodeDetailsInExceptionMessages       = true                                   {manageable} {command line}
   size_t SoftMaxHeapSize                          = 2116026368                             {manageable} {ergonomic}
     bool UseCompressedOops                        = true                           {product lp64_product} {ergonomic}
     bool UseG1GC                                  = true                                      {product} {ergonomic}
     bool UseLargePagesIndividualAllocation        = false                                  {pd product} {ergonomic}

Logging:
Log output configuration:
 #0: stdout all=warning uptime,level,tags foldmultilines=false
 #1: stderr all=off uptime,level,tags foldmultilines=false

Environment Variables:
PATH=C:/Users/user/.p2/pool/plugins/org.eclipse.justj.openjdk.hotspot.jre.full.win32.x86_64_21.0.7.v20250502-0916/jre/bin/server;C:/Users/user/.p2/pool/plugins/org.eclipse.justj.openjdk.hotspot.jre.full.win32.x86_64_21.0.7.v20250502-0916/jre/bin;C:\Program Files\Common Files\Oracle\Java\javapath;C:\Windows\system32;C:\Windows;C:\Windows\System32\Wbem;C:\Windows\System32\WindowsPowerShell\v1.0\;C:\Windows\System32\OpenSSH\;C:\Program Files (x86)\NVIDIA Corporation\PhysX\Common;C:\Program Files\NVIDIA Corporation\NVIDIA NvDLISR;C:\WINDOWS\system32;C:\WINDOWS;C:\WINDOWS\System32\Wbem;C:\WINDOWS\System32\WindowsPowerShell\v1.0\;C:\WINDOWS\System32\OpenSSH\;C:\Program Files\dotnet\;C:\Program Files\Git\cmd;C:\Users\user\AppData\Local\Microsoft\WindowsApps;C:\Users\user\AppData\Local\Programs\Microsoft VS Code\bin;C:\Users\user\Desktop;
USERNAME=user
OS=Windows_NT
PROCESSOR_IDENTIFIER=Intel64 Family 6 Model 142 Stepping 12, GenuineIntel
TMP=C:\Users\user\AppData\Local\Temp
TEMP=C:\Users\user\AppData\Local\Temp




Periodic native trim disabled

---------------  S Y S T E M  ---------------

OS:
 Windows 11 , 64 bit Build 26100 (10.0.26100.7309)
OS uptime: 7 days 7:28 hours

CPU: total 8 (initial active 8) (4 cores per cpu, 2 threads per core) family 6 model 142 stepping 12 microcode 0xde, cx8, cmov, fxsr, ht, mmx, 3dnowpref, sse, sse2, sse3, ssse3, sse4.1, sse4.2, popcnt, lzcnt, tsc, tscinvbit, avx, avx2, aes, erms, clmul, bmi1, bmi2, adx, fma, vzeroupper, clflush, clflushopt, rdtscp, f16c
Processor Information for the first 8 processors :
  Max Mhz: 1800, Current Mhz: 1600, Mhz Limit: 1584

Memory: 4k page, system-wide physical 8071M (769M free)
TotalPageFile size 21572M (AvailPageFile size 5M)
current process WorkingSet (physical memory assigned to process): 124M, peak: 128M
current process commit charge ("private bytes"): 247M, peak: 258M

vm_info: OpenJDK 64-Bit Server VM (21.0.7+6-LTS) for windows-amd64 JRE (21.0.7+6-LTS), built on 2025-04-15T00:00:00Z by "admin" with MS VC++ 17.7 (VS2022)

END.
