#
# There is insufficient memory for the Java Runtime Environment to continue.
# Native memory allocation (malloc) failed to allocate 1162256 bytes. Error detail: Chunk::new
# Possible reasons:
#   The system is out of physical RAM or swap space
#   This process is running with CompressedOops enabled, and the Java Heap may be blocking the growth of the native heap
# Possible solutions:
#   Reduce memory load on the system
#   Increase physical memory or swap space
#   Check if swap backing store is full
#   Decrease Java heap size (-Xmx/-Xms)
#   Decrease number of Java threads
#   Decrease Java thread stack sizes (-Xss)
#   Set larger code cache with -XX:ReservedCodeCacheSize=
#   JVM is running with Unscaled Compressed Oops mode in which the Java heap is
#     placed in the first 4GB address space. The Java Heap base address is the
#     maximum limit for the native heap growth. Please use -XX:HeapBaseMinAddress
#     to set the Java Heap base and to place the Java Heap above 4GB virtual address.
# This output file may be truncated or incomplete.
#
#  Out of Memory Error (arena.cpp:168), pid=36148, tid=30808
#
# JRE version: OpenJDK Runtime Environment Temurin-21.0.7+6 (21.0.7+6) (build 21.0.7+6-LTS)
# Java VM: OpenJDK 64-Bit Server VM Temurin-21.0.7+6 (21.0.7+6-LTS, mixed mode, sharing, tiered, compressed oops, compressed class ptrs, g1 gc, windows-amd64)
# No core dump will be written. Minidumps are not enabled by default on client versions of Windows
#

---------------  S U M M A R Y ------------

Command Line: -ea -Dfile.encoding=UTF-8 -Dstdout.encoding=UTF-8 -Dstderr.encoding=UTF-8 -XX:+ShowCodeDetailsInExceptionMessages org.testng.remote.RemoteTestNG -serport 57070 -protocol json -d E:\1 Testing class\test_example_1\ProjectJhonLewis\test-output C:\Users\user\AppData\Local\Temp\testng-eclipse--1632565221\testng-customsuite.xml

Host: Intel(R) Core(TM) i5-8265U CPU @ 1.60GHz, 8 cores, 7G,  Windows 11 , 64 bit Build 26100 (10.0.26100.7019)
Time: Wed Dec 10 18:17:06 2025 GMT Standard Time elapsed time: 2.609310 seconds (0d 0h 0m 2s)

---------------  T H R E A D  ---------------

Current thread (0x000002b8eb7bced0):  JavaThread "C2 CompilerThread0" daemon [_thread_in_native, id=30808, stack(0x000000ddd6b00000,0x000000ddd6c00000) (1024K)]


Current CompileTask:
C2:2609 1615       4       java.lang.invoke.MethodType::makeImpl (109 bytes)

Stack: [0x000000ddd6b00000,0x000000ddd6c00000]
Native frames: (J=compiled Java code, j=interpreted, Vv=VM code, C=native code)
V  [jvm.dll+0x6ce119]
V  [jvm.dll+0x8a84a1]
V  [jvm.dll+0x8aa9ce]
V  [jvm.dll+0x8ab0b3]
V  [jvm.dll+0x27f8a6]
V  [jvm.dll+0xc507d]
V  [jvm.dll+0xc55b3]
V  [jvm.dll+0x3b68f2]
V  [jvm.dll+0x1dfe33]
V  [jvm.dll+0x247c42]
V  [jvm.dll+0x2470cf]
V  [jvm.dll+0x1c760e]
V  [jvm.dll+0x25695a]
V  [jvm.dll+0x254efa]
V  [jvm.dll+0x3f03f6]
V  [jvm.dll+0x851f6b]
V  [jvm.dll+0x6cc7dd]
C  [ucrtbase.dll+0x37b0]
C  [KERNEL32.DLL+0x2e8d7]
C  [ntdll.dll+0x8c53c]


---------------  P R O C E S S  ---------------

Threads class SMR info:
_java_thread_list=0x000002b8f0cc61e0, length=17, elements={
0x000002b8d1705de0, 0x000002b8eb7a29d0, 0x000002b8eb7a4140, 0x000002b8eb7aa350,
0x000002b8eb7aada0, 0x000002b8eb7ad230, 0x000002b8eb7b39c0, 0x000002b8eb7bced0,
0x000002b8eb7c1aa0, 0x000002b8eb915840, 0x000002b8eb92b220, 0x000002b8f025ecc0,
0x000002b8f0845390, 0x000002b8f0846b30, 0x000002b8f07458e0, 0x000002b8f10a6f50,
0x000002b8f17ce890
}

Java Threads: ( => current thread )
  0x000002b8d1705de0 JavaThread "Forwarding newSession on session null to remote"        [_thread_in_native, id=37192, stack(0x000000ddd5d00000,0x000000ddd5e00000) (1024K)]
  0x000002b8eb7a29d0 JavaThread "Reference Handler"          daemon [_thread_blocked, id=32044, stack(0x000000ddd6500000,0x000000ddd6600000) (1024K)]
  0x000002b8eb7a4140 JavaThread "Finalizer"                  daemon [_thread_blocked, id=37136, stack(0x000000ddd6600000,0x000000ddd6700000) (1024K)]
  0x000002b8eb7aa350 JavaThread "Signal Dispatcher"          daemon [_thread_blocked, id=25240, stack(0x000000ddd6700000,0x000000ddd6800000) (1024K)]
  0x000002b8eb7aada0 JavaThread "Attach Listener"            daemon [_thread_blocked, id=30600, stack(0x000000ddd6800000,0x000000ddd6900000) (1024K)]
  0x000002b8eb7ad230 JavaThread "Service Thread"             daemon [_thread_blocked, id=5656, stack(0x000000ddd6900000,0x000000ddd6a00000) (1024K)]
  0x000002b8eb7b39c0 JavaThread "Monitor Deflation Thread"   daemon [_thread_blocked, id=32428, stack(0x000000ddd6a00000,0x000000ddd6b00000) (1024K)]
=>0x000002b8eb7bced0 JavaThread "C2 CompilerThread0"         daemon [_thread_in_native, id=30808, stack(0x000000ddd6b00000,0x000000ddd6c00000) (1024K)]
  0x000002b8eb7c1aa0 JavaThread "C1 CompilerThread0"         daemon [_thread_blocked, id=2792, stack(0x000000ddd6c00000,0x000000ddd6d00000) (1024K)]
  0x000002b8eb915840 JavaThread "Notification Thread"        daemon [_thread_blocked, id=23912, stack(0x000000ddd6d00000,0x000000ddd6e00000) (1024K)]
  0x000002b8eb92b220 JavaThread "Common-Cleaner"             daemon [_thread_blocked, id=32320, stack(0x000000ddd6e00000,0x000000ddd6f00000) (1024K)]
  0x000002b8f025ecc0 JavaThread "ReaderThread"                      [_thread_in_native, id=34968, stack(0x000000ddd7100000,0x000000ddd7200000) (1024K)]
  0x000002b8f0845390 JavaThread "ForkJoinPool.commonPool-worker-1" daemon [_thread_blocked, id=17872, stack(0x000000ddd7200000,0x000000ddd7300000) (1024K)]
  0x000002b8f0846b30 JavaThread "ForkJoinPool.commonPool-worker-2" daemon [_thread_blocked, id=34292, stack(0x000000ddd7300000,0x000000ddd7400000) (1024K)]
  0x000002b8f07458e0 JavaThread "C2 CompilerThread1"         daemon [_thread_blocked, id=27588, stack(0x000000ddd7a00000,0x000000ddd7b00000) (1024K)]
  0x000002b8f10a6f50 JavaThread "C2 CompilerThread2"         daemon [_thread_blocked, id=37596, stack(0x000000ddd7b00000,0x000000ddd7c00000) (1024K)]
  0x000002b8f17ce890 JavaThread "HttpClient-1-SelectorManager" daemon [_thread_in_native, id=14760, stack(0x000000ddd7c00000,0x000000ddd7d00000) (1024K)]
Total: 17

Other Threads:
  0x000002b8eb7874d0 VMThread "VM Thread"                           [id=34872, stack(0x000000ddd6400000,0x000000ddd6500000) (1024K)]
  0x000002b8eb770670 WatcherThread "VM Periodic Task Thread"        [id=35356, stack(0x000000ddd6300000,0x000000ddd6400000) (1024K)]
  0x000002b8d1b6e890 WorkerThread "GC Thread#0"                     [id=33724, stack(0x000000ddd5e00000,0x000000ddd5f00000) (1024K)]
  0x000002b8f095b020 WorkerThread "GC Thread#1"                     [id=4676, stack(0x000000ddd6f00000,0x000000ddd7000000) (1024K)]
  0x000002b8f07caa10 WorkerThread "GC Thread#2"                     [id=9860, stack(0x000000ddd7400000,0x000000ddd7500000) (1024K)]
  0x000002b8f07cadb0 WorkerThread "GC Thread#3"                     [id=28576, stack(0x000000ddd7500000,0x000000ddd7600000) (1024K)]
  0x000002b8f0715430 WorkerThread "GC Thread#4"                     [id=37264, stack(0x000000ddd7600000,0x000000ddd7700000) (1024K)]
  0x000002b8f0716870 WorkerThread "GC Thread#5"                     [id=35032, stack(0x000000ddd7700000,0x000000ddd7800000) (1024K)]
  0x000002b8f071ee40 WorkerThread "GC Thread#6"                     [id=36700, stack(0x000000ddd7800000,0x000000ddd7900000) (1024K)]
  0x000002b8f071f5f0 WorkerThread "GC Thread#7"                     [id=37580, stack(0x000000ddd7900000,0x000000ddd7a00000) (1024K)]
  0x000002b8d1b7f3c0 ConcurrentGCThread "G1 Main Marker"            [id=2940, stack(0x000000ddd5f00000,0x000000ddd6000000) (1024K)]
  0x000002b8d1b813f0 WorkerThread "G1 Conc#0"                       [id=29232, stack(0x000000ddd6000000,0x000000ddd6100000) (1024K)]
  0x000002b8eb62e960 ConcurrentGCThread "G1 Refine#0"               [id=32300, stack(0x000000ddd6100000,0x000000ddd6200000) (1024K)]
  0x000002b8eb630190 ConcurrentGCThread "G1 Service"                [id=5492, stack(0x000000ddd6200000,0x000000ddd6300000) (1024K)]
Total: 14

Threads with active compile tasks:
C2 CompilerThread0  2658 1615       4       java.lang.invoke.MethodType::makeImpl (109 bytes)
Total: 1

VM state: not at safepoint (normal execution)

VM Mutex/Monitor currently owned by a thread: None

Heap address: 0x0000000081e00000, size: 2018 MB, Compressed Oops mode: 32-bit

CDS archive(s) mapped at: [0x000002b880000000-0x000002b880c80000-0x000002b880c80000), size 13107200, SharedBaseAddress: 0x000002b880000000, ArchiveRelocationMode: 1.
Compressed class space mapped at: 0x000002b881000000-0x000002b8c1000000, reserved size: 1073741824
Narrow klass base: 0x000002b880000000, Narrow klass shift: 0, Narrow klass range: 0x100000000

GC Precious Log:
 CardTable entry size: 512
 Card Set container configuration: InlinePtr #cards 5 size 8 Array Of Cards #cards 12 size 40 Howl #buckets 4 coarsen threshold 1843 Howl Bitmap #cards 512 size 80 coarsen threshold 460 Card regions per heap region 1 cards per card region 2048
 CPUs: 8 total, 8 available
 Memory: 8071M
 Large Page Support: Disabled
 NUMA Support: Disabled
 Compressed Oops: Enabled (32-bit)
 Heap Region Size: 1M
 Heap Min Capacity: 8M
 Heap Initial Capacity: 128M
 Heap Max Capacity: 2018M
 Pre-touch: Disabled
 Parallel Workers: 8
 Concurrent Workers: 2
 Concurrent Refinement Workers: 8
 Periodic GC: Disabled

Heap:
 garbage-first heap   total 131072K, used 19584K [0x0000000081e00000, 0x0000000100000000)
  region size 1024K, 19 young (19456K), 3 survivors (3072K)
 Metaspace       used 14086K, committed 14464K, reserved 1114112K
  class space    used 1662K, committed 1856K, reserved 1048576K

Heap Regions: E=young(eden), S=young(survivor), O=old, HS=humongous(starts), HC=humongous(continues), CS=collection set, F=free, TAMS=top-at-mark-start, PB=parsable bottom
|   0|0x0000000081e00000, 0x0000000081f00000, 0x0000000081f00000|100%|HS|  |TAMS 0x0000000081e00000| PB 0x0000000081e00000| Complete 
|   1|0x0000000081f00000, 0x0000000082000000, 0x0000000082000000|100%| O|  |TAMS 0x0000000081f00000| PB 0x0000000081f00000| Untracked 
|   2|0x0000000082000000, 0x0000000082020000, 0x0000000082100000| 12%| O|  |TAMS 0x0000000082000000| PB 0x0000000082000000| Untracked 
|   3|0x0000000082100000, 0x0000000082100000, 0x0000000082200000|  0%| F|  |TAMS 0x0000000082100000| PB 0x0000000082100000| Untracked 
|   4|0x0000000082200000, 0x0000000082200000, 0x0000000082300000|  0%| F|  |TAMS 0x0000000082200000| PB 0x0000000082200000| Untracked 
|   5|0x0000000082300000, 0x0000000082300000, 0x0000000082400000|  0%| F|  |TAMS 0x0000000082300000| PB 0x0000000082300000| Untracked 
|   6|0x0000000082400000, 0x0000000082400000, 0x0000000082500000|  0%| F|  |TAMS 0x0000000082400000| PB 0x0000000082400000| Untracked 
|   7|0x0000000082500000, 0x0000000082500000, 0x0000000082600000|  0%| F|  |TAMS 0x0000000082500000| PB 0x0000000082500000| Untracked 
|   8|0x0000000082600000, 0x0000000082600000, 0x0000000082700000|  0%| F|  |TAMS 0x0000000082600000| PB 0x0000000082600000| Untracked 
|   9|0x0000000082700000, 0x0000000082700000, 0x0000000082800000|  0%| F|  |TAMS 0x0000000082700000| PB 0x0000000082700000| Untracked 
|  10|0x0000000082800000, 0x0000000082800000, 0x0000000082900000|  0%| F|  |TAMS 0x0000000082800000| PB 0x0000000082800000| Untracked 
|  11|0x0000000082900000, 0x0000000082900000, 0x0000000082a00000|  0%| F|  |TAMS 0x0000000082900000| PB 0x0000000082900000| Untracked 
|  12|0x0000000082a00000, 0x0000000082a00000, 0x0000000082b00000|  0%| F|  |TAMS 0x0000000082a00000| PB 0x0000000082a00000| Untracked 
|  13|0x0000000082b00000, 0x0000000082b00000, 0x0000000082c00000|  0%| F|  |TAMS 0x0000000082b00000| PB 0x0000000082b00000| Untracked 
|  14|0x0000000082c00000, 0x0000000082c00000, 0x0000000082d00000|  0%| F|  |TAMS 0x0000000082c00000| PB 0x0000000082c00000| Untracked 
|  15|0x0000000082d00000, 0x0000000082d00000, 0x0000000082e00000|  0%| F|  |TAMS 0x0000000082d00000| PB 0x0000000082d00000| Untracked 
|  16|0x0000000082e00000, 0x0000000082e00000, 0x0000000082f00000|  0%| F|  |TAMS 0x0000000082e00000| PB 0x0000000082e00000| Untracked 
|  17|0x0000000082f00000, 0x0000000082f00000, 0x0000000083000000|  0%| F|  |TAMS 0x0000000082f00000| PB 0x0000000082f00000| Untracked 
|  18|0x0000000083000000, 0x0000000083000000, 0x0000000083100000|  0%| F|  |TAMS 0x0000000083000000| PB 0x0000000083000000| Untracked 
|  19|0x0000000083100000, 0x0000000083100000, 0x0000000083200000|  0%| F|  |TAMS 0x0000000083100000| PB 0x0000000083100000| Untracked 
|  20|0x0000000083200000, 0x0000000083200000, 0x0000000083300000|  0%| F|  |TAMS 0x0000000083200000| PB 0x0000000083200000| Untracked 
|  21|0x0000000083300000, 0x0000000083300000, 0x0000000083400000|  0%| F|  |TAMS 0x0000000083300000| PB 0x0000000083300000| Untracked 
|  22|0x0000000083400000, 0x0000000083400000, 0x0000000083500000|  0%| F|  |TAMS 0x0000000083400000| PB 0x0000000083400000| Untracked 
|  23|0x0000000083500000, 0x0000000083500000, 0x0000000083600000|  0%| F|  |TAMS 0x0000000083500000| PB 0x0000000083500000| Untracked 
|  24|0x0000000083600000, 0x0000000083600000, 0x0000000083700000|  0%| F|  |TAMS 0x0000000083600000| PB 0x0000000083600000| Untracked 
|  25|0x0000000083700000, 0x0000000083700000, 0x0000000083800000|  0%| F|  |TAMS 0x0000000083700000| PB 0x0000000083700000| Untracked 
|  26|0x0000000083800000, 0x0000000083800000, 0x0000000083900000|  0%| F|  |TAMS 0x0000000083800000| PB 0x0000000083800000| Untracked 
|  27|0x0000000083900000, 0x0000000083900000, 0x0000000083a00000|  0%| F|  |TAMS 0x0000000083900000| PB 0x0000000083900000| Untracked 
|  28|0x0000000083a00000, 0x0000000083a00000, 0x0000000083b00000|  0%| F|  |TAMS 0x0000000083a00000| PB 0x0000000083a00000| Untracked 
|  29|0x0000000083b00000, 0x0000000083b00000, 0x0000000083c00000|  0%| F|  |TAMS 0x0000000083b00000| PB 0x0000000083b00000| Untracked 
|  30|0x0000000083c00000, 0x0000000083c00000, 0x0000000083d00000|  0%| F|  |TAMS 0x0000000083c00000| PB 0x0000000083c00000| Untracked 
|  31|0x0000000083d00000, 0x0000000083d00000, 0x0000000083e00000|  0%| F|  |TAMS 0x0000000083d00000| PB 0x0000000083d00000| Untracked 
|  32|0x0000000083e00000, 0x0000000083e00000, 0x0000000083f00000|  0%| F|  |TAMS 0x0000000083e00000| PB 0x0000000083e00000| Untracked 
|  33|0x0000000083f00000, 0x0000000083f00000, 0x0000000084000000|  0%| F|  |TAMS 0x0000000083f00000| PB 0x0000000083f00000| Untracked 
|  34|0x0000000084000000, 0x0000000084000000, 0x0000000084100000|  0%| F|  |TAMS 0x0000000084000000| PB 0x0000000084000000| Untracked 
|  35|0x0000000084100000, 0x0000000084100000, 0x0000000084200000|  0%| F|  |TAMS 0x0000000084100000| PB 0x0000000084100000| Untracked 
|  36|0x0000000084200000, 0x0000000084200000, 0x0000000084300000|  0%| F|  |TAMS 0x0000000084200000| PB 0x0000000084200000| Untracked 
|  37|0x0000000084300000, 0x0000000084300000, 0x0000000084400000|  0%| F|  |TAMS 0x0000000084300000| PB 0x0000000084300000| Untracked 
|  38|0x0000000084400000, 0x0000000084400000, 0x0000000084500000|  0%| F|  |TAMS 0x0000000084400000| PB 0x0000000084400000| Untracked 
|  39|0x0000000084500000, 0x0000000084500000, 0x0000000084600000|  0%| F|  |TAMS 0x0000000084500000| PB 0x0000000084500000| Untracked 
|  40|0x0000000084600000, 0x0000000084600000, 0x0000000084700000|  0%| F|  |TAMS 0x0000000084600000| PB 0x0000000084600000| Untracked 
|  41|0x0000000084700000, 0x0000000084700000, 0x0000000084800000|  0%| F|  |TAMS 0x0000000084700000| PB 0x0000000084700000| Untracked 
|  42|0x0000000084800000, 0x0000000084800000, 0x0000000084900000|  0%| F|  |TAMS 0x0000000084800000| PB 0x0000000084800000| Untracked 
|  43|0x0000000084900000, 0x0000000084900000, 0x0000000084a00000|  0%| F|  |TAMS 0x0000000084900000| PB 0x0000000084900000| Untracked 
|  44|0x0000000084a00000, 0x0000000084a00000, 0x0000000084b00000|  0%| F|  |TAMS 0x0000000084a00000| PB 0x0000000084a00000| Untracked 
|  45|0x0000000084b00000, 0x0000000084b00000, 0x0000000084c00000|  0%| F|  |TAMS 0x0000000084b00000| PB 0x0000000084b00000| Untracked 
|  46|0x0000000084c00000, 0x0000000084c00000, 0x0000000084d00000|  0%| F|  |TAMS 0x0000000084c00000| PB 0x0000000084c00000| Untracked 
|  47|0x0000000084d00000, 0x0000000084d00000, 0x0000000084e00000|  0%| F|  |TAMS 0x0000000084d00000| PB 0x0000000084d00000| Untracked 
|  48|0x0000000084e00000, 0x0000000084e00000, 0x0000000084f00000|  0%| F|  |TAMS 0x0000000084e00000| PB 0x0000000084e00000| Untracked 
|  49|0x0000000084f00000, 0x0000000084f00000, 0x0000000085000000|  0%| F|  |TAMS 0x0000000084f00000| PB 0x0000000084f00000| Untracked 
|  50|0x0000000085000000, 0x0000000085000000, 0x0000000085100000|  0%| F|  |TAMS 0x0000000085000000| PB 0x0000000085000000| Untracked 
|  51|0x0000000085100000, 0x0000000085100000, 0x0000000085200000|  0%| F|  |TAMS 0x0000000085100000| PB 0x0000000085100000| Untracked 
|  52|0x0000000085200000, 0x0000000085200000, 0x0000000085300000|  0%| F|  |TAMS 0x0000000085200000| PB 0x0000000085200000| Untracked 
|  53|0x0000000085300000, 0x0000000085300000, 0x0000000085400000|  0%| F|  |TAMS 0x0000000085300000| PB 0x0000000085300000| Untracked 
|  54|0x0000000085400000, 0x0000000085400000, 0x0000000085500000|  0%| F|  |TAMS 0x0000000085400000| PB 0x0000000085400000| Untracked 
|  55|0x0000000085500000, 0x0000000085500000, 0x0000000085600000|  0%| F|  |TAMS 0x0000000085500000| PB 0x0000000085500000| Untracked 
|  56|0x0000000085600000, 0x0000000085600000, 0x0000000085700000|  0%| F|  |TAMS 0x0000000085600000| PB 0x0000000085600000| Untracked 
|  57|0x0000000085700000, 0x0000000085700000, 0x0000000085800000|  0%| F|  |TAMS 0x0000000085700000| PB 0x0000000085700000| Untracked 
|  58|0x0000000085800000, 0x0000000085800000, 0x0000000085900000|  0%| F|  |TAMS 0x0000000085800000| PB 0x0000000085800000| Untracked 
|  59|0x0000000085900000, 0x0000000085900000, 0x0000000085a00000|  0%| F|  |TAMS 0x0000000085900000| PB 0x0000000085900000| Untracked 
|  60|0x0000000085a00000, 0x0000000085a00000, 0x0000000085b00000|  0%| F|  |TAMS 0x0000000085a00000| PB 0x0000000085a00000| Untracked 
|  61|0x0000000085b00000, 0x0000000085b00000, 0x0000000085c00000|  0%| F|  |TAMS 0x0000000085b00000| PB 0x0000000085b00000| Untracked 
|  62|0x0000000085c00000, 0x0000000085c00000, 0x0000000085d00000|  0%| F|  |TAMS 0x0000000085c00000| PB 0x0000000085c00000| Untracked 
|  63|0x0000000085d00000, 0x0000000085d00000, 0x0000000085e00000|  0%| F|  |TAMS 0x0000000085d00000| PB 0x0000000085d00000| Untracked 
|  64|0x0000000085e00000, 0x0000000085e00000, 0x0000000085f00000|  0%| F|  |TAMS 0x0000000085e00000| PB 0x0000000085e00000| Untracked 
|  65|0x0000000085f00000, 0x0000000085f00000, 0x0000000086000000|  0%| F|  |TAMS 0x0000000085f00000| PB 0x0000000085f00000| Untracked 
|  66|0x0000000086000000, 0x0000000086000000, 0x0000000086100000|  0%| F|  |TAMS 0x0000000086000000| PB 0x0000000086000000| Untracked 
|  67|0x0000000086100000, 0x0000000086100000, 0x0000000086200000|  0%| F|  |TAMS 0x0000000086100000| PB 0x0000000086100000| Untracked 
|  68|0x0000000086200000, 0x0000000086200000, 0x0000000086300000|  0%| F|  |TAMS 0x0000000086200000| PB 0x0000000086200000| Untracked 
|  69|0x0000000086300000, 0x0000000086300000, 0x0000000086400000|  0%| F|  |TAMS 0x0000000086300000| PB 0x0000000086300000| Untracked 
|  70|0x0000000086400000, 0x0000000086400000, 0x0000000086500000|  0%| F|  |TAMS 0x0000000086400000| PB 0x0000000086400000| Untracked 
|  71|0x0000000086500000, 0x0000000086500000, 0x0000000086600000|  0%| F|  |TAMS 0x0000000086500000| PB 0x0000000086500000| Untracked 
|  72|0x0000000086600000, 0x0000000086600000, 0x0000000086700000|  0%| F|  |TAMS 0x0000000086600000| PB 0x0000000086600000| Untracked 
|  73|0x0000000086700000, 0x0000000086700000, 0x0000000086800000|  0%| F|  |TAMS 0x0000000086700000| PB 0x0000000086700000| Untracked 
|  74|0x0000000086800000, 0x0000000086800000, 0x0000000086900000|  0%| F|  |TAMS 0x0000000086800000| PB 0x0000000086800000| Untracked 
|  75|0x0000000086900000, 0x0000000086900000, 0x0000000086a00000|  0%| F|  |TAMS 0x0000000086900000| PB 0x0000000086900000| Untracked 
|  76|0x0000000086a00000, 0x0000000086a00000, 0x0000000086b00000|  0%| F|  |TAMS 0x0000000086a00000| PB 0x0000000086a00000| Untracked 
|  77|0x0000000086b00000, 0x0000000086b00000, 0x0000000086c00000|  0%| F|  |TAMS 0x0000000086b00000| PB 0x0000000086b00000| Untracked 
|  78|0x0000000086c00000, 0x0000000086c00000, 0x0000000086d00000|  0%| F|  |TAMS 0x0000000086c00000| PB 0x0000000086c00000| Untracked 
|  79|0x0000000086d00000, 0x0000000086d00000, 0x0000000086e00000|  0%| F|  |TAMS 0x0000000086d00000| PB 0x0000000086d00000| Untracked 
|  80|0x0000000086e00000, 0x0000000086e00000, 0x0000000086f00000|  0%| F|  |TAMS 0x0000000086e00000| PB 0x0000000086e00000| Untracked 
|  81|0x0000000086f00000, 0x0000000086f00000, 0x0000000087000000|  0%| F|  |TAMS 0x0000000086f00000| PB 0x0000000086f00000| Untracked 
|  82|0x0000000087000000, 0x0000000087000000, 0x0000000087100000|  0%| F|  |TAMS 0x0000000087000000| PB 0x0000000087000000| Untracked 
|  83|0x0000000087100000, 0x0000000087100000, 0x0000000087200000|  0%| F|  |TAMS 0x0000000087100000| PB 0x0000000087100000| Untracked 
|  84|0x0000000087200000, 0x0000000087200000, 0x0000000087300000|  0%| F|  |TAMS 0x0000000087200000| PB 0x0000000087200000| Untracked 
|  85|0x0000000087300000, 0x0000000087300000, 0x0000000087400000|  0%| F|  |TAMS 0x0000000087300000| PB 0x0000000087300000| Untracked 
|  86|0x0000000087400000, 0x0000000087400000, 0x0000000087500000|  0%| F|  |TAMS 0x0000000087400000| PB 0x0000000087400000| Untracked 
|  87|0x0000000087500000, 0x0000000087500000, 0x0000000087600000|  0%| F|  |TAMS 0x0000000087500000| PB 0x0000000087500000| Untracked 
|  88|0x0000000087600000, 0x0000000087600000, 0x0000000087700000|  0%| F|  |TAMS 0x0000000087600000| PB 0x0000000087600000| Untracked 
|  89|0x0000000087700000, 0x0000000087700000, 0x0000000087800000|  0%| F|  |TAMS 0x0000000087700000| PB 0x0000000087700000| Untracked 
|  90|0x0000000087800000, 0x0000000087800000, 0x0000000087900000|  0%| F|  |TAMS 0x0000000087800000| PB 0x0000000087800000| Untracked 
|  91|0x0000000087900000, 0x0000000087900000, 0x0000000087a00000|  0%| F|  |TAMS 0x0000000087900000| PB 0x0000000087900000| Untracked 
|  92|0x0000000087a00000, 0x0000000087a00000, 0x0000000087b00000|  0%| F|  |TAMS 0x0000000087a00000| PB 0x0000000087a00000| Untracked 
|  93|0x0000000087b00000, 0x0000000087b00000, 0x0000000087c00000|  0%| F|  |TAMS 0x0000000087b00000| PB 0x0000000087b00000| Untracked 
|  94|0x0000000087c00000, 0x0000000087c00000, 0x0000000087d00000|  0%| F|  |TAMS 0x0000000087c00000| PB 0x0000000087c00000| Untracked 
|  95|0x0000000087d00000, 0x0000000087d00000, 0x0000000087e00000|  0%| F|  |TAMS 0x0000000087d00000| PB 0x0000000087d00000| Untracked 
|  96|0x0000000087e00000, 0x0000000087e00000, 0x0000000087f00000|  0%| F|  |TAMS 0x0000000087e00000| PB 0x0000000087e00000| Untracked 
|  97|0x0000000087f00000, 0x0000000087f00000, 0x0000000088000000|  0%| F|  |TAMS 0x0000000087f00000| PB 0x0000000087f00000| Untracked 
|  98|0x0000000088000000, 0x0000000088000000, 0x0000000088100000|  0%| F|  |TAMS 0x0000000088000000| PB 0x0000000088000000| Untracked 
|  99|0x0000000088100000, 0x0000000088100000, 0x0000000088200000|  0%| F|  |TAMS 0x0000000088100000| PB 0x0000000088100000| Untracked 
| 100|0x0000000088200000, 0x0000000088200000, 0x0000000088300000|  0%| F|  |TAMS 0x0000000088200000| PB 0x0000000088200000| Untracked 
| 101|0x0000000088300000, 0x0000000088300000, 0x0000000088400000|  0%| F|  |TAMS 0x0000000088300000| PB 0x0000000088300000| Untracked 
| 102|0x0000000088400000, 0x0000000088500000, 0x0000000088500000|100%| S|CS|TAMS 0x0000000088400000| PB 0x0000000088400000| Complete 
| 103|0x0000000088500000, 0x0000000088600000, 0x0000000088600000|100%| S|CS|TAMS 0x0000000088500000| PB 0x0000000088500000| Complete 
| 104|0x0000000088600000, 0x0000000088700000, 0x0000000088700000|100%| S|CS|TAMS 0x0000000088600000| PB 0x0000000088600000| Complete 
| 105|0x0000000088700000, 0x0000000088700000, 0x0000000088800000|  0%| F|  |TAMS 0x0000000088700000| PB 0x0000000088700000| Untracked 
| 106|0x0000000088800000, 0x0000000088800000, 0x0000000088900000|  0%| F|  |TAMS 0x0000000088800000| PB 0x0000000088800000| Untracked 
| 107|0x0000000088900000, 0x0000000088900000, 0x0000000088a00000|  0%| F|  |TAMS 0x0000000088900000| PB 0x0000000088900000| Untracked 
| 108|0x0000000088a00000, 0x0000000088a00000, 0x0000000088b00000|  0%| F|  |TAMS 0x0000000088a00000| PB 0x0000000088a00000| Untracked 
| 109|0x0000000088b00000, 0x0000000088b00000, 0x0000000088c00000|  0%| F|  |TAMS 0x0000000088b00000| PB 0x0000000088b00000| Untracked 
| 110|0x0000000088c00000, 0x0000000088c00000, 0x0000000088d00000|  0%| F|  |TAMS 0x0000000088c00000| PB 0x0000000088c00000| Untracked 
| 111|0x0000000088d00000, 0x0000000088d00000, 0x0000000088e00000|  0%| F|  |TAMS 0x0000000088d00000| PB 0x0000000088d00000| Untracked 
| 112|0x0000000088e00000, 0x0000000088ec7020, 0x0000000088f00000| 77%| E|  |TAMS 0x0000000088e00000| PB 0x0000000088e00000| Complete 
| 113|0x0000000088f00000, 0x0000000089000000, 0x0000000089000000|100%| E|CS|TAMS 0x0000000088f00000| PB 0x0000000088f00000| Complete 
| 114|0x0000000089000000, 0x0000000089100000, 0x0000000089100000|100%| E|CS|TAMS 0x0000000089000000| PB 0x0000000089000000| Complete 
| 115|0x0000000089100000, 0x0000000089200000, 0x0000000089200000|100%| E|CS|TAMS 0x0000000089100000| PB 0x0000000089100000| Complete 
| 116|0x0000000089200000, 0x0000000089300000, 0x0000000089300000|100%| E|CS|TAMS 0x0000000089200000| PB 0x0000000089200000| Complete 
| 117|0x0000000089300000, 0x0000000089400000, 0x0000000089400000|100%| E|CS|TAMS 0x0000000089300000| PB 0x0000000089300000| Complete 
| 118|0x0000000089400000, 0x0000000089500000, 0x0000000089500000|100%| E|CS|TAMS 0x0000000089400000| PB 0x0000000089400000| Complete 
| 119|0x0000000089500000, 0x0000000089600000, 0x0000000089600000|100%| E|CS|TAMS 0x0000000089500000| PB 0x0000000089500000| Complete 
| 120|0x0000000089600000, 0x0000000089700000, 0x0000000089700000|100%| E|CS|TAMS 0x0000000089600000| PB 0x0000000089600000| Complete 
| 121|0x0000000089700000, 0x0000000089800000, 0x0000000089800000|100%| E|CS|TAMS 0x0000000089700000| PB 0x0000000089700000| Complete 
| 122|0x0000000089800000, 0x0000000089900000, 0x0000000089900000|100%| E|  |TAMS 0x0000000089800000| PB 0x0000000089800000| Complete 
| 123|0x0000000089900000, 0x0000000089a00000, 0x0000000089a00000|100%| E|CS|TAMS 0x0000000089900000| PB 0x0000000089900000| Complete 
| 124|0x0000000089a00000, 0x0000000089b00000, 0x0000000089b00000|100%| E|CS|TAMS 0x0000000089a00000| PB 0x0000000089a00000| Complete 
| 125|0x0000000089b00000, 0x0000000089c00000, 0x0000000089c00000|100%| E|CS|TAMS 0x0000000089b00000| PB 0x0000000089b00000| Complete 
| 126|0x0000000089c00000, 0x0000000089d00000, 0x0000000089d00000|100%| E|CS|TAMS 0x0000000089c00000| PB 0x0000000089c00000| Complete 
| 127|0x0000000089d00000, 0x0000000089e00000, 0x0000000089e00000|100%| E|CS|TAMS 0x0000000089d00000| PB 0x0000000089d00000| Complete 

Card table byte_map: [0x000002b8e69d0000,0x000002b8e6dd0000] _byte_map_base: 0x000002b8e65c1000

Marking Bits: (CMBitMap*) 0x000002b8d1b6eea0
 Bits: [0x000002b8e6dd0000, 0x000002b8e8d58000)

Polling page: 0x000002b8d1800000

Metaspace:

Usage:
  Non-class:     12.13 MB used.
      Class:      1.62 MB used.
       Both:     13.76 MB used.

Virtual space:
  Non-class space:       64.00 MB reserved,      12.31 MB ( 19%) committed,  1 nodes.
      Class space:        1.00 GB reserved,       1.81 MB ( <1%) committed,  1 nodes.
             Both:        1.06 GB reserved,      14.12 MB (  1%) committed. 

Chunk freelists:
   Non-Class:  2.81 MB
       Class:  14.16 MB
        Both:  16.98 MB

MaxMetaspaceSize: unlimited
CompressedClassSpaceSize: 1.00 GB
Initial GC threshold: 21.00 MB
Current GC threshold: 21.00 MB
CDS: on
 - commit_granule_bytes: 65536.
 - commit_granule_words: 8192.
 - virtual_space_node_default_size: 8388608.
 - enlarge_chunks_in_place: 1.
 - use_allocation_guard: 0.


Internal statistics:

num_allocs_failed_limit: 0.
num_arena_births: 448.
num_arena_deaths: 0.
num_vsnodes_births: 2.
num_vsnodes_deaths: 0.
num_space_committed: 226.
num_space_uncommitted: 0.
num_chunks_returned_to_freelist: 0.
num_chunks_taken_from_freelist: 813.
num_chunk_merges: 0.
num_chunk_splits: 482.
num_chunks_enlarged: 262.
num_inconsistent_stats: 0.

CodeHeap 'non-profiled nmethods': size=120000Kb used=654Kb max_used=654Kb free=119345Kb
 bounds [0x000002b8de640000, 0x000002b8de8b0000, 0x000002b8e5b70000]
CodeHeap 'profiled nmethods': size=120000Kb used=3541Kb max_used=3541Kb free=116458Kb
 bounds [0x000002b8d6b70000, 0x000002b8d6ef0000, 0x000002b8de0a0000]
CodeHeap 'non-nmethods': size=5760Kb used=1492Kb max_used=1510Kb free=4267Kb
 bounds [0x000002b8de0a0000, 0x000002b8de310000, 0x000002b8de640000]
 total_blobs=2517 nmethods=1953 adapters=468
 compilation: enabled
              stopped_count=0, restarted_count=0
 full_count=0

Compilation events (20 events):
Event: 1.574 Thread 0x000002b8f10a6f50 nmethod 1933 0x000002b8de6dea90 code [0x000002b8de6dec20, 0x000002b8de6dece8]
Event: 1.575 Thread 0x000002b8eb7c1aa0 1935       3       java.util.WeakHashMap::getTable (9 bytes)
Event: 1.575 Thread 0x000002b8f10a6f50 1936       4       java.util.WeakHashMap::indexFor (6 bytes)
Event: 1.575 Thread 0x000002b8eb7c1aa0 nmethod 1935 0x000002b8d6ed6a10 code [0x000002b8d6ed6bc0, 0x000002b8d6ed6d10]
Event: 1.576 Thread 0x000002b8f10a6f50 nmethod 1936 0x000002b8de6dee10 code [0x000002b8de6def80, 0x000002b8de6deff0]
Event: 1.578 Thread 0x000002b8f10a6f50 1937       4       java.util.zip.ZipCoder::hash (36 bytes)
Event: 1.581 Thread 0x000002b8f10a6f50 nmethod 1937 0x000002b8de6df110 code [0x000002b8de6df2c0, 0x000002b8de6df518]
Event: 1.582 Thread 0x000002b8eb7c1aa0 1938       3       java.util.WeakHashMap::matchesKey (33 bytes)
Event: 1.582 Thread 0x000002b8eb7c1aa0 nmethod 1938 0x000002b8d6ed6d90 code [0x000002b8d6ed6f80, 0x000002b8d6ed7488]
Event: 1.582 Thread 0x000002b8eb7c1aa0 1939       3       java.lang.invoke.SimpleMethodHandle::copyWithExtendL (7 bytes)
Event: 1.582 Thread 0x000002b8eb7c1aa0 nmethod 1939 0x000002b8d6ed7610 code [0x000002b8d6ed77c0, 0x000002b8d6ed7958]
Event: 1.582 Thread 0x000002b8eb7c1aa0 1940       3       java.lang.invoke.BoundMethodHandle::bindSingle (7 bytes)
Event: 1.583 Thread 0x000002b8eb7c1aa0 nmethod 1940 0x000002b8d6ed7a10 code [0x000002b8d6ed7bc0, 0x000002b8d6ed7cd8]
Event: 1.583 Thread 0x000002b8eb7c1aa0 1941       3       java.util.WeakHashMap::remove (131 bytes)
Event: 1.584 Thread 0x000002b8f07458e0 nmethod 1934 0x000002b8de6df790 code [0x000002b8de6dfa20, 0x000002b8de6e07f8]
Event: 1.584 Thread 0x000002b8f10a6f50 1942   !   4       java.util.zip.ZipFile::getEntry (59 bytes)
Event: 1.584 Thread 0x000002b8eb7c1aa0 nmethod 1941 0x000002b8d6ed7d90 code [0x000002b8d6ed7fe0, 0x000002b8d6ed8af0]
Event: 1.585 Thread 0x000002b8eb7c1aa0 1943       3       java.lang.invoke.DirectMethodHandle$Holder::invokeStatic (15 bytes)
Event: 1.585 Thread 0x000002b8eb7c1aa0 nmethod 1943 0x000002b8d6ed8f10 code [0x000002b8d6ed90e0, 0x000002b8d6ed9640]
Event: 1.586 Thread 0x000002b8eb7c1aa0 1944   !   3       java.lang.invoke.AbstractValidatingLambdaMetafactory::<init> (559 bytes)

GC Heap History (2 events):
Event: 1.294 GC heap before
{Heap before GC invocations=0 (full 0):
 garbage-first heap   total 131072K, used 23552K [0x0000000081e00000, 0x0000000100000000)
  region size 1024K, 23 young (23552K), 0 survivors (0K)
 Metaspace       used 9139K, committed 9408K, reserved 1114112K
  class space    used 1094K, committed 1216K, reserved 1048576K
}
Event: 1.299 GC heap after
{Heap after GC invocations=1 (full 0):
 garbage-first heap   total 131072K, used 5248K [0x0000000081e00000, 0x0000000100000000)
  region size 1024K, 3 young (3072K), 3 survivors (3072K)
 Metaspace       used 9139K, committed 9408K, reserved 1114112K
  class space    used 1094K, committed 1216K, reserved 1048576K
}

Dll operation events (10 events):
Event: 0.011 Loaded shared library C:\Users\user\.p2\pool\plugins\org.eclipse.justj.openjdk.hotspot.jre.full.win32.x86_64_21.0.7.v20250502-0916\jre\bin\java.dll
Event: 0.079 Loaded shared library C:\Users\user\.p2\pool\plugins\org.eclipse.justj.openjdk.hotspot.jre.full.win32.x86_64_21.0.7.v20250502-0916\jre\bin\zip.dll
Event: 0.130 Loaded shared library C:\Users\user\.p2\pool\plugins\org.eclipse.justj.openjdk.hotspot.jre.full.win32.x86_64_21.0.7.v20250502-0916\jre\bin\net.dll
Event: 0.132 Loaded shared library C:\Users\user\.p2\pool\plugins\org.eclipse.justj.openjdk.hotspot.jre.full.win32.x86_64_21.0.7.v20250502-0916\jre\bin\nio.dll
Event: 0.137 Loaded shared library C:\Users\user\.p2\pool\plugins\org.eclipse.justj.openjdk.hotspot.jre.full.win32.x86_64_21.0.7.v20250502-0916\jre\bin\zip.dll
Event: 0.234 Loaded shared library C:\Users\user\.p2\pool\plugins\org.eclipse.justj.openjdk.hotspot.jre.full.win32.x86_64_21.0.7.v20250502-0916\jre\bin\jimage.dll
Event: 0.375 Loaded shared library C:\Users\user\.p2\pool\plugins\org.eclipse.justj.openjdk.hotspot.jre.full.win32.x86_64_21.0.7.v20250502-0916\jre\bin\extnet.dll
Event: 0.915 Loaded shared library C:\Users\user\.p2\pool\plugins\org.eclipse.justj.openjdk.hotspot.jre.full.win32.x86_64_21.0.7.v20250502-0916\jre\bin\management.dll
Event: 0.917 Loaded shared library C:\Users\user\.p2\pool\plugins\org.eclipse.justj.openjdk.hotspot.jre.full.win32.x86_64_21.0.7.v20250502-0916\jre\bin\management_ext.dll
Event: 1.528 Loaded shared library C:\Users\user\.p2\pool\plugins\org.eclipse.justj.openjdk.hotspot.jre.full.win32.x86_64_21.0.7.v20250502-0916\jre\bin\sunmscapi.dll

Deoptimization events (20 events):
Event: 1.482 Thread 0x000002b8d1705de0 DEOPT PACKING pc=0x000002b8d6e8d68b sp=0x000000ddd5dfc330
Event: 1.482 Thread 0x000002b8d1705de0 DEOPT UNPACKING pc=0x000002b8de0f4e42 sp=0x000000ddd5dfb7a8 mode 0
Event: 1.483 Thread 0x000002b8d1705de0 DEOPT PACKING pc=0x000002b8d6e8d68b sp=0x000000ddd5dfc2f0
Event: 1.483 Thread 0x000002b8d1705de0 DEOPT UNPACKING pc=0x000002b8de0f4e42 sp=0x000000ddd5dfb768 mode 0
Event: 1.484 Thread 0x000002b8d1705de0 DEOPT PACKING pc=0x000002b8d6e8d68b sp=0x000000ddd5dfc330
Event: 1.484 Thread 0x000002b8d1705de0 DEOPT UNPACKING pc=0x000002b8de0f4e42 sp=0x000000ddd5dfb7a8 mode 0
Event: 1.485 Thread 0x000002b8d1705de0 DEOPT PACKING pc=0x000002b8d6e8d68b sp=0x000000ddd5dfc330
Event: 1.485 Thread 0x000002b8d1705de0 DEOPT UNPACKING pc=0x000002b8de0f4e42 sp=0x000000ddd5dfb7a8 mode 0
Event: 1.486 Thread 0x000002b8d1705de0 DEOPT PACKING pc=0x000002b8d6e8d68b sp=0x000000ddd5dfc2f0
Event: 1.486 Thread 0x000002b8d1705de0 DEOPT UNPACKING pc=0x000002b8de0f4e42 sp=0x000000ddd5dfb768 mode 0
Event: 1.487 Thread 0x000002b8d1705de0 DEOPT PACKING pc=0x000002b8d6e8d68b sp=0x000000ddd5dfc2f0
Event: 1.487 Thread 0x000002b8d1705de0 DEOPT UNPACKING pc=0x000002b8de0f4e42 sp=0x000000ddd5dfb768 mode 0
Event: 1.488 Thread 0x000002b8d1705de0 DEOPT PACKING pc=0x000002b8d6e8d68b sp=0x000000ddd5dfc2f0
Event: 1.488 Thread 0x000002b8d1705de0 DEOPT UNPACKING pc=0x000002b8de0f4e42 sp=0x000000ddd5dfb768 mode 0
Event: 1.488 Thread 0x000002b8d1705de0 DEOPT PACKING pc=0x000002b8d6e8d68b sp=0x000000ddd5dfc330
Event: 1.489 Thread 0x000002b8d1705de0 DEOPT UNPACKING pc=0x000002b8de0f4e42 sp=0x000000ddd5dfb7a8 mode 0
Event: 1.539 Thread 0x000002b8d1705de0 Uncommon trap: trap_request=0xffffff45 fr.pc=0x000002b8de6cb098 relative=0x00000000000001f8
Event: 1.539 Thread 0x000002b8d1705de0 Uncommon trap: reason=unstable_if action=reinterpret pc=0x000002b8de6cb098 method=java.util.HashMap.putVal(ILjava/lang/Object;Ljava/lang/Object;ZZ)Ljava/lang/Object; @ 162 c2
Event: 1.540 Thread 0x000002b8d1705de0 DEOPT PACKING pc=0x000002b8de6cb098 sp=0x000000ddd5dfb610
Event: 1.540 Thread 0x000002b8d1705de0 DEOPT UNPACKING pc=0x000002b8de0f46a2 sp=0x000000ddd5dfb590 mode 2

Classes loaded (20 events):
Event: 1.570 Loading class sun/nio/ch/SourceChannelImpl
Event: 1.570 Loading class java/nio/channels/Pipe$SourceChannel
Event: 1.570 Loading class java/nio/channels/Pipe$SourceChannel done
Event: 1.570 Loading class sun/nio/ch/SourceChannelImpl done
Event: 1.570 Loading class sun/nio/ch/SinkChannelImpl
Event: 1.570 Loading class java/nio/channels/Pipe$SinkChannel
Event: 1.570 Loading class java/nio/channels/Pipe$SinkChannel done
Event: 1.570 Loading class sun/nio/ch/SinkChannelImpl done
Event: 1.573 Loading class java/nio/channels/spi/AbstractSelector$1
Event: 1.573 Loading class java/nio/channels/spi/AbstractSelector$1 done
Event: 1.583 Loading class java/util/logging/ErrorManager
Event: 1.583 Loading class java/util/logging/ErrorManager done
Event: 1.585 Loading class java/util/TreeMap$KeySpliterator
Event: 1.585 Loading class java/util/TreeMap$TreeMapSpliterator
Event: 1.585 Loading class java/util/TreeMap$TreeMapSpliterator done
Event: 1.585 Loading class java/util/TreeMap$KeySpliterator done
Event: 1.589 Loading class java/util/stream/ReduceOps$1
Event: 1.589 Loading class java/util/stream/ReduceOps$1 done
Event: 1.589 Loading class java/util/stream/ReduceOps$1ReducingSink
Event: 1.589 Loading class java/util/stream/ReduceOps$1ReducingSink done

Classes unloaded (0 events):
No events

Classes redefined (0 events):
No events

Internal exceptions (20 events):
Event: 1.338 Thread 0x000002b8d1705de0 Exception <a 'java/lang/NoSuchMethodError'{0x0000000089bbf630}: 'java.lang.Object java.lang.invoke.DirectMethodHandle$Holder.invokeStaticInit(java.lang.Object, java.lang.Object, int)'> (0x0000000089bbf630) 
thrown [s\src\hotspot\share\interpreter\linkResolver.cpp, line 773]
Event: 1.338 Thread 0x000002b8d1705de0 Exception <a 'java/lang/NoSuchMethodError'{0x0000000089bc4fd8}: 'java.lang.Object java.lang.invoke.DirectMethodHandle$Holder.newInvokeSpecial(java.lang.Object, java.lang.Object, int)'> (0x0000000089bc4fd8) 
thrown [s\src\hotspot\share\interpreter\linkResolver.cpp, line 773]
Event: 1.340 Thread 0x000002b8d1705de0 Exception <a 'java/lang/NoSuchMethodError'{0x0000000089bd83b8}: 'int java.lang.invoke.DirectMethodHandle$Holder.invokeSpecialIFC(java.lang.Object, java.lang.Object, java.lang.Object)'> (0x0000000089bd83b8) 
thrown [s\src\hotspot\share\interpreter\linkResolver.cpp, line 773]
Event: 1.346 Thread 0x000002b8d1705de0 Exception <a 'java/lang/NoSuchMethodError'{0x0000000089a083d8}: 'java.lang.Object java.lang.invoke.DirectMethodHandle$Holder.invokeStaticInit(java.lang.Object, java.lang.Object, java.lang.Object, java.lang.Object, java.lang.Object, java.lang.Object, java.lang.Object)'> (0x0000000089a083d8) 
thrown [s\src\hotspot\share\interpreter\linkResolver.cpp, line 773]
Event: 1.346 Thread 0x000002b8d1705de0 Exception <a 'java/lang/NoSuchMethodError'{0x0000000089a0cdd0}: 'java.lang.Object java.lang.invoke.Invokers$Holder.invoke_MT(java.lang.Object, java.lang.Object, java.lang.Object, java.lang.Object, java.lang.Object, java.lang.Object, java.lang.Object, java.lang.Object, java.lang.Object, java.lang.Object)'> (0x0000000089a0cdd0) 
thrown [s\src\hotspot\share\interpreter\linkResolver.cpp, line 773]
Event: 1.348 Thread 0x000002b8d1705de0 Exception <a 'java/lang/NoSuchMethodError'{0x0000000089a20a18}: 'void java.lang.invoke.DelegatingMethodHandle$Holder.delegate(java.lang.Object, java.lang.Object, int, java.lang.Object)'> (0x0000000089a20a18) 
thrown [s\src\hotspot\share\interpreter\linkResolver.cpp, line 773]
Event: 1.350 Thread 0x000002b8d1705de0 Exception <a 'java/lang/NoSuchMethodError'{0x0000000089a3df60}: 'int java.lang.invoke.DirectMethodHandle$Holder.invokeVirtual(java.lang.Object, java.lang.Object, java.lang.Object)'> (0x0000000089a3df60) 
thrown [s\src\hotspot\share\interpreter\linkResolver.cpp, line 773]
Event: 1.350 Thread 0x000002b8d1705de0 Exception <a 'java/lang/NoSuchMethodError'{0x0000000089a42540}: 'int java.lang.invoke.DirectMethodHandle$Holder.invokeStaticInit(java.lang.Object, int, int)'> (0x0000000089a42540) 
thrown [s\src\hotspot\share\interpreter\linkResolver.cpp, line 773]
Event: 1.350 Thread 0x000002b8d1705de0 Exception <a 'java/lang/NoSuchMethodError'{0x0000000089a49ce8}: 'int java.lang.invoke.DirectMethodHandle$Holder.invokeStaticInit(java.lang.Object, long, long)'> (0x0000000089a49ce8) 
thrown [s\src\hotspot\share\interpreter\linkResolver.cpp, line 773]
Event: 1.351 Thread 0x000002b8d1705de0 Exception <a 'java/lang/NoSuchMethodError'{0x0000000089a50a30}: 'int java.lang.invoke.DirectMethodHandle$Holder.invokeStaticInit(java.lang.Object, float, float)'> (0x0000000089a50a30) 
thrown [s\src\hotspot\share\interpreter\linkResolver.cpp, line 773]
Event: 1.351 Thread 0x000002b8d1705de0 Exception <a 'java/lang/NoSuchMethodError'{0x0000000089a57770}: 'int java.lang.invoke.DirectMethodHandle$Holder.invokeStaticInit(java.lang.Object, double, double)'> (0x0000000089a57770) 
thrown [s\src\hotspot\share\interpreter\linkResolver.cpp, line 773]
Event: 1.351 Thread 0x000002b8d1705de0 Exception <a 'java/lang/NoSuchMethodError'{0x0000000089a5bfc0}: 'int java.lang.invoke.DirectMethodHandle$Holder.invokeStatic(java.lang.Object, long)'> (0x0000000089a5bfc0) 
thrown [s\src\hotspot\share\interpreter\linkResolver.cpp, line 773]
Event: 1.355 Thread 0x000002b8d1705de0 Exception <a 'java/lang/NoSuchMethodError'{0x0000000089a7df50}: 'java.lang.Object java.lang.invoke.DirectMethodHandle$Holder.invokeSpecial(java.lang.Object, java.lang.Object, int, java.lang.Object, java.lang.Object)'> (0x0000000089a7df50) 
thrown [s\src\hotspot\share\interpreter\linkResolver.cpp, line 773]
Event: 1.355 Thread 0x000002b8d1705de0 Exception <a 'java/lang/NoSuchMethodError'{0x0000000089a819a0}: 'java.lang.Object java.lang.invoke.DelegatingMethodHandle$Holder.delegate(java.lang.Object, int, java.lang.Object, java.lang.Object)'> (0x0000000089a819a0) 
thrown [s\src\hotspot\share\interpreter\linkResolver.cpp, line 773]
Event: 1.356 Thread 0x000002b8d1705de0 Exception <a 'java/lang/NoSuchMethodError'{0x0000000089a91160}: 'int java.lang.invoke.Invokers$Holder.linkToTargetMethod(java.lang.Object, java.lang.Object, java.lang.Object)'> (0x0000000089a91160) 
thrown [s\src\hotspot\share\interpreter\linkResolver.cpp, line 773]
Event: 1.360 Thread 0x000002b8d1705de0 Exception <a 'java/lang/NoSuchMethodError'{0x0000000089ac2d98}: 'long java.lang.invoke.DirectMethodHandle$Holder.invokeSpecial(java.lang.Object, java.lang.Object)'> (0x0000000089ac2d98) 
thrown [s\src\hotspot\share\interpreter\linkResolver.cpp, line 773]
Event: 1.393 Thread 0x000002b8d1705de0 Exception <a 'sun/nio/fs/WindowsException'{0x00000000899de118}> (0x00000000899de118) 
thrown [s\src\hotspot\share\prims\jni.cpp, line 520]
Event: 1.588 Thread 0x000002b8d1705de0 Exception <a 'java/lang/NoSuchMethodError'{0x0000000088e36858}: 'java.lang.Object java.lang.invoke.DirectMethodHandle$Holder.invokeInterface(java.lang.Object, java.lang.Object, java.lang.Object)'> (0x0000000088e36858) 
thrown [s\src\hotspot\share\interpreter\linkResolver.cpp, line 773]
Event: 1.588 Thread 0x000002b8d1705de0 Exception <a 'java/lang/IncompatibleClassChangeError'{0x0000000088e39c60}: Found class java.lang.Object, but interface was expected> (0x0000000088e39c60) 
thrown [s\src\hotspot\share\interpreter\linkResolver.cpp, line 840]
Event: 1.590 Thread 0x000002b8d1705de0 Exception <a 'java/lang/NoSuchMethodError'{0x0000000088e41450}: 'int java.lang.invoke.DirectMethodHandle$Holder.invokeSpecialIFC(java.lang.Object, java.lang.Object, java.lang.Object, java.lang.Object)'> (0x0000000088e41450) 
thrown [s\src\hotspot\share\interpreter\linkResolver.cpp, line 773]

ZGC Phase Switch (0 events):
No events

VM Operations (20 events):
Event: 0.498 Executing VM operation: HandshakeAllThreads (Deoptimize) done
Event: 0.750 Executing VM operation: ICBufferFull
Event: 0.750 Executing VM operation: ICBufferFull done
Event: 0.767 Executing VM operation: HandshakeAllThreads (Deoptimize)
Event: 0.767 Executing VM operation: HandshakeAllThreads (Deoptimize) done
Event: 0.776 Executing VM operation: HandshakeAllThreads (Deoptimize)
Event: 0.776 Executing VM operation: HandshakeAllThreads (Deoptimize) done
Event: 0.830 Executing VM operation: HandshakeAllThreads (Deoptimize)
Event: 0.830 Executing VM operation: HandshakeAllThreads (Deoptimize) done
Event: 0.929 Executing VM operation: HandshakeAllThreads (Deoptimize)
Event: 0.929 Executing VM operation: HandshakeAllThreads (Deoptimize) done
Event: 1.293 Executing VM operation: G1CollectForAllocation (G1 Evacuation Pause)
Event: 1.299 Executing VM operation: G1CollectForAllocation (G1 Evacuation Pause) done
Event: 1.347 Executing VM operation: HandshakeAllThreads (Deoptimize)
Event: 1.347 Executing VM operation: HandshakeAllThreads (Deoptimize) done
Event: 1.371 Executing VM operation: HandshakeAllThreads (Deoptimize)
Event: 1.371 Executing VM operation: HandshakeAllThreads (Deoptimize) done
Event: 1.441 Executing VM operation: HandshakeAllThreads (Deoptimize)
Event: 1.441 Executing VM operation: HandshakeAllThreads (Deoptimize) done
Event: 2.447 Executing VM operation: Cleanup

Memory protections (0 events):
No events

Nmethod flushes (0 events):
No events

Events (20 events):
Event: 0.080 Thread 0x000002b8d1705de0 Thread added: 0x000002b8eb7a29d0
Event: 0.080 Thread 0x000002b8d1705de0 Thread added: 0x000002b8eb7a4140
Event: 0.081 Thread 0x000002b8d1705de0 Thread added: 0x000002b8eb7aa350
Event: 0.081 Thread 0x000002b8d1705de0 Thread added: 0x000002b8eb7aada0
Event: 0.081 Thread 0x000002b8d1705de0 Thread added: 0x000002b8eb7ad230
Event: 0.081 Thread 0x000002b8d1705de0 Thread added: 0x000002b8eb7b39c0
Event: 0.081 Thread 0x000002b8d1705de0 Thread added: 0x000002b8eb7bced0
Event: 0.081 Thread 0x000002b8d1705de0 Thread added: 0x000002b8eb7c1aa0
Event: 0.125 Thread 0x000002b8d1705de0 Thread added: 0x000002b8eb915840
Event: 0.127 Thread 0x000002b8d1705de0 Thread added: 0x000002b8eb92b220
Event: 0.221 Thread 0x000002b8eb7c1aa0 Thread added: 0x000002b8eb9c3e80
Event: 0.382 Thread 0x000002b8d1705de0 Thread added: 0x000002b8f025ecc0
Event: 0.782 Thread 0x000002b8d1705de0 Thread added: 0x000002b8f0845390
Event: 0.785 Thread 0x000002b8d1705de0 Thread added: 0x000002b8f0846b30
Event: 1.065 Thread 0x000002b8eb9c3e80 Thread exited: 0x000002b8eb9c3e80
Event: 1.076 Thread 0x000002b8d1705de0 Thread added: 0x000002b8eb9c3e80
Event: 1.280 Thread 0x000002b8eb9c3e80 Thread exited: 0x000002b8eb9c3e80
Event: 1.376 Thread 0x000002b8eb7c1aa0 Thread added: 0x000002b8f07458e0
Event: 1.475 Thread 0x000002b8f07458e0 Thread added: 0x000002b8f10a6f50
Event: 1.572 Thread 0x000002b8d1705de0 Thread added: 0x000002b8f17ce890


Dynamic libraries:
0x00007ff656ec0000 - 0x00007ff656ece000 	C:\Users\user\.p2\pool\plugins\org.eclipse.justj.openjdk.hotspot.jre.full.win32.x86_64_21.0.7.v20250502-0916\jre\bin\javaw.exe
0x00007ff8f12c0000 - 0x00007ff8f1528000 	C:\WINDOWS\SYSTEM32\ntdll.dll
0x00007ff8cd400000 - 0x00007ff8cd420000 	C:\Program Files\Norton\Suite\aswhook.dll
0x00007ff8ef1e0000 - 0x00007ff8ef2a9000 	C:\WINDOWS\System32\KERNEL32.DLL
0x00007ff8ee4a0000 - 0x00007ff8ee898000 	C:\WINDOWS\System32\KERNELBASE.dll
0x00007ff8eeb40000 - 0x00007ff8eec8b000 	C:\WINDOWS\System32\ucrtbase.dll
0x00007ff8dabf0000 - 0x00007ff8dac08000 	C:\Users\user\.p2\pool\plugins\org.eclipse.justj.openjdk.hotspot.jre.full.win32.x86_64_21.0.7.v20250502-0916\jre\bin\jli.dll
0x00007ff8f0810000 - 0x00007ff8f09d7000 	C:\WINDOWS\System32\USER32.dll
0x00007ff8d9390000 - 0x00007ff8d93ae000 	C:\Users\user\.p2\pool\plugins\org.eclipse.justj.openjdk.hotspot.jre.full.win32.x86_64_21.0.7.v20250502-0916\jre\bin\VCRUNTIME140.dll
0x00007ff8eeec0000 - 0x00007ff8eeee7000 	C:\WINDOWS\System32\win32u.dll
0x00007ff8c8fd0000 - 0x00007ff8c9264000 	C:\WINDOWS\WinSxS\amd64_microsoft.windows.common-controls_6595b64144ccf1df_6.0.26100.7019_none_3e06ffa0e335b8a8\COMCTL32.dll
0x00007ff8f0a90000 - 0x00007ff8f0abb000 	C:\WINDOWS\System32\GDI32.dll
0x00007ff8f09e0000 - 0x00007ff8f0a89000 	C:\WINDOWS\System32\msvcrt.dll
0x00007ff8ee8a0000 - 0x00007ff8ee9cc000 	C:\WINDOWS\System32\gdi32full.dll
0x00007ff8eefb0000 - 0x00007ff8ef053000 	C:\WINDOWS\System32\msvcp_win.dll
0x00007ff8ef3d0000 - 0x00007ff8ef401000 	C:\WINDOWS\System32\IMM32.DLL
0x00007ff8dd7b0000 - 0x00007ff8dd7bc000 	C:\Users\user\.p2\pool\plugins\org.eclipse.justj.openjdk.hotspot.jre.full.win32.x86_64_21.0.7.v20250502-0916\jre\bin\vcruntime140_1.dll
0x00007ff8afd30000 - 0x00007ff8afdbd000 	C:\Users\user\.p2\pool\plugins\org.eclipse.justj.openjdk.hotspot.jre.full.win32.x86_64_21.0.7.v20250502-0916\jre\bin\msvcp140.dll
0x00007ff831930000 - 0x00007ff8326c0000 	C:\Users\user\.p2\pool\plugins\org.eclipse.justj.openjdk.hotspot.jre.full.win32.x86_64_21.0.7.v20250502-0916\jre\bin\server\jvm.dll
0x00007ff8f0250000 - 0x00007ff8f0304000 	C:\WINDOWS\System32\ADVAPI32.dll
0x00007ff8f0d20000 - 0x00007ff8f0dc6000 	C:\WINDOWS\System32\sechost.dll
0x00007ff8ef2b0000 - 0x00007ff8ef3c8000 	C:\WINDOWS\System32\RPCRT4.dll
0x00007ff8ef7e0000 - 0x00007ff8ef854000 	C:\WINDOWS\System32\WS2_32.dll
0x00007ff8ee290000 - 0x00007ff8ee2ee000 	C:\WINDOWS\SYSTEM32\POWRPROF.dll
0x00007ff8c97c0000 - 0x00007ff8c97f5000 	C:\WINDOWS\SYSTEM32\WINMM.dll
0x00007ff8e2730000 - 0x00007ff8e273b000 	C:\WINDOWS\SYSTEM32\VERSION.dll
0x00007ff8ee270000 - 0x00007ff8ee284000 	C:\WINDOWS\SYSTEM32\UMPDC.dll
0x00007ff8ed1d0000 - 0x00007ff8ed1eb000 	C:\WINDOWS\SYSTEM32\kernel.appcore.dll
0x00007ff8eaca0000 - 0x00007ff8eacaa000 	C:\Users\user\.p2\pool\plugins\org.eclipse.justj.openjdk.hotspot.jre.full.win32.x86_64_21.0.7.v20250502-0916\jre\bin\jimage.dll
0x00007ff8ebdf0000 - 0x00007ff8ec032000 	C:\WINDOWS\SYSTEM32\DBGHELP.DLL
0x00007ff8f0310000 - 0x00007ff8f069b000 	C:\WINDOWS\System32\combase.dll
0x00007ff8effd0000 - 0x00007ff8f00a7000 	C:\WINDOWS\System32\OLEAUT32.dll
0x00007ff8de370000 - 0x00007ff8de3ac000 	C:\WINDOWS\SYSTEM32\dbgcore.DLL
0x00007ff8eec90000 - 0x00007ff8eed35000 	C:\WINDOWS\System32\bcryptPrimitives.dll
0x00007ff8e7320000 - 0x00007ff8e733f000 	C:\Users\user\.p2\pool\plugins\org.eclipse.justj.openjdk.hotspot.jre.full.win32.x86_64_21.0.7.v20250502-0916\jre\bin\java.dll
0x00007ff8ef870000 - 0x00007ff8effbf000 	C:\WINDOWS\System32\SHELL32.dll
0x00007ff8ee9d0000 - 0x00007ff8eeb3b000 	C:\WINDOWS\System32\wintypes.dll
0x00007ff8ec070000 - 0x00007ff8ec8cd000 	C:\WINDOWS\SYSTEM32\windows.storage.dll
0x00007ff8ef0e0000 - 0x00007ff8ef1d2000 	C:\WINDOWS\System32\SHCORE.dll
0x00007ff8ef060000 - 0x00007ff8ef0c7000 	C:\WINDOWS\System32\shlwapi.dll
0x00007ff8ee330000 - 0x00007ff8ee359000 	C:\WINDOWS\SYSTEM32\profapi.dll
0x00007ff8e62c0000 - 0x00007ff8e62d8000 	C:\Users\user\.p2\pool\plugins\org.eclipse.justj.openjdk.hotspot.jre.full.win32.x86_64_21.0.7.v20250502-0916\jre\bin\zip.dll
0x00007ff8eac90000 - 0x00007ff8eaca0000 	C:\Users\user\.p2\pool\plugins\org.eclipse.justj.openjdk.hotspot.jre.full.win32.x86_64_21.0.7.v20250502-0916\jre\bin\net.dll
0x00007ff8e6c40000 - 0x00007ff8e6d68000 	C:\WINDOWS\SYSTEM32\WINHTTP.dll
0x00007ff8ed740000 - 0x00007ff8ed7ab000 	C:\WINDOWS\system32\mswsock.dll
0x00007ff8e49e0000 - 0x00007ff8e49f6000 	C:\Users\user\.p2\pool\plugins\org.eclipse.justj.openjdk.hotspot.jre.full.win32.x86_64_21.0.7.v20250502-0916\jre\bin\nio.dll
0x00007ff8ecc70000 - 0x00007ff8ecd9c000 	C:\WINDOWS\SYSTEM32\DNSAPI.dll
0x00007ff8ecbe0000 - 0x00007ff8ecc14000 	C:\WINDOWS\SYSTEM32\IPHLPAPI.DLL
0x00007ff8ef0d0000 - 0x00007ff8ef0da000 	C:\WINDOWS\System32\NSI.dll
0x00007ff8de200000 - 0x00007ff8de20b000 	C:\Windows\System32\rasadhlp.dll
0x00007ff8e4500000 - 0x00007ff8e4586000 	C:\WINDOWS\System32\fwpuclnt.dll
0x00007ff8d67e0000 - 0x00007ff8d67e9000 	C:\Users\user\.p2\pool\plugins\org.eclipse.justj.openjdk.hotspot.jre.full.win32.x86_64_21.0.7.v20250502-0916\jre\bin\extnet.dll
0x00007ff8eda00000 - 0x00007ff8eda1b000 	C:\WINDOWS\SYSTEM32\CRYPTSP.dll
0x00007ff8ed130000 - 0x00007ff8ed16a000 	C:\WINDOWS\system32\rsaenh.dll
0x00007ff8ed7f0000 - 0x00007ff8ed81b000 	C:\WINDOWS\SYSTEM32\USERENV.dll
0x00007ff8ee300000 - 0x00007ff8ee32a000 	C:\WINDOWS\SYSTEM32\bcrypt.dll
0x00007ff8eda20000 - 0x00007ff8eda2c000 	C:\WINDOWS\SYSTEM32\CRYPTBASE.dll
0x00007ff8e49d0000 - 0x00007ff8e49da000 	C:\Users\user\.p2\pool\plugins\org.eclipse.justj.openjdk.hotspot.jre.full.win32.x86_64_21.0.7.v20250502-0916\jre\bin\management.dll
0x00007ff8dabe0000 - 0x00007ff8dabeb000 	C:\Users\user\.p2\pool\plugins\org.eclipse.justj.openjdk.hotspot.jre.full.win32.x86_64_21.0.7.v20250502-0916\jre\bin\management_ext.dll
0x00007ff8f06a0000 - 0x00007ff8f06a8000 	C:\WINDOWS\System32\PSAPI.DLL
0x00007ff8e4d10000 - 0x00007ff8e4d1e000 	C:\Users\user\.p2\pool\plugins\org.eclipse.justj.openjdk.hotspot.jre.full.win32.x86_64_21.0.7.v20250502-0916\jre\bin\sunmscapi.dll
0x00007ff8eed40000 - 0x00007ff8eeeb7000 	C:\WINDOWS\System32\CRYPT32.dll
0x00007ff8edc20000 - 0x00007ff8edc50000 	C:\WINDOWS\SYSTEM32\ncrypt.dll
0x00007ff8edbd0000 - 0x00007ff8edc0f000 	C:\WINDOWS\SYSTEM32\NTASN1.dll
0x00007ff8c7340000 - 0x00007ff8c7348000 	C:\WINDOWS\system32\wshunix.dll

dbghelp: loaded successfully - version: 4.0.5 - missing functions: none
symbol engine: initialized successfully - sym options: 0x614 - pdb path: .;C:\Users\user\.p2\pool\plugins\org.eclipse.justj.openjdk.hotspot.jre.full.win32.x86_64_21.0.7.v20250502-0916\jre\bin;C:\WINDOWS\SYSTEM32;C:\Program Files\Norton\Suite;C:\WINDOWS\WinSxS\amd64_microsoft.windows.common-controls_6595b64144ccf1df_6.0.26100.7019_none_3e06ffa0e335b8a8;C:\Users\user\.p2\pool\plugins\org.eclipse.justj.openjdk.hotspot.jre.full.win32.x86_64_21.0.7.v20250502-0916\jre\bin\server

VM Arguments:
jvm_args: -ea -Dfile.encoding=UTF-8 -Dstdout.encoding=UTF-8 -Dstderr.encoding=UTF-8 -XX:+ShowCodeDetailsInExceptionMessages 
java_command: org.testng.remote.RemoteTestNG -serport 57070 -protocol json -d E:\1 Testing class\test_example_1\ProjectJhonLewis\test-output C:\Users\user\AppData\Local\Temp\testng-eclipse--1632565221\testng-customsuite.xml
java_class_path (initial): C:\Users\user\eclipse\jee-2025-06\eclipse\configuration\org.eclipse.osgi\1008\0\.cp\lib\testng-remote.jar;E:\1 Testing class\test_example_1\ProjectJhonLewis\target\test-classes;E:\1 Testing class\test_example_1\ProjectJhonLewis\target\classes;C:\Users\user\.p2\pool\plugins\org.testng_7.11.0.r202503091654.jar;C:\Users\user\.p2\pool\plugins\com.beust.jcommander_1.83.0.jar;C:\Users\user\.p2\pool\plugins\slf4j.api_2.0.17.jar;C:\Users\user\.p2\pool\plugins\org.yaml.snakeyaml_2.2.0.jar;C:\Users\user\.p2\pool\plugins\org.webjars.jquery_3.7.1.jar;C:\Users\user\.m2\repository\org\seleniumhq\selenium\selenium-java\4.35.0\selenium-java-4.35.0.jar;C:\Users\user\.m2\repository\org\seleniumhq\selenium\selenium-api\4.35.0\selenium-api-4.35.0.jar;C:\Users\user\.m2\repository\org\jspecify\jspecify\1.0.0\jspecify-1.0.0.jar;C:\Users\user\.m2\repository\org\seleniumhq\selenium\selenium-chrome-driver\4.35.0\selenium-chrome-driver-4.35.0.jar;C:\Users\user\.m2\repository\com\google\auto\service\auto-service-annotations\1.1.1\auto-service-annotations-1.1.1.jar;C:\Users\user\.m2\repository\org\seleniumhq\selenium\selenium-chromium-driver\4.35.0\selenium-chromium-driver-4.35.0.jar;C:\Users\user\.m2\repository\org\seleniumhq\selenium\selenium-json\4.35.0\selenium-json-4.35.0.jar;C:\Users\user\.m2\repository\org\seleniumhq\selenium\selenium-manager\4.35.0\selenium-manager-4.35.0.jar;C:\Users\user\.m2\repository\org\seleniumhq\selenium\selenium-devtools-v137\4.35.0\selenium-devtools-v137-4.35.0.jar;C:\Users\user\.m2\repository\org\seleniumhq\selenium\selenium-devtools-v138\4.35.0\selenium-devtools-v138-4.35.0.jar;C:\Users\user\.m2\repository\org\seleniumhq\selenium\selenium-devtools-v139\4.35.0\selenium-devtools-v139-4.35.0.jar;C:\Users\user\.m2\repository\org\seleniumhq\selenium\selenium-edge-driver\4.35.0\selenium-edge-driver-4.35.0.jar;C:\Users\user\.m2\repository\org\seleniumhq\selenium\selenium-firefox-driver\4.35.0\selenium-firefox-driver-4.35.0.jar;C:\Users\user\.m2\repository\org\seleniumhq\selenium\selenium-http\4.35.0\selenium-http-4.35.0.jar;C:\Users\user\.m2\repository\org\seleniumhq\selenium\selenium-ie-driver\4.35.0\selenium-ie-driver-4.35.0.jar;C:\Users\user\.m2\repository\org\seleniumhq\selenium\selenium-remote-driver\4.35.0\selenium-remote-driver-4.35.0.jar;C:\Users\user\.m2\repository\com\google\guava\guava\33.4.8-jre\guava-33.4.8-jre.jar;C:\Users\user\.m2\repository\com\google\guava\failureaccess\1.0.3\failureaccess-1.0.3.jar;C:\Users\user\.m2\repository\com\google\guava\listenablefuture\9999.0-empty-to-avoid-conflict-with-guava\listenablefuture-9999.0-empty-to-avoid-conflict-with-guava.jar;C:\Users\user\.m2\repository\com\google\errorprone\error_prone_annotations\2.36.0\error_prone_annotations-2.36.0.jar;C:\Users\user\.m2\repository\com\google\j2objc\j2objc-annotations\3.0.0\j2objc-annotations-3.0.0.jar;C:\Users\user\.m2\repository\io\opentelemetry\opentelemetry-api\1.53.0\opentelemetry-api-1.53.0.jar;C:\Users\user\.m2\repository\io\opentelemetry\opentelemetry-context\1.53.0\opentelemetry-context-1.53.0.jar;C:\Users\user\.m2\repository\io\opentelemetry\opentelemetry-common\1.53.0\opentelemetry-common-1.53.0.jar;C:\Users\user\.m2\repository\io\opentelemetry\opentelemetry-exporter-logging\1.53.0\opentelemetry-exporter-logging-1.53.0.jar;C:\Users\user\.m2\repository\io\opentelemetry\opentelemetry-sdk-common\1.53.0\opentelemetry-sdk-common-1.53.0.jar;C:\Users\user\.m2\repository\io\opentelemetry\opentelemetry-sdk-extension-autoconfigure-spi\1.53.0\opentelemetry-sdk-extension-autoconfigure-spi-1.53.0.jar;C:\Users\user\.m2\repository\io\opentelemetry\opentelemetry-sdk-extension-autoconfigure\1.53.0\opentelemetry-sdk-extension-autoconfigure-1.53.0.jar;C:\Users\user\.m2\repository\io\opentelemetry\opentelemetry-sdk-trace\1.53.0\opentelemetry-sdk-trace-1.53.0.jar;C:\Users\user\.m2\repository\io\opentelemetry\opentelemetry-sdk\1.53.0\opentelemetry-sdk-1.53.0.jar;C:\Users\user\.m2\repository\io\opentelemetry\opentelemetry-sdk-metrics\1.53.0\opentelemetry-sdk-metrics-1.53.0.jar;C:\Users\user\.m2\repository\io\opentelemetry\opentelemetry-sdk-logs\1.53.0\opentelemetry-sdk-logs-1.53.0.jar;C:\Users\user\.m2\repository\net\bytebuddy\byte-buddy\1.17.6\byte-buddy-1.17.6.jar;C:\Users\user\.m2\repository\org\seleniumhq\selenium\selenium-os\4.35.0\selenium-os-4.35.0.jar;C:\Users\user\.m2\repository\org\apache\commons\commons-exec\1.5.0\commons-exec-1.5.0.jar;C:\Users\user\.m2\repository\org\seleniumhq\selenium\selenium-safari-driver\4.35.0\selenium-safari-driver-4.35.0.jar;C:\Users\user\.m2\repository\org\seleniumhq\selenium\selenium-support\4.35.0\selenium-support-4.35.0.jar;C:\Users\user\.m2\repository\org\testng\testng\7.11.0\testng-7.11.0.jar;C:\Users\user\.m2\repository\org\slf4j\slf4j-api\2.0.16\slf4j-api-2.0.16.jar;C:\Users\user\.m2\repository\org\jcommander\jcommander\1.83\jcommander-1.83.jar;C:\Users\user\.m2\repository\org\webjars\jquery\3.7.1\jquery-3.7.1.jar
Launcher Type: SUN_STANDARD

[Global flags]
     intx CICompilerCount                          = 4                                         {product} {ergonomic}
     uint ConcGCThreads                            = 2                                         {product} {ergonomic}
     uint G1ConcRefinementThreads                  = 8                                         {product} {ergonomic}
   size_t G1HeapRegionSize                         = 1048576                                   {product} {ergonomic}
    uintx GCDrainStackTargetSize                   = 64                                        {product} {ergonomic}
   size_t InitialHeapSize                          = 134217728                                 {product} {ergonomic}
   size_t MarkStackSize                            = 4194304                                   {product} {ergonomic}
   size_t MaxHeapSize                              = 2116026368                                {product} {ergonomic}
   size_t MaxNewSize                               = 1268776960                                {product} {ergonomic}
   size_t MinHeapDeltaBytes                        = 1048576                                   {product} {ergonomic}
   size_t MinHeapSize                              = 8388608                                   {product} {ergonomic}
    uintx NonNMethodCodeHeapSize                   = 5839372                                {pd product} {ergonomic}
    uintx NonProfiledCodeHeapSize                  = 122909434                              {pd product} {ergonomic}
    uintx ProfiledCodeHeapSize                     = 122909434                              {pd product} {ergonomic}
    uintx ReservedCodeCacheSize                    = 251658240                              {pd product} {ergonomic}
     bool SegmentedCodeCache                       = true                                      {product} {ergonomic}
     bool ShowCodeDetailsInExceptionMessages       = true                                   {manageable} {command line}
   size_t SoftMaxHeapSize                          = 2116026368                             {manageable} {ergonomic}
     bool UseCompressedOops                        = true                           {product lp64_product} {ergonomic}
     bool UseG1GC                                  = true                                      {product} {ergonomic}
     bool UseLargePagesIndividualAllocation        = false                                  {pd product} {ergonomic}

Logging:
Log output configuration:
 #0: stdout all=warning uptime,level,tags foldmultilines=false
 #1: stderr all=off uptime,level,tags foldmultilines=false

Environment Variables:
PATH=C:/Users/user/.p2/pool/plugins/org.eclipse.justj.openjdk.hotspot.jre.full.win32.x86_64_21.0.7.v20250502-0916/jre/bin/server;C:/Users/user/.p2/pool/plugins/org.eclipse.justj.openjdk.hotspot.jre.full.win32.x86_64_21.0.7.v20250502-0916/jre/bin;C:\Program Files\Common Files\Oracle\Java\javapath;C:\Windows\system32;C:\Windows;C:\Windows\System32\Wbem;C:\Windows\System32\WindowsPowerShell\v1.0\;C:\Windows\System32\OpenSSH\;C:\Program Files (x86)\NVIDIA Corporation\PhysX\Common;C:\Program Files\NVIDIA Corporation\NVIDIA NvDLISR;C:\WINDOWS\system32;C:\WINDOWS;C:\WINDOWS\System32\Wbem;C:\WINDOWS\System32\WindowsPowerShell\v1.0\;C:\WINDOWS\System32\OpenSSH\;C:\Program Files\dotnet\;C:\Program Files\Git\cmd;C:\Users\user\AppData\Local\Microsoft\WindowsApps;C:\Users\user\AppData\Local\Programs\Microsoft VS Code\bin;C:\Users\user\Desktop;
USERNAME=user
OS=Windows_NT
PROCESSOR_IDENTIFIER=Intel64 Family 6 Model 142 Stepping 12, GenuineIntel
TMP=C:\Users\user\AppData\Local\Temp
TEMP=C:\Users\user\AppData\Local\Temp




Periodic native trim disabled

---------------  S Y S T E M  ---------------

OS:
 Windows 11 , 64 bit Build 26100 (10.0.26100.7019)
OS uptime: 19 days 13:44 hours

CPU: total 8 (initial active 8) (4 cores per cpu, 2 threads per core) family 6 model 142 stepping 12 microcode 0xde, cx8, cmov, fxsr, ht, mmx, 3dnowpref, sse, sse2, sse3, ssse3, sse4.1, sse4.2, popcnt, lzcnt, tsc, tscinvbit, avx, avx2, aes, erms, clmul, bmi1, bmi2, adx, fma, vzeroupper, clflush, clflushopt, rdtscp, f16c
Processor Information for processor 0
  Max Mhz: 1800, Current Mhz: 1600, Mhz Limit: 1584
Processor Information for processor 1
  Max Mhz: 1800, Current Mhz: 1500, Mhz Limit: 1584
Processor Information for processor 2
  Max Mhz: 1800, Current Mhz: 1500, Mhz Limit: 1584
Processor Information for processor 3
  Max Mhz: 1800, Current Mhz: 1500, Mhz Limit: 1584
Processor Information for processor 4
  Max Mhz: 1800, Current Mhz: 1500, Mhz Limit: 1584
Processor Information for processor 5
  Max Mhz: 1800, Current Mhz: 1500, Mhz Limit: 1584
Processor Information for processor 6
  Max Mhz: 1800, Current Mhz: 1500, Mhz Limit: 1584
Processor Information for processor 7
  Max Mhz: 1800, Current Mhz: 1500, Mhz Limit: 1584

Memory: 4k page, system-wide physical 8071M (1157M free)
TotalPageFile size 21572M (AvailPageFile size 7M)
current process WorkingSet (physical memory assigned to process): 121M, peak: 121M
current process commit charge ("private bytes"): 256M, peak: 257M

vm_info: OpenJDK 64-Bit Server VM (21.0.7+6-LTS) for windows-amd64 JRE (21.0.7+6-LTS), built on 2025-04-15T00:00:00Z by "admin" with MS VC++ 17.7 (VS2022)

END.
