#
# There is insufficient memory for the Java Runtime Environment to continue.
# Native memory allocation (malloc) failed to allocate 246816 bytes. Error detail: Chunk::new
# Possible reasons:
#   The system is out of physical RAM or swap space
#   This process is running with CompressedOops enabled, and the Java Heap may be blocking the growth of the native heap
# Possible solutions:
#   Reduce memory load on the system
#   Increase physical memory or swap space
#   Check if swap backing store is full
#   Decrease Java heap size (-Xmx/-Xms)
#   Decrease number of Java threads
#   Decrease Java thread stack sizes (-Xss)
#   Set larger code cache with -XX:ReservedCodeCacheSize=
#   JVM is running with Unscaled Compressed Oops mode in which the Java heap is
#     placed in the first 4GB address space. The Java Heap base address is the
#     maximum limit for the native heap growth. Please use -XX:HeapBaseMinAddress
#     to set the Java Heap base and to place the Java Heap above 4GB virtual address.
# This output file may be truncated or incomplete.
#
#  Out of Memory Error (arena.cpp:168), pid=25912, tid=15448
#
# JRE version: OpenJDK Runtime Environment Temurin-21.0.7+6 (21.0.7+6) (build 21.0.7+6-LTS)
# Java VM: OpenJDK 64-Bit Server VM Temurin-21.0.7+6 (21.0.7+6-LTS, mixed mode, sharing, tiered, compressed oops, compressed class ptrs, g1 gc, windows-amd64)
# No core dump will be written. Minidumps are not enabled by default on client versions of Windows
#

---------------  S U M M A R Y ------------

Command Line: -ea -Dfile.encoding=UTF-8 -Dstdout.encoding=UTF-8 -Dstderr.encoding=UTF-8 -XX:+ShowCodeDetailsInExceptionMessages org.testng.remote.RemoteTestNG -serport 56348 -protocol json -d E:\1 Testing class\test_example_1\ProjectJhonLewis\test-output C:\Users\user\AppData\Local\Temp\testng-eclipse--1848101679\testng-customsuite.xml

Host: Intel(R) Core(TM) i5-8265U CPU @ 1.60GHz, 8 cores, 7G,  Windows 11 , 64 bit Build 26100 (10.0.26100.7019)
Time: Thu Dec  4 10:48:12 2025 GMT Standard Time elapsed time: 24.366275 seconds (0d 0h 0m 24s)

---------------  T H R E A D  ---------------

Current thread (0x00000263dcdb2520):  JavaThread "C2 CompilerThread1" daemon [_thread_in_native, id=15448, stack(0x000000d370d00000,0x000000d370e00000) (1024K)]


Current CompileTask:
C2:24366 2382       4       java.util.regex.Pattern$CharProperty::match (71 bytes)

Stack: [0x000000d370d00000,0x000000d370e00000]
Native frames: (J=compiled Java code, j=interpreted, Vv=VM code, C=native code)
V  [jvm.dll+0x6ce119]
V  [jvm.dll+0x8a84a1]
V  [jvm.dll+0x8aa9ce]
V  [jvm.dll+0x8ab0b3]
V  [jvm.dll+0x27f8a6]
V  [jvm.dll+0xc507d]
V  [jvm.dll+0xc55b3]
V  [jvm.dll+0x2f2c6d]
V  [jvm.dll+0x5f6bca]
V  [jvm.dll+0x250cb2]
V  [jvm.dll+0x24947c]
V  [jvm.dll+0x246fc4]
V  [jvm.dll+0x1c760e]
V  [jvm.dll+0x25695a]
V  [jvm.dll+0x254efa]
V  [jvm.dll+0x3f03f6]
V  [jvm.dll+0x851f6b]
V  [jvm.dll+0x6cc7dd]
C  [ucrtbase.dll+0x37b0]
C  [KERNEL32.DLL+0x2e8d7]
C  [ntdll.dll+0x8c53c]


---------------  P R O C E S S  ---------------

Threads class SMR info:
_java_thread_list=0x00000263dd46ca00, length=28, elements={
0x00000263fca056d0, 0x0000026396a67ad0, 0x0000026396a68520, 0x00000263dc0086c0,
0x00000263dc009390, 0x0000026396a69370, 0x00000263dc019e00, 0x00000263dc01cbb0,
0x00000263dc01d640, 0x00000263dc15ca20, 0x00000263dc199c80, 0x00000263dcc70f40,
0x00000263dd071d40, 0x00000263de202d50, 0x00000263dcf6bef0, 0x00000263dcf5ecc0,
0x00000263dd3fa350, 0x00000263dd070680, 0x00000263dd06f960, 0x00000263dd070d10,
0x00000263dd06fff0, 0x00000263dd091860, 0x00000263dd0904b0, 0x00000263dd091ef0,
0x00000263dd092c10, 0x00000263dd08f790, 0x00000263dd090b40, 0x00000263dcdb2520
}

Java Threads: ( => current thread )
  0x00000263fca056d0 JavaThread "main"                              [_thread_in_Java, id=20168, stack(0x000000d36f100000,0x000000d36f200000) (1024K)]
  0x0000026396a67ad0 JavaThread "Reference Handler"          daemon [_thread_blocked, id=25544, stack(0x000000d36f900000,0x000000d36fa00000) (1024K)]
  0x0000026396a68520 JavaThread "Finalizer"                  daemon [_thread_blocked, id=20148, stack(0x000000d36fa00000,0x000000d36fb00000) (1024K)]
  0x00000263dc0086c0 JavaThread "Signal Dispatcher"          daemon [_thread_blocked, id=21528, stack(0x000000d36fb00000,0x000000d36fc00000) (1024K)]
  0x00000263dc009390 JavaThread "Attach Listener"            daemon [_thread_blocked, id=19680, stack(0x000000d36fc00000,0x000000d36fd00000) (1024K)]
  0x0000026396a69370 JavaThread "Service Thread"             daemon [_thread_blocked, id=8680, stack(0x000000d36fd00000,0x000000d36fe00000) (1024K)]
  0x00000263dc019e00 JavaThread "Monitor Deflation Thread"   daemon [_thread_blocked, id=5700, stack(0x000000d36fe00000,0x000000d36ff00000) (1024K)]
  0x00000263dc01cbb0 JavaThread "C2 CompilerThread0"         daemon [_thread_in_native, id=13564, stack(0x000000d36ff00000,0x000000d370000000) (1024K)]
  0x00000263dc01d640 JavaThread "C1 CompilerThread0"         daemon [_thread_in_native, id=26324, stack(0x000000d370000000,0x000000d370100000) (1024K)]
  0x00000263dc15ca20 JavaThread "Notification Thread"        daemon [_thread_blocked, id=30068, stack(0x000000d370100000,0x000000d370200000) (1024K)]
  0x00000263dc199c80 JavaThread "Common-Cleaner"             daemon [_thread_blocked, id=25552, stack(0x000000d370200000,0x000000d370300000) (1024K)]
  0x00000263dcc70f40 JavaThread "ForkJoinPool.commonPool-worker-1" daemon [_thread_blocked, id=26632, stack(0x000000d370c00000,0x000000d370d00000) (1024K)]
  0x00000263dd071d40 JavaThread "HttpClient-1-SelectorManager" daemon [_thread_in_native, id=4676, stack(0x000000d370f00000,0x000000d371000000) (1024K)]
  0x00000263de202d50 JavaThread "External Process Output Forwarder - C:\Users\user\.cache\selenium\chromedriver\win64\142.0.7444.175\chromedriver.exe" daemon [_thread_in_native, id=18616, stack(0x000000d371000000,0x000000d371100000) (1024K)]
  0x00000263dcf6bef0 JavaThread "Driver Service Executor"    daemon [_thread_blocked, id=16264, stack(0x000000d371100000,0x000000d371200000) (1024K)]
  0x00000263dcf5ecc0 JavaThread "Driver Service Executor"    daemon [_thread_blocked, id=27860, stack(0x000000d371200000,0x000000d371300000) (1024K)]
  0x00000263dd3fa350 JavaThread "UrlChecker-2"               daemon [_thread_blocked, id=7472, stack(0x000000d371300000,0x000000d371400000) (1024K)]
  0x00000263dd070680 JavaThread "JdkHttpClient-0-0"          daemon [_thread_blocked, id=13920, stack(0x000000d370e00000,0x000000d370f00000) (1024K)]
  0x00000263dd06f960 JavaThread "CompletableFutureDelayScheduler" daemon [_thread_blocked, id=29868, stack(0x000000d371400000,0x000000d371500000) (1024K)]
  0x00000263dd070d10 JavaThread "JdkHttpClient-0-1"          daemon [_thread_blocked, id=24824, stack(0x000000d371500000,0x000000d371600000) (1024K)]
  0x00000263dd06fff0 JavaThread "JdkHttpClient-0-2"          daemon [_thread_blocked, id=15196, stack(0x000000d371600000,0x000000d371700000) (1024K)]
  0x00000263dd091860 JavaThread "JdkHttpClient-0-3"          daemon [_thread_blocked, id=12188, stack(0x000000d371700000,0x000000d371800000) (1024K)]
  0x00000263dd0904b0 JavaThread "HttpClient-2-SelectorManager" daemon [_thread_in_native, id=21320, stack(0x000000d371900000,0x000000d371a00000) (1024K)]
  0x00000263dd091ef0 JavaThread "JdkHttpClient-1-0"          daemon [_thread_blocked, id=2944, stack(0x000000d371a00000,0x000000d371b00000) (1024K)]
  0x00000263dd092c10 JavaThread "JdkHttpClient-1-1"          daemon [_thread_blocked, id=19244, stack(0x000000d371b00000,0x000000d371c00000) (1024K)]
  0x00000263dd08f790 JavaThread "JdkHttpClient-1-2"          daemon [_thread_blocked, id=14380, stack(0x000000d371c00000,0x000000d371d00000) (1024K)]
  0x00000263dd090b40 JavaThread "JdkHttpClient-1-3"          daemon [_thread_blocked, id=17412, stack(0x000000d371d00000,0x000000d371e00000) (1024K)]
=>0x00000263dcdb2520 JavaThread "C2 CompilerThread1"         daemon [_thread_in_native, id=15448, stack(0x000000d370d00000,0x000000d370e00000) (1024K)]
Total: 28

Other Threads:
  0x0000026396a53900 VMThread "VM Thread"                           [id=3852, stack(0x000000d36f800000,0x000000d36f900000) (1024K)]
  0x0000026396a3a9e0 WatcherThread "VM Periodic Task Thread"        [id=15388, stack(0x000000d36f700000,0x000000d36f800000) (1024K)]
  0x00000263fed5f2f0 WorkerThread "GC Thread#0"                     [id=16012, stack(0x000000d36f200000,0x000000d36f300000) (1024K)]
  0x00000263dc7317a0 WorkerThread "GC Thread#1"                     [id=8684, stack(0x000000d370300000,0x000000d370400000) (1024K)]
  0x00000263dc238ae0 WorkerThread "GC Thread#2"                     [id=8860, stack(0x000000d370600000,0x000000d370700000) (1024K)]
  0x00000263dcc705f0 WorkerThread "GC Thread#3"                     [id=29900, stack(0x000000d370700000,0x000000d370800000) (1024K)]
  0x00000263dcca35d0 WorkerThread "GC Thread#4"                     [id=24356, stack(0x000000d370800000,0x000000d370900000) (1024K)]
  0x00000263dccc2e80 WorkerThread "GC Thread#5"                     [id=21344, stack(0x000000d370900000,0x000000d370a00000) (1024K)]
  0x00000263dccc3220 WorkerThread "GC Thread#6"                     [id=9332, stack(0x000000d370a00000,0x000000d370b00000) (1024K)]
  0x00000263dcdd2140 WorkerThread "GC Thread#7"                     [id=19300, stack(0x000000d370b00000,0x000000d370c00000) (1024K)]
  0x00000263fed6fe20 ConcurrentGCThread "G1 Main Marker"            [id=13940, stack(0x000000d36f300000,0x000000d36f400000) (1024K)]
  0x00000263fed71e50 WorkerThread "G1 Conc#0"                       [id=7196, stack(0x000000d36f400000,0x000000d36f500000) (1024K)]
  0x00000263fedbe5a0 ConcurrentGCThread "G1 Refine#0"               [id=24420, stack(0x000000d36f500000,0x000000d36f600000) (1024K)]
  0x00000263968f3060 ConcurrentGCThread "G1 Service"                [id=20928, stack(0x000000d36f600000,0x000000d36f700000) (1024K)]
Total: 14

Threads with active compile tasks:
C2 CompilerThread1  26497 2382       4       java.util.regex.Pattern$CharProperty::match (71 bytes)
Total: 1

VM state: not at safepoint (normal execution)

VM Mutex/Monitor currently owned by a thread:  ([mutex/lock_event])
[0x00007ff8325dce88] MethodCompileQueue_lock - owner thread: 0x0000000000000000

Heap address: 0x0000000081e00000, size: 2018 MB, Compressed Oops mode: 32-bit

CDS archive(s) mapped at: [0x0000026397000000-0x0000026397c80000-0x0000026397c80000), size 13107200, SharedBaseAddress: 0x0000026397000000, ArchiveRelocationMode: 1.
Compressed class space mapped at: 0x0000026398000000-0x00000263d8000000, reserved size: 1073741824
Narrow klass base: 0x0000026397000000, Narrow klass shift: 0, Narrow klass range: 0x100000000

GC Precious Log:
 CardTable entry size: 512
 Card Set container configuration: InlinePtr #cards 5 size 8 Array Of Cards #cards 12 size 40 Howl #buckets 4 coarsen threshold 1843 Howl Bitmap #cards 512 size 80 coarsen threshold 460 Card regions per heap region 1 cards per card region 2048
 CPUs: 8 total, 8 available
 Memory: 8071M
 Large Page Support: Disabled
 NUMA Support: Disabled
 Compressed Oops: Enabled (32-bit)
 Heap Region Size: 1M
 Heap Min Capacity: 8M
 Heap Initial Capacity: 128M
 Heap Max Capacity: 2018M
 Pre-touch: Disabled
 Parallel Workers: 8
 Concurrent Workers: 2
 Concurrent Refinement Workers: 8
 Periodic GC: Disabled

Heap:
 garbage-first heap   total 131072K, used 35072K [0x0000000081e00000, 0x0000000100000000)
  region size 1024K, 34 young (34816K), 3 survivors (3072K)
 Metaspace       used 17876K, committed 18240K, reserved 1114112K
  class space    used 2147K, committed 2304K, reserved 1048576K

Heap Regions: E=young(eden), S=young(survivor), O=old, HS=humongous(starts), HC=humongous(continues), CS=collection set, F=free, TAMS=top-at-mark-start, PB=parsable bottom
|   0|0x0000000081e00000, 0x0000000081f00000, 0x0000000081f00000|100%|HS|  |TAMS 0x0000000081e00000| PB 0x0000000081e00000| Complete 
|   1|0x0000000081f00000, 0x0000000082000000, 0x0000000082000000|100%| O|  |TAMS 0x0000000081f00000| PB 0x0000000081f00000| Untracked 
|   2|0x0000000082000000, 0x0000000082040000, 0x0000000082100000| 25%| O|  |TAMS 0x0000000082000000| PB 0x0000000082000000| Untracked 
|   3|0x0000000082100000, 0x0000000082100000, 0x0000000082200000|  0%| F|  |TAMS 0x0000000082100000| PB 0x0000000082100000| Untracked 
|   4|0x0000000082200000, 0x0000000082200000, 0x0000000082300000|  0%| F|  |TAMS 0x0000000082200000| PB 0x0000000082200000| Untracked 
|   5|0x0000000082300000, 0x0000000082300000, 0x0000000082400000|  0%| F|  |TAMS 0x0000000082300000| PB 0x0000000082300000| Untracked 
|   6|0x0000000082400000, 0x0000000082400000, 0x0000000082500000|  0%| F|  |TAMS 0x0000000082400000| PB 0x0000000082400000| Untracked 
|   7|0x0000000082500000, 0x0000000082500000, 0x0000000082600000|  0%| F|  |TAMS 0x0000000082500000| PB 0x0000000082500000| Untracked 
|   8|0x0000000082600000, 0x0000000082600000, 0x0000000082700000|  0%| F|  |TAMS 0x0000000082600000| PB 0x0000000082600000| Untracked 
|   9|0x0000000082700000, 0x0000000082700000, 0x0000000082800000|  0%| F|  |TAMS 0x0000000082700000| PB 0x0000000082700000| Untracked 
|  10|0x0000000082800000, 0x0000000082800000, 0x0000000082900000|  0%| F|  |TAMS 0x0000000082800000| PB 0x0000000082800000| Untracked 
|  11|0x0000000082900000, 0x0000000082900000, 0x0000000082a00000|  0%| F|  |TAMS 0x0000000082900000| PB 0x0000000082900000| Untracked 
|  12|0x0000000082a00000, 0x0000000082a00000, 0x0000000082b00000|  0%| F|  |TAMS 0x0000000082a00000| PB 0x0000000082a00000| Untracked 
|  13|0x0000000082b00000, 0x0000000082b00000, 0x0000000082c00000|  0%| F|  |TAMS 0x0000000082b00000| PB 0x0000000082b00000| Untracked 
|  14|0x0000000082c00000, 0x0000000082c00000, 0x0000000082d00000|  0%| F|  |TAMS 0x0000000082c00000| PB 0x0000000082c00000| Untracked 
|  15|0x0000000082d00000, 0x0000000082d00000, 0x0000000082e00000|  0%| F|  |TAMS 0x0000000082d00000| PB 0x0000000082d00000| Untracked 
|  16|0x0000000082e00000, 0x0000000082e00000, 0x0000000082f00000|  0%| F|  |TAMS 0x0000000082e00000| PB 0x0000000082e00000| Untracked 
|  17|0x0000000082f00000, 0x0000000082f00000, 0x0000000083000000|  0%| F|  |TAMS 0x0000000082f00000| PB 0x0000000082f00000| Untracked 
|  18|0x0000000083000000, 0x0000000083000000, 0x0000000083100000|  0%| F|  |TAMS 0x0000000083000000| PB 0x0000000083000000| Untracked 
|  19|0x0000000083100000, 0x0000000083100000, 0x0000000083200000|  0%| F|  |TAMS 0x0000000083100000| PB 0x0000000083100000| Untracked 
|  20|0x0000000083200000, 0x0000000083200000, 0x0000000083300000|  0%| F|  |TAMS 0x0000000083200000| PB 0x0000000083200000| Untracked 
|  21|0x0000000083300000, 0x0000000083300000, 0x0000000083400000|  0%| F|  |TAMS 0x0000000083300000| PB 0x0000000083300000| Untracked 
|  22|0x0000000083400000, 0x0000000083400000, 0x0000000083500000|  0%| F|  |TAMS 0x0000000083400000| PB 0x0000000083400000| Untracked 
|  23|0x0000000083500000, 0x0000000083500000, 0x0000000083600000|  0%| F|  |TAMS 0x0000000083500000| PB 0x0000000083500000| Untracked 
|  24|0x0000000083600000, 0x0000000083600000, 0x0000000083700000|  0%| F|  |TAMS 0x0000000083600000| PB 0x0000000083600000| Untracked 
|  25|0x0000000083700000, 0x0000000083700000, 0x0000000083800000|  0%| F|  |TAMS 0x0000000083700000| PB 0x0000000083700000| Untracked 
|  26|0x0000000083800000, 0x0000000083800000, 0x0000000083900000|  0%| F|  |TAMS 0x0000000083800000| PB 0x0000000083800000| Untracked 
|  27|0x0000000083900000, 0x0000000083900000, 0x0000000083a00000|  0%| F|  |TAMS 0x0000000083900000| PB 0x0000000083900000| Untracked 
|  28|0x0000000083a00000, 0x0000000083a00000, 0x0000000083b00000|  0%| F|  |TAMS 0x0000000083a00000| PB 0x0000000083a00000| Untracked 
|  29|0x0000000083b00000, 0x0000000083b00000, 0x0000000083c00000|  0%| F|  |TAMS 0x0000000083b00000| PB 0x0000000083b00000| Untracked 
|  30|0x0000000083c00000, 0x0000000083c00000, 0x0000000083d00000|  0%| F|  |TAMS 0x0000000083c00000| PB 0x0000000083c00000| Untracked 
|  31|0x0000000083d00000, 0x0000000083d00000, 0x0000000083e00000|  0%| F|  |TAMS 0x0000000083d00000| PB 0x0000000083d00000| Untracked 
|  32|0x0000000083e00000, 0x0000000083e00000, 0x0000000083f00000|  0%| F|  |TAMS 0x0000000083e00000| PB 0x0000000083e00000| Untracked 
|  33|0x0000000083f00000, 0x0000000083f00000, 0x0000000084000000|  0%| F|  |TAMS 0x0000000083f00000| PB 0x0000000083f00000| Untracked 
|  34|0x0000000084000000, 0x0000000084000000, 0x0000000084100000|  0%| F|  |TAMS 0x0000000084000000| PB 0x0000000084000000| Untracked 
|  35|0x0000000084100000, 0x0000000084100000, 0x0000000084200000|  0%| F|  |TAMS 0x0000000084100000| PB 0x0000000084100000| Untracked 
|  36|0x0000000084200000, 0x0000000084200000, 0x0000000084300000|  0%| F|  |TAMS 0x0000000084200000| PB 0x0000000084200000| Untracked 
|  37|0x0000000084300000, 0x0000000084300000, 0x0000000084400000|  0%| F|  |TAMS 0x0000000084300000| PB 0x0000000084300000| Untracked 
|  38|0x0000000084400000, 0x0000000084400000, 0x0000000084500000|  0%| F|  |TAMS 0x0000000084400000| PB 0x0000000084400000| Untracked 
|  39|0x0000000084500000, 0x0000000084500000, 0x0000000084600000|  0%| F|  |TAMS 0x0000000084500000| PB 0x0000000084500000| Untracked 
|  40|0x0000000084600000, 0x0000000084600000, 0x0000000084700000|  0%| F|  |TAMS 0x0000000084600000| PB 0x0000000084600000| Untracked 
|  41|0x0000000084700000, 0x0000000084700000, 0x0000000084800000|  0%| F|  |TAMS 0x0000000084700000| PB 0x0000000084700000| Untracked 
|  42|0x0000000084800000, 0x0000000084800000, 0x0000000084900000|  0%| F|  |TAMS 0x0000000084800000| PB 0x0000000084800000| Untracked 
|  43|0x0000000084900000, 0x0000000084900000, 0x0000000084a00000|  0%| F|  |TAMS 0x0000000084900000| PB 0x0000000084900000| Untracked 
|  44|0x0000000084a00000, 0x0000000084a00000, 0x0000000084b00000|  0%| F|  |TAMS 0x0000000084a00000| PB 0x0000000084a00000| Untracked 
|  45|0x0000000084b00000, 0x0000000084b00000, 0x0000000084c00000|  0%| F|  |TAMS 0x0000000084b00000| PB 0x0000000084b00000| Untracked 
|  46|0x0000000084c00000, 0x0000000084c00000, 0x0000000084d00000|  0%| F|  |TAMS 0x0000000084c00000| PB 0x0000000084c00000| Untracked 
|  47|0x0000000084d00000, 0x0000000084d00000, 0x0000000084e00000|  0%| F|  |TAMS 0x0000000084d00000| PB 0x0000000084d00000| Untracked 
|  48|0x0000000084e00000, 0x0000000084e00000, 0x0000000084f00000|  0%| F|  |TAMS 0x0000000084e00000| PB 0x0000000084e00000| Untracked 
|  49|0x0000000084f00000, 0x0000000084f00000, 0x0000000085000000|  0%| F|  |TAMS 0x0000000084f00000| PB 0x0000000084f00000| Untracked 
|  50|0x0000000085000000, 0x0000000085000000, 0x0000000085100000|  0%| F|  |TAMS 0x0000000085000000| PB 0x0000000085000000| Untracked 
|  51|0x0000000085100000, 0x0000000085100000, 0x0000000085200000|  0%| F|  |TAMS 0x0000000085100000| PB 0x0000000085100000| Untracked 
|  52|0x0000000085200000, 0x0000000085200000, 0x0000000085300000|  0%| F|  |TAMS 0x0000000085200000| PB 0x0000000085200000| Untracked 
|  53|0x0000000085300000, 0x0000000085300000, 0x0000000085400000|  0%| F|  |TAMS 0x0000000085300000| PB 0x0000000085300000| Untracked 
|  54|0x0000000085400000, 0x0000000085400000, 0x0000000085500000|  0%| F|  |TAMS 0x0000000085400000| PB 0x0000000085400000| Untracked 
|  55|0x0000000085500000, 0x0000000085500000, 0x0000000085600000|  0%| F|  |TAMS 0x0000000085500000| PB 0x0000000085500000| Untracked 
|  56|0x0000000085600000, 0x0000000085600000, 0x0000000085700000|  0%| F|  |TAMS 0x0000000085600000| PB 0x0000000085600000| Untracked 
|  57|0x0000000085700000, 0x0000000085700000, 0x0000000085800000|  0%| F|  |TAMS 0x0000000085700000| PB 0x0000000085700000| Untracked 
|  58|0x0000000085800000, 0x0000000085800000, 0x0000000085900000|  0%| F|  |TAMS 0x0000000085800000| PB 0x0000000085800000| Untracked 
|  59|0x0000000085900000, 0x0000000085900000, 0x0000000085a00000|  0%| F|  |TAMS 0x0000000085900000| PB 0x0000000085900000| Untracked 
|  60|0x0000000085a00000, 0x0000000085a00000, 0x0000000085b00000|  0%| F|  |TAMS 0x0000000085a00000| PB 0x0000000085a00000| Untracked 
|  61|0x0000000085b00000, 0x0000000085b00000, 0x0000000085c00000|  0%| F|  |TAMS 0x0000000085b00000| PB 0x0000000085b00000| Untracked 
|  62|0x0000000085c00000, 0x0000000085c00000, 0x0000000085d00000|  0%| F|  |TAMS 0x0000000085c00000| PB 0x0000000085c00000| Untracked 
|  63|0x0000000085d00000, 0x0000000085d00000, 0x0000000085e00000|  0%| F|  |TAMS 0x0000000085d00000| PB 0x0000000085d00000| Untracked 
|  64|0x0000000085e00000, 0x0000000085e00000, 0x0000000085f00000|  0%| F|  |TAMS 0x0000000085e00000| PB 0x0000000085e00000| Untracked 
|  65|0x0000000085f00000, 0x0000000085f00000, 0x0000000086000000|  0%| F|  |TAMS 0x0000000085f00000| PB 0x0000000085f00000| Untracked 
|  66|0x0000000086000000, 0x0000000086000000, 0x0000000086100000|  0%| F|  |TAMS 0x0000000086000000| PB 0x0000000086000000| Untracked 
|  67|0x0000000086100000, 0x0000000086100000, 0x0000000086200000|  0%| F|  |TAMS 0x0000000086100000| PB 0x0000000086100000| Untracked 
|  68|0x0000000086200000, 0x0000000086200000, 0x0000000086300000|  0%| F|  |TAMS 0x0000000086200000| PB 0x0000000086200000| Untracked 
|  69|0x0000000086300000, 0x0000000086300000, 0x0000000086400000|  0%| F|  |TAMS 0x0000000086300000| PB 0x0000000086300000| Untracked 
|  70|0x0000000086400000, 0x0000000086400000, 0x0000000086500000|  0%| F|  |TAMS 0x0000000086400000| PB 0x0000000086400000| Untracked 
|  71|0x0000000086500000, 0x0000000086500000, 0x0000000086600000|  0%| F|  |TAMS 0x0000000086500000| PB 0x0000000086500000| Untracked 
|  72|0x0000000086600000, 0x0000000086600000, 0x0000000086700000|  0%| F|  |TAMS 0x0000000086600000| PB 0x0000000086600000| Untracked 
|  73|0x0000000086700000, 0x0000000086700000, 0x0000000086800000|  0%| F|  |TAMS 0x0000000086700000| PB 0x0000000086700000| Untracked 
|  74|0x0000000086800000, 0x0000000086800000, 0x0000000086900000|  0%| F|  |TAMS 0x0000000086800000| PB 0x0000000086800000| Untracked 
|  75|0x0000000086900000, 0x0000000086900000, 0x0000000086a00000|  0%| F|  |TAMS 0x0000000086900000| PB 0x0000000086900000| Untracked 
|  76|0x0000000086a00000, 0x0000000086a00000, 0x0000000086b00000|  0%| F|  |TAMS 0x0000000086a00000| PB 0x0000000086a00000| Untracked 
|  77|0x0000000086b00000, 0x0000000086b00000, 0x0000000086c00000|  0%| F|  |TAMS 0x0000000086b00000| PB 0x0000000086b00000| Untracked 
|  78|0x0000000086c00000, 0x0000000086c00000, 0x0000000086d00000|  0%| F|  |TAMS 0x0000000086c00000| PB 0x0000000086c00000| Untracked 
|  79|0x0000000086d00000, 0x0000000086d00000, 0x0000000086e00000|  0%| F|  |TAMS 0x0000000086d00000| PB 0x0000000086d00000| Untracked 
|  80|0x0000000086e00000, 0x0000000086e00000, 0x0000000086f00000|  0%| F|  |TAMS 0x0000000086e00000| PB 0x0000000086e00000| Untracked 
|  81|0x0000000086f00000, 0x0000000086f00000, 0x0000000087000000|  0%| F|  |TAMS 0x0000000086f00000| PB 0x0000000086f00000| Untracked 
|  82|0x0000000087000000, 0x0000000087000000, 0x0000000087100000|  0%| F|  |TAMS 0x0000000087000000| PB 0x0000000087000000| Untracked 
|  83|0x0000000087100000, 0x0000000087100000, 0x0000000087200000|  0%| F|  |TAMS 0x0000000087100000| PB 0x0000000087100000| Untracked 
|  84|0x0000000087200000, 0x0000000087200000, 0x0000000087300000|  0%| F|  |TAMS 0x0000000087200000| PB 0x0000000087200000| Untracked 
|  85|0x0000000087300000, 0x0000000087300000, 0x0000000087400000|  0%| F|  |TAMS 0x0000000087300000| PB 0x0000000087300000| Untracked 
|  86|0x0000000087400000, 0x0000000087400000, 0x0000000087500000|  0%| F|  |TAMS 0x0000000087400000| PB 0x0000000087400000| Untracked 
|  87|0x0000000087500000, 0x0000000087500000, 0x0000000087600000|  0%| F|  |TAMS 0x0000000087500000| PB 0x0000000087500000| Untracked 
|  88|0x0000000087600000, 0x0000000087600000, 0x0000000087700000|  0%| F|  |TAMS 0x0000000087600000| PB 0x0000000087600000| Untracked 
|  89|0x0000000087700000, 0x0000000087700000, 0x0000000087800000|  0%| F|  |TAMS 0x0000000087700000| PB 0x0000000087700000| Untracked 
|  90|0x0000000087800000, 0x0000000087800000, 0x0000000087900000|  0%| F|  |TAMS 0x0000000087800000| PB 0x0000000087800000| Untracked 
|  91|0x0000000087900000, 0x0000000087900000, 0x0000000087a00000|  0%| F|  |TAMS 0x0000000087900000| PB 0x0000000087900000| Untracked 
|  92|0x0000000087a00000, 0x0000000087a00000, 0x0000000087b00000|  0%| F|  |TAMS 0x0000000087a00000| PB 0x0000000087a00000| Untracked 
|  93|0x0000000087b00000, 0x0000000087b00000, 0x0000000087c00000|  0%| F|  |TAMS 0x0000000087b00000| PB 0x0000000087b00000| Untracked 
|  94|0x0000000087c00000, 0x0000000087c65148, 0x0000000087d00000| 39%| E|  |TAMS 0x0000000087c00000| PB 0x0000000087c00000| Complete 
|  95|0x0000000087d00000, 0x0000000087e00000, 0x0000000087e00000|100%| E|CS|TAMS 0x0000000087d00000| PB 0x0000000087d00000| Complete 
|  96|0x0000000087e00000, 0x0000000087f00000, 0x0000000087f00000|100%| E|CS|TAMS 0x0000000087e00000| PB 0x0000000087e00000| Complete 
|  97|0x0000000087f00000, 0x0000000088000000, 0x0000000088000000|100%| E|CS|TAMS 0x0000000087f00000| PB 0x0000000087f00000| Complete 
|  98|0x0000000088000000, 0x0000000088100000, 0x0000000088100000|100%| E|CS|TAMS 0x0000000088000000| PB 0x0000000088000000| Complete 
|  99|0x0000000088100000, 0x0000000088200000, 0x0000000088200000|100%| E|CS|TAMS 0x0000000088100000| PB 0x0000000088100000| Complete 
| 100|0x0000000088200000, 0x0000000088300000, 0x0000000088300000|100%| E|CS|TAMS 0x0000000088200000| PB 0x0000000088200000| Complete 
| 101|0x0000000088300000, 0x0000000088400000, 0x0000000088400000|100%| E|CS|TAMS 0x0000000088300000| PB 0x0000000088300000| Complete 
| 102|0x0000000088400000, 0x0000000088500000, 0x0000000088500000|100%| S|CS|TAMS 0x0000000088400000| PB 0x0000000088400000| Complete 
| 103|0x0000000088500000, 0x0000000088600000, 0x0000000088600000|100%| S|CS|TAMS 0x0000000088500000| PB 0x0000000088500000| Complete 
| 104|0x0000000088600000, 0x0000000088700000, 0x0000000088700000|100%| S|CS|TAMS 0x0000000088600000| PB 0x0000000088600000| Complete 
| 105|0x0000000088700000, 0x0000000088800000, 0x0000000088800000|100%| E|CS|TAMS 0x0000000088700000| PB 0x0000000088700000| Complete 
| 106|0x0000000088800000, 0x0000000088900000, 0x0000000088900000|100%| E|CS|TAMS 0x0000000088800000| PB 0x0000000088800000| Complete 
| 107|0x0000000088900000, 0x0000000088a00000, 0x0000000088a00000|100%| E|CS|TAMS 0x0000000088900000| PB 0x0000000088900000| Complete 
| 108|0x0000000088a00000, 0x0000000088b00000, 0x0000000088b00000|100%| E|CS|TAMS 0x0000000088a00000| PB 0x0000000088a00000| Complete 
| 109|0x0000000088b00000, 0x0000000088c00000, 0x0000000088c00000|100%| E|  |TAMS 0x0000000088b00000| PB 0x0000000088b00000| Complete 
| 110|0x0000000088c00000, 0x0000000088d00000, 0x0000000088d00000|100%| E|CS|TAMS 0x0000000088c00000| PB 0x0000000088c00000| Complete 
| 111|0x0000000088d00000, 0x0000000088e00000, 0x0000000088e00000|100%| E|CS|TAMS 0x0000000088d00000| PB 0x0000000088d00000| Complete 
| 112|0x0000000088e00000, 0x0000000088f00000, 0x0000000088f00000|100%| E|CS|TAMS 0x0000000088e00000| PB 0x0000000088e00000| Complete 
| 113|0x0000000088f00000, 0x0000000089000000, 0x0000000089000000|100%| E|CS|TAMS 0x0000000088f00000| PB 0x0000000088f00000| Complete 
| 114|0x0000000089000000, 0x0000000089100000, 0x0000000089100000|100%| E|CS|TAMS 0x0000000089000000| PB 0x0000000089000000| Complete 
| 115|0x0000000089100000, 0x0000000089200000, 0x0000000089200000|100%| E|CS|TAMS 0x0000000089100000| PB 0x0000000089100000| Complete 
| 116|0x0000000089200000, 0x0000000089300000, 0x0000000089300000|100%| E|CS|TAMS 0x0000000089200000| PB 0x0000000089200000| Complete 
| 117|0x0000000089300000, 0x0000000089400000, 0x0000000089400000|100%| E|CS|TAMS 0x0000000089300000| PB 0x0000000089300000| Complete 
| 118|0x0000000089400000, 0x0000000089500000, 0x0000000089500000|100%| E|CS|TAMS 0x0000000089400000| PB 0x0000000089400000| Complete 
| 119|0x0000000089500000, 0x0000000089600000, 0x0000000089600000|100%| E|CS|TAMS 0x0000000089500000| PB 0x0000000089500000| Complete 
| 120|0x0000000089600000, 0x0000000089700000, 0x0000000089700000|100%| E|CS|TAMS 0x0000000089600000| PB 0x0000000089600000| Complete 
| 121|0x0000000089700000, 0x0000000089800000, 0x0000000089800000|100%| E|CS|TAMS 0x0000000089700000| PB 0x0000000089700000| Complete 
| 122|0x0000000089800000, 0x0000000089900000, 0x0000000089900000|100%| E|CS|TAMS 0x0000000089800000| PB 0x0000000089800000| Complete 
| 123|0x0000000089900000, 0x0000000089a00000, 0x0000000089a00000|100%| E|CS|TAMS 0x0000000089900000| PB 0x0000000089900000| Complete 
| 124|0x0000000089a00000, 0x0000000089b00000, 0x0000000089b00000|100%| E|CS|TAMS 0x0000000089a00000| PB 0x0000000089a00000| Complete 
| 125|0x0000000089b00000, 0x0000000089c00000, 0x0000000089c00000|100%| E|CS|TAMS 0x0000000089b00000| PB 0x0000000089b00000| Complete 
| 126|0x0000000089c00000, 0x0000000089d00000, 0x0000000089d00000|100%| E|CS|TAMS 0x0000000089c00000| PB 0x0000000089c00000| Complete 
| 127|0x0000000089d00000, 0x0000000089e00000, 0x0000000089e00000|100%| E|CS|TAMS 0x0000000089d00000| PB 0x0000000089d00000| Complete 

Card table byte_map: [0x00000263ff4f0000,0x00000263ff8f0000] _byte_map_base: 0x00000263ff0e1000

Marking Bits: (CMBitMap*) 0x00000263fed5f900
 Bits: [0x00000263928e0000, 0x0000026394868000)

Polling page: 0x00000263fcb00000

Metaspace:

Usage:
  Non-class:     15.40 MB used.
      Class:      2.10 MB used.
       Both:     17.51 MB used.

Virtual space:
  Non-class space:       64.00 MB reserved,      15.69 MB ( 25%) committed,  1 nodes.
      Class space:        1.00 GB reserved,       2.31 MB ( <1%) committed,  1 nodes.
             Both:        1.06 GB reserved,      18.00 MB (  2%) committed. 

Chunk freelists:
   Non-Class:  15.91 MB
       Class:  13.55 MB
        Both:  29.47 MB

MaxMetaspaceSize: unlimited
CompressedClassSpaceSize: 1.00 GB
Initial GC threshold: 21.00 MB
Current GC threshold: 21.00 MB
CDS: on
 - commit_granule_bytes: 65536.
 - commit_granule_words: 8192.
 - virtual_space_node_default_size: 8388608.
 - enlarge_chunks_in_place: 1.
 - use_allocation_guard: 0.


Internal statistics:

num_allocs_failed_limit: 0.
num_arena_births: 576.
num_arena_deaths: 0.
num_vsnodes_births: 2.
num_vsnodes_deaths: 0.
num_space_committed: 288.
num_space_uncommitted: 0.
num_chunks_returned_to_freelist: 0.
num_chunks_taken_from_freelist: 1099.
num_chunk_merges: 0.
num_chunk_splits: 644.
num_chunks_enlarged: 339.
num_inconsistent_stats: 0.

CodeHeap 'non-profiled nmethods': size=120000Kb used=901Kb max_used=901Kb free=119098Kb
 bounds [0x000002638b3b0000, 0x000002638b620000, 0x00000263928e0000]
CodeHeap 'profiled nmethods': size=120000Kb used=4381Kb max_used=4381Kb free=115618Kb
 bounds [0x00000263838e0000, 0x0000026383d30000, 0x000002638ae10000]
CodeHeap 'non-nmethods': size=5760Kb used=1524Kb max_used=1570Kb free=4235Kb
 bounds [0x000002638ae10000, 0x000002638b080000, 0x000002638b3b0000]
 total_blobs=3021 nmethods=2429 adapters=496
 compilation: enabled
              stopped_count=0, restarted_count=0
 full_count=0

Compilation events (20 events):
Event: 22.345 Thread 0x00000263dc01d640 nmethod 2375 0x0000026383d0da10 code [0x0000026383d0dbe0, 0x0000026383d0df78]
Event: 22.345 Thread 0x00000263dc01d640 2376       3       java.util.regex.Pattern::lambda$union$4 (26 bytes)
Event: 22.345 Thread 0x00000263dc01d640 nmethod 2376 0x0000026383d0e090 code [0x0000026383d0e260, 0x0000026383d0e570]
Event: 22.345 Thread 0x00000263dc01d640 2374       3       java.util.regex.Pattern$$Lambda/0x800000031::is (9 bytes)
Event: 22.345 Thread 0x00000263dcdb2520 2382       4       java.util.regex.Pattern$CharProperty::match (71 bytes)
Event: 22.345 Thread 0x00000263dc01d640 nmethod 2374 0x0000026383d0e690 code [0x0000026383d0e840, 0x0000026383d0eac0]
Event: 22.346 Thread 0x00000263dc01d640 2377       3       java.util.regex.Pattern::lambda$negate$7 (16 bytes)
Event: 22.346 Thread 0x00000263dc01d640 nmethod 2377 0x0000026383d0eb90 code [0x0000026383d0ed40, 0x0000026383d0ef48]
Event: 22.346 Thread 0x00000263dc01d640 2379       3       java.util.regex.Pattern::inRange (16 bytes)
Event: 22.346 Thread 0x00000263dc01d640 nmethod 2379 0x0000026383d0f010 code [0x0000026383d0f1a0, 0x0000026383d0f310]
Event: 22.346 Thread 0x00000263dc01d640 2380       3       java.util.regex.Pattern$$Lambda/0x80000002a::is (13 bytes)
Event: 22.346 Thread 0x00000263dc01d640 nmethod 2380 0x0000026383d0f390 code [0x0000026383d0f540, 0x0000026383d0f790]
Event: 22.346 Thread 0x00000263dc01d640 2381       3       java.util.regex.Pattern::lambda$Range$17 (7 bytes)
Event: 22.346 Thread 0x00000263dc01d640 nmethod 2381 0x0000026383d0f890 code [0x0000026383d0fa40, 0x0000026383d0fc08]
Event: 22.347 Thread 0x00000263dc01cbb0 nmethod 2378 0x000002638b48ae90 code [0x000002638b48b040, 0x000002638b48b200]
Event: 22.347 Thread 0x00000263dc01cbb0 2383       4       java.util.regex.Pattern$$Lambda/0x000002639824ab60::is (13 bytes)
Event: 22.347 Thread 0x00000263dc01d640 2387       3       java.lang.Character::isDefined (5 bytes)
Event: 22.348 Thread 0x00000263dc01d640 nmethod 2387 0x0000026383d0fd10 code [0x0000026383d0fee0, 0x0000026383d101e0]
Event: 22.348 Thread 0x00000263dc01d640 2388       3       java.lang.Character::isDefined (13 bytes)
Event: 22.348 Thread 0x00000263dc01d640 nmethod 2388 0x0000026383d10310 code [0x0000026383d104e0, 0x0000026383d10780]

GC Heap History (2 events):
Event: 1.095 GC heap before
{Heap before GC invocations=0 (full 0):
 garbage-first heap   total 131072K, used 24576K [0x0000000081e00000, 0x0000000100000000)
  region size 1024K, 23 young (23552K), 0 survivors (0K)
 Metaspace       used 9363K, committed 9728K, reserved 1114112K
  class space    used 1133K, committed 1280K, reserved 1048576K
}
Event: 1.101 GC heap after
{Heap after GC invocations=1 (full 0):
 garbage-first heap   total 131072K, used 5376K [0x0000000081e00000, 0x0000000100000000)
  region size 1024K, 3 young (3072K), 3 survivors (3072K)
 Metaspace       used 9363K, committed 9728K, reserved 1114112K
  class space    used 1133K, committed 1280K, reserved 1048576K
}

Dll operation events (10 events):
Event: 0.008 Loaded shared library C:\Users\user\.p2\pool\plugins\org.eclipse.justj.openjdk.hotspot.jre.full.win32.x86_64_21.0.7.v20250502-0916\jre\bin\java.dll
Event: 0.032 Loaded shared library C:\Users\user\.p2\pool\plugins\org.eclipse.justj.openjdk.hotspot.jre.full.win32.x86_64_21.0.7.v20250502-0916\jre\bin\zip.dll
Event: 0.085 Loaded shared library C:\Users\user\.p2\pool\plugins\org.eclipse.justj.openjdk.hotspot.jre.full.win32.x86_64_21.0.7.v20250502-0916\jre\bin\net.dll
Event: 0.087 Loaded shared library C:\Users\user\.p2\pool\plugins\org.eclipse.justj.openjdk.hotspot.jre.full.win32.x86_64_21.0.7.v20250502-0916\jre\bin\nio.dll
Event: 0.091 Loaded shared library C:\Users\user\.p2\pool\plugins\org.eclipse.justj.openjdk.hotspot.jre.full.win32.x86_64_21.0.7.v20250502-0916\jre\bin\zip.dll
Event: 0.199 Loaded shared library C:\Users\user\.p2\pool\plugins\org.eclipse.justj.openjdk.hotspot.jre.full.win32.x86_64_21.0.7.v20250502-0916\jre\bin\jimage.dll
Event: 0.333 Loaded shared library C:\Users\user\.p2\pool\plugins\org.eclipse.justj.openjdk.hotspot.jre.full.win32.x86_64_21.0.7.v20250502-0916\jre\bin\extnet.dll
Event: 0.736 Loaded shared library C:\Users\user\.p2\pool\plugins\org.eclipse.justj.openjdk.hotspot.jre.full.win32.x86_64_21.0.7.v20250502-0916\jre\bin\management.dll
Event: 0.738 Loaded shared library C:\Users\user\.p2\pool\plugins\org.eclipse.justj.openjdk.hotspot.jre.full.win32.x86_64_21.0.7.v20250502-0916\jre\bin\management_ext.dll
Event: 1.156 Loaded shared library C:\Users\user\.p2\pool\plugins\org.eclipse.justj.openjdk.hotspot.jre.full.win32.x86_64_21.0.7.v20250502-0916\jre\bin\sunmscapi.dll

Deoptimization events (20 events):
Event: 22.326 Thread 0x00000263fca056d0 Uncommon trap: trap_request=0xffffff45 fr.pc=0x000002638b3da0e8 relative=0x0000000000000508
Event: 22.326 Thread 0x00000263fca056d0 Uncommon trap: reason=unstable_if action=reinterpret pc=0x000002638b3da0e8 method=java.lang.StringLatin1.canEncode(I)Z @ 4 c2
Event: 22.326 Thread 0x00000263fca056d0 DEOPT PACKING pc=0x000002638b3da0e8 sp=0x000000d36f1fe5a0
Event: 22.326 Thread 0x00000263fca056d0 DEOPT UNPACKING pc=0x000002638ae646a2 sp=0x000000d36f1fe4d8 mode 2
Event: 22.326 Thread 0x00000263fca056d0 Uncommon trap: trap_request=0xffffff45 fr.pc=0x000002638b3db258 relative=0x00000000000004f8
Event: 22.326 Thread 0x00000263fca056d0 Uncommon trap: reason=unstable_if action=reinterpret pc=0x000002638b3db258 method=java.lang.AbstractStringBuilder.isLatin1()Z @ 10 c2
Event: 22.326 Thread 0x00000263fca056d0 DEOPT PACKING pc=0x000002638b3db258 sp=0x000000d36f1fe5b0
Event: 22.326 Thread 0x00000263fca056d0 DEOPT UNPACKING pc=0x000002638ae646a2 sp=0x000000d36f1fe540 mode 2
Event: 22.326 Thread 0x00000263fca056d0 Uncommon trap: trap_request=0xffffff45 fr.pc=0x000002638b3da78c relative=0x000000000000006c
Event: 22.326 Thread 0x00000263fca056d0 Uncommon trap: reason=unstable_if action=reinterpret pc=0x000002638b3da78c method=java.lang.AbstractStringBuilder.isLatin1()Z @ 10 c2
Event: 22.327 Thread 0x00000263fca056d0 DEOPT PACKING pc=0x000002638b3da78c sp=0x000000d36f1fe5b0
Event: 22.327 Thread 0x00000263fca056d0 DEOPT UNPACKING pc=0x000002638ae646a2 sp=0x000000d36f1fe540 mode 2
Event: 22.331 Thread 0x00000263fca056d0 Uncommon trap: trap_request=0xffffff45 fr.pc=0x000002638b485d48 relative=0x0000000000000168
Event: 22.331 Thread 0x00000263fca056d0 Uncommon trap: reason=unstable_if action=reinterpret pc=0x000002638b485d48 method=java.util.regex.Pattern$BmpCharPropertyGreedy.match(Ljava/util/regex/Matcher;ILjava/lang/CharSequence;)Z @ 12 c2
Event: 22.331 Thread 0x00000263fca056d0 DEOPT PACKING pc=0x000002638b485d48 sp=0x000000d36f1fdb70
Event: 22.331 Thread 0x00000263fca056d0 DEOPT UNPACKING pc=0x000002638ae646a2 sp=0x000000d36f1fdb08 mode 2
Event: 22.331 Thread 0x00000263fca056d0 Uncommon trap: trap_request=0xffffff45 fr.pc=0x000002638b488dc4 relative=0x0000000000000464
Event: 22.331 Thread 0x00000263fca056d0 Uncommon trap: reason=unstable_if action=reinterpret pc=0x000002638b488dc4 method=java.util.regex.Pattern$Start.match(Ljava/util/regex/Matcher;ILjava/lang/CharSequence;)Z @ 10 c2
Event: 22.331 Thread 0x00000263fca056d0 DEOPT PACKING pc=0x000002638b488dc4 sp=0x000000d36f1fdbd0
Event: 22.331 Thread 0x00000263fca056d0 DEOPT UNPACKING pc=0x000002638ae646a2 sp=0x000000d36f1fdaf0 mode 2

Classes loaded (20 events):
Event: 22.332 Loading class sun/util/resources/TimeZoneNamesBundle done
Event: 22.332 Loading class sun/util/resources/cldr/TimeZoneNames done
Event: 22.332 Loading class sun/util/resources/cldr/TimeZoneNames_en
Event: 22.333 Loading class sun/util/resources/cldr/TimeZoneNames_en done
Event: 22.334 Loading class sun/util/cldr/CLDRBaseLocaleDataMetaInfo$TZCanonicalIDMapHolder
Event: 22.335 Loading class sun/util/cldr/CLDRBaseLocaleDataMetaInfo$TZCanonicalIDMapHolder done
Event: 22.336 Loading class sun/util/resources/TimeZoneNames
Event: 22.337 Loading class sun/util/resources/TimeZoneNames done
Event: 22.337 Loading class sun/util/resources/TimeZoneNames_en
Event: 22.337 Loading class sun/util/resources/TimeZoneNames_en done
Event: 22.340 Loading class java/text/StringCharacterIterator
Event: 22.340 Loading class java/text/CharacterIterator
Event: 22.340 Loading class java/text/CharacterIterator done
Event: 22.340 Loading class java/text/StringCharacterIterator done
Event: 22.341 Loading class java/util/concurrent/ConcurrentLinkedDeque$Itr
Event: 22.341 Loading class java/util/concurrent/ConcurrentLinkedDeque$AbstractItr
Event: 22.341 Loading class java/util/concurrent/ConcurrentLinkedDeque$AbstractItr done
Event: 22.341 Loading class java/util/concurrent/ConcurrentLinkedDeque$Itr done
Event: 22.352 Loading class java/io/FileOutputStream$1
Event: 24.362 Loading class java/io/FileOutputStream$1 done

Classes unloaded (0 events):
No events

Classes redefined (0 events):
No events

Internal exceptions (20 events):
Event: 1.144 Thread 0x00000263fca056d0 Exception <a 'java/lang/NoSuchMethodError'{0x0000000089bf1020}: 'long java.lang.invoke.DirectMethodHandle$Holder.invokeSpecial(java.lang.Object, java.lang.Object)'> (0x0000000089bf1020) 
thrown [s\src\hotspot\share\interpreter\linkResolver.cpp, line 773]
Event: 1.189 Thread 0x00000263fca056d0 Exception <a 'sun/nio/fs/WindowsException'{0x00000000899547c0}> (0x00000000899547c0) 
thrown [s\src\hotspot\share\prims\jni.cpp, line 520]
Event: 1.384 Thread 0x00000263fca056d0 Exception <a 'java/lang/NoSuchMethodError'{0x0000000088f70d78}: 'java.lang.Object java.lang.invoke.DirectMethodHandle$Holder.invokeInterface(java.lang.Object, java.lang.Object, java.lang.Object)'> (0x0000000088f70d78) 
thrown [s\src\hotspot\share\interpreter\linkResolver.cpp, line 773]
Event: 1.384 Thread 0x00000263fca056d0 Exception <a 'java/lang/IncompatibleClassChangeError'{0x0000000088f74180}: Found class java.lang.Object, but interface was expected> (0x0000000088f74180) 
thrown [s\src\hotspot\share\interpreter\linkResolver.cpp, line 840]
Event: 1.385 Thread 0x00000263fca056d0 Exception <a 'java/lang/NoSuchMethodError'{0x0000000088f7b8b8}: 'int java.lang.invoke.DirectMethodHandle$Holder.invokeSpecialIFC(java.lang.Object, java.lang.Object, java.lang.Object, java.lang.Object)'> (0x0000000088f7b8b8) 
thrown [s\src\hotspot\share\interpreter\linkResolver.cpp, line 773]
Event: 1.389 Thread 0x00000263fca056d0 Exception <a 'java/lang/NoSuchMethodError'{0x0000000088f9ab08}: 'java.lang.Object java.lang.invoke.DirectMethodHandle$Holder.invokeVirtual(java.lang.Object, java.lang.Object, java.lang.Object, java.lang.Object)'> (0x0000000088f9ab08) 
thrown [s\src\hotspot\share\interpreter\linkResolver.cpp, line 773]
Event: 1.469 Thread 0x00000263dd3fa350 Exception <a 'java/net/ConnectException'{0x0000000088e32040}: Connection refused: getsockopt> (0x0000000088e32040) 
thrown [s\src\hotspot\share\prims\jni.cpp, line 539]
Event: 1.494 Thread 0x00000263dd3fa350 Exception <a 'java/net/ConnectException'{0x0000000088e33190}: Connection refused: getsockopt> (0x0000000088e33190) 
thrown [s\src\hotspot\share\prims\jni.cpp, line 539]
Event: 1.541 Thread 0x00000263dd3fa350 Exception <a 'java/net/ConnectException'{0x0000000088e340d8}: Connection refused: getsockopt> (0x0000000088e340d8) 
thrown [s\src\hotspot\share\prims\jni.cpp, line 539]
Event: 1.671 Thread 0x00000263fca056d0 Exception <a 'java/lang/NoSuchMethodError'{0x0000000088efc6a8}: 'java.lang.Object java.lang.invoke.DirectMethodHandle$Holder.newInvokeSpecial(java.lang.Object, java.lang.Object, int, int)'> (0x0000000088efc6a8) 
thrown [s\src\hotspot\share\interpreter\linkResolver.cpp, line 773]
Event: 1.677 Thread 0x00000263fca056d0 Exception <a 'java/lang/NoSuchMethodError'{0x0000000088d07210}: 'void java.lang.invoke.DirectMethodHandle$Holder.invokeStatic(java.lang.Object, java.lang.Object, int)'> (0x0000000088d07210) 
thrown [s\src\hotspot\share\interpreter\linkResolver.cpp, line 773]
Event: 1.828 Thread 0x00000263dd070680 Exception <a 'java/lang/NoSuchMethodError'{0x0000000088b81530}: 'java.lang.Object java.lang.invoke.DirectMethodHandle$Holder.invokeSpecial(java.lang.Object, java.lang.Object, java.lang.Object, java.lang.Object, int)'> (0x0000000088b81530) 
thrown [s\src\hotspot\share\interpreter\linkResolver.cpp, line 773]
Event: 1.828 Thread 0x00000263dd070680 Exception <a 'java/lang/NoSuchMethodError'{0x0000000088b84e88}: 'java.lang.Object java.lang.invoke.Invokers$Holder.linkToTargetMethod(java.lang.Object, java.lang.Object, int, java.lang.Object)'> (0x0000000088b84e88) 
thrown [s\src\hotspot\share\interpreter\linkResolver.cpp, line 773]
Event: 1.894 Thread 0x00000263dd070680 Exception <a 'java/lang/NoSuchMethodError'{0x0000000088a9a680}: 'void java.lang.invoke.DirectMethodHandle$Holder.invokeSpecial(java.lang.Object, java.lang.Object, java.lang.Object, java.lang.Object, java.lang.Object)'> (0x0000000088a9a680) 
thrown [s\src\hotspot\share\interpreter\linkResolver.cpp, line 773]
Event: 1.939 Thread 0x00000263dd070d10 Exception <a 'java/lang/NoSuchMethodError'{0x000000008895f638}: 'int java.lang.invoke.DirectMethodHandle$Holder.invokeSpecialIFC(java.lang.Object, java.lang.Object, java.lang.Object, java.lang.Object, java.lang.Object)'> (0x000000008895f638) 
thrown [s\src\hotspot\share\interpreter\linkResolver.cpp, line 773]
Event: 3.037 Thread 0x00000263dd070d10 Exception <a 'java/lang/NoSuchMethodError'{0x0000000088830320}: 'java.lang.Object java.lang.invoke.DirectMethodHandle$Holder.newInvokeSpecial(java.lang.Object, java.lang.Object, long, java.lang.Object, java.lang.Object, java.lang.Object)'> (0x0000000088830320) 
thrown [s\src\hotspot\share\interpreter\linkResolver.cpp, line 773]
Event: 3.044 Thread 0x00000263dd070d10 Exception <a 'java/lang/NoSuchMethodError'{0x0000000088853df0}: 'void java.lang.invoke.DirectMethodHandle$Holder.invokeSpecial(java.lang.Object, java.lang.Object, java.lang.Object, java.lang.Object, java.lang.Object, java.lang.Object, java.lang.Object)'> (0x0000000088853df0) 
thrown [s\src\hotspot\share\interpreter\linkResolver.cpp, line 773]
Event: 3.070 Thread 0x00000263fca056d0 Exception <a 'java/lang/NoSuchMethodError'{0x0000000088da5230}: 'java.lang.Object java.lang.invoke.DirectMethodHandle$Holder.invokeSpecialIFC(java.lang.Object, java.lang.Object, java.lang.Object)'> (0x0000000088da5230) 
thrown [s\src\hotspot\share\interpreter\linkResolver.cpp, line 773]
Event: 3.231 Thread 0x00000263fca056d0 Exception <a 'java/lang/NoSuchMethodError'{0x00000000881e06a8}: 'java.lang.Object java.lang.invoke.DirectMethodHandle$Holder.invokeStatic(java.lang.Object, int, java.lang.Object)'> (0x00000000881e06a8) 
thrown [s\src\hotspot\share\interpreter\linkResolver.cpp, line 773]
Event: 3.250 Thread 0x00000263fca056d0 Exception <a 'java/lang/ClassNotFoundException'{0x0000000088014dd8}: sun/util/logging/resources/spi/loggingProvider> (0x0000000088014dd8) 
thrown [s\src\hotspot\share\classfile\systemDictionary.cpp, line 312]

ZGC Phase Switch (0 events):
No events

VM Operations (20 events):
Event: 1.603 Executing VM operation: HandshakeAllThreads (Deoptimize) done
Event: 2.609 Executing VM operation: Cleanup
Event: 2.609 Executing VM operation: Cleanup done
Event: 3.024 Executing VM operation: HandshakeAllThreads (Deoptimize)
Event: 3.024 Executing VM operation: HandshakeAllThreads (Deoptimize) done
Event: 3.025 Executing VM operation: HandshakeAllThreads (Deoptimize)
Event: 3.025 Executing VM operation: HandshakeAllThreads (Deoptimize) done
Event: 3.215 Executing VM operation: HandshakeAllThreads (Deoptimize)
Event: 3.215 Executing VM operation: HandshakeAllThreads (Deoptimize) done
Event: 4.228 Executing VM operation: Cleanup
Event: 4.229 Executing VM operation: Cleanup done
Event: 6.232 Executing VM operation: Cleanup
Event: 6.232 Executing VM operation: Cleanup done
Event: 7.247 Executing VM operation: Cleanup
Event: 7.247 Executing VM operation: Cleanup done
Event: 20.353 Executing VM operation: Cleanup
Event: 21.177 Executing VM operation: Cleanup done
Event: 22.189 Executing VM operation: Cleanup
Event: 22.315 Executing VM operation: Cleanup done
Event: 23.331 Executing VM operation: Cleanup

Memory protections (0 events):
No events

Nmethod flushes (0 events):
No events

Events (20 events):
Event: 1.461 Thread 0x00000263fca056d0 Thread added: 0x00000263dcf6bef0
Event: 1.461 Thread 0x00000263fca056d0 Thread added: 0x00000263dcf5ecc0
Event: 1.463 Thread 0x00000263dcf6bef0 Thread added: 0x00000263dd3fa350
Event: 1.493 Thread 0x00000263dd4274c0 Thread exited: 0x00000263dd4274c0
Event: 1.594 Thread 0x00000263dceed050 Thread exited: 0x00000263dceed050
Event: 1.602 Thread 0x00000263dd3fa350 Thread added: 0x00000263dd3fb1c0
Event: 1.729 Thread 0x00000263fca056d0 Thread added: 0x00000263dd070680
Event: 1.737 Thread 0x00000263fca056d0 Thread added: 0x00000263dd06f960
Event: 1.931 Thread 0x00000263dd071d40 Thread added: 0x00000263dd070d10
Event: 1.937 Thread 0x00000263dd071d40 Thread added: 0x00000263dd06fff0
Event: 1.940 Thread 0x00000263dd071d40 Thread added: 0x00000263dd091860
Event: 3.114 Thread 0x00000263dc01d640 Thread added: 0x00000263dcdb3e70
Event: 3.135 Thread 0x00000263fca056d0 Thread added: 0x00000263dd0904b0
Event: 3.137 Thread 0x00000263fca056d0 Thread added: 0x00000263dd091ef0
Event: 3.140 Thread 0x00000263dd0904b0 Thread added: 0x00000263dd092c10
Event: 3.140 Thread 0x00000263dd0904b0 Thread added: 0x00000263dd08f790
Event: 3.140 Thread 0x00000263dd0904b0 Thread added: 0x00000263dd090b40
Event: 5.815 Thread 0x00000263dcdb3e70 Thread exited: 0x00000263dcdb3e70
Event: 11.610 Thread 0x00000263dd3fb1c0 Thread exited: 0x00000263dd3fb1c0
Event: 22.316 Thread 0x00000263dc01cbb0 Thread added: 0x00000263dcdb2520


Dynamic libraries:
0x00007ff6c06e0000 - 0x00007ff6c06ee000 	C:\Users\user\.p2\pool\plugins\org.eclipse.justj.openjdk.hotspot.jre.full.win32.x86_64_21.0.7.v20250502-0916\jre\bin\javaw.exe
0x00007ff8f12c0000 - 0x00007ff8f1528000 	C:\WINDOWS\SYSTEM32\ntdll.dll
0x00007ff8cd400000 - 0x00007ff8cd420000 	C:\Program Files\Norton\Suite\aswhook.dll
0x00007ff8ef1e0000 - 0x00007ff8ef2a9000 	C:\WINDOWS\System32\KERNEL32.DLL
0x00007ff8ee4a0000 - 0x00007ff8ee898000 	C:\WINDOWS\System32\KERNELBASE.dll
0x00007ff8eeb40000 - 0x00007ff8eec8b000 	C:\WINDOWS\System32\ucrtbase.dll
0x00007ff8e62e0000 - 0x00007ff8e62f8000 	C:\Users\user\.p2\pool\plugins\org.eclipse.justj.openjdk.hotspot.jre.full.win32.x86_64_21.0.7.v20250502-0916\jre\bin\jli.dll
0x00007ff8e7380000 - 0x00007ff8e739e000 	C:\Users\user\.p2\pool\plugins\org.eclipse.justj.openjdk.hotspot.jre.full.win32.x86_64_21.0.7.v20250502-0916\jre\bin\VCRUNTIME140.dll
0x00007ff8f0810000 - 0x00007ff8f09d7000 	C:\WINDOWS\System32\USER32.dll
0x00007ff8eeec0000 - 0x00007ff8eeee7000 	C:\WINDOWS\System32\win32u.dll
0x00007ff8c8fd0000 - 0x00007ff8c9264000 	C:\WINDOWS\WinSxS\amd64_microsoft.windows.common-controls_6595b64144ccf1df_6.0.26100.7019_none_3e06ffa0e335b8a8\COMCTL32.dll
0x00007ff8f0a90000 - 0x00007ff8f0abb000 	C:\WINDOWS\System32\GDI32.dll
0x00007ff8f09e0000 - 0x00007ff8f0a89000 	C:\WINDOWS\System32\msvcrt.dll
0x00007ff8ee8a0000 - 0x00007ff8ee9cc000 	C:\WINDOWS\System32\gdi32full.dll
0x00007ff8eefb0000 - 0x00007ff8ef053000 	C:\WINDOWS\System32\msvcp_win.dll
0x00007ff8ef3d0000 - 0x00007ff8ef401000 	C:\WINDOWS\System32\IMM32.DLL
0x00007ff8e78e0000 - 0x00007ff8e78ec000 	C:\Users\user\.p2\pool\plugins\org.eclipse.justj.openjdk.hotspot.jre.full.win32.x86_64_21.0.7.v20250502-0916\jre\bin\vcruntime140_1.dll
0x00007ff8daaa0000 - 0x00007ff8dab2d000 	C:\Users\user\.p2\pool\plugins\org.eclipse.justj.openjdk.hotspot.jre.full.win32.x86_64_21.0.7.v20250502-0916\jre\bin\msvcp140.dll
0x00007ff831930000 - 0x00007ff8326c0000 	C:\Users\user\.p2\pool\plugins\org.eclipse.justj.openjdk.hotspot.jre.full.win32.x86_64_21.0.7.v20250502-0916\jre\bin\server\jvm.dll
0x00007ff8f0250000 - 0x00007ff8f0304000 	C:\WINDOWS\System32\ADVAPI32.dll
0x00007ff8f0d20000 - 0x00007ff8f0dc6000 	C:\WINDOWS\System32\sechost.dll
0x00007ff8ef2b0000 - 0x00007ff8ef3c8000 	C:\WINDOWS\System32\RPCRT4.dll
0x00007ff8ef7e0000 - 0x00007ff8ef854000 	C:\WINDOWS\System32\WS2_32.dll
0x00007ff8ee290000 - 0x00007ff8ee2ee000 	C:\WINDOWS\SYSTEM32\POWRPROF.dll
0x00007ff8c97c0000 - 0x00007ff8c97f5000 	C:\WINDOWS\SYSTEM32\WINMM.dll
0x00007ff8e2730000 - 0x00007ff8e273b000 	C:\WINDOWS\SYSTEM32\VERSION.dll
0x00007ff8ee270000 - 0x00007ff8ee284000 	C:\WINDOWS\SYSTEM32\UMPDC.dll
0x00007ff8ed1d0000 - 0x00007ff8ed1eb000 	C:\WINDOWS\SYSTEM32\kernel.appcore.dll
0x00007ff8eaca0000 - 0x00007ff8eacaa000 	C:\Users\user\.p2\pool\plugins\org.eclipse.justj.openjdk.hotspot.jre.full.win32.x86_64_21.0.7.v20250502-0916\jre\bin\jimage.dll
0x00007ff8ebdf0000 - 0x00007ff8ec032000 	C:\WINDOWS\SYSTEM32\DBGHELP.DLL
0x00007ff8f0310000 - 0x00007ff8f069b000 	C:\WINDOWS\System32\combase.dll
0x00007ff8effd0000 - 0x00007ff8f00a7000 	C:\WINDOWS\System32\OLEAUT32.dll
0x00007ff8de370000 - 0x00007ff8de3ac000 	C:\WINDOWS\SYSTEM32\dbgcore.DLL
0x00007ff8eec90000 - 0x00007ff8eed35000 	C:\WINDOWS\System32\bcryptPrimitives.dll
0x00007ff8e7320000 - 0x00007ff8e733f000 	C:\Users\user\.p2\pool\plugins\org.eclipse.justj.openjdk.hotspot.jre.full.win32.x86_64_21.0.7.v20250502-0916\jre\bin\java.dll
0x00007ff8ef870000 - 0x00007ff8effbf000 	C:\WINDOWS\System32\SHELL32.dll
0x00007ff8ee9d0000 - 0x00007ff8eeb3b000 	C:\WINDOWS\System32\wintypes.dll
0x00007ff8ec070000 - 0x00007ff8ec8cd000 	C:\WINDOWS\SYSTEM32\windows.storage.dll
0x00007ff8ef0e0000 - 0x00007ff8ef1d2000 	C:\WINDOWS\System32\SHCORE.dll
0x00007ff8ef060000 - 0x00007ff8ef0c7000 	C:\WINDOWS\System32\shlwapi.dll
0x00007ff8ee330000 - 0x00007ff8ee359000 	C:\WINDOWS\SYSTEM32\profapi.dll
0x00007ff8e62c0000 - 0x00007ff8e62d8000 	C:\Users\user\.p2\pool\plugins\org.eclipse.justj.openjdk.hotspot.jre.full.win32.x86_64_21.0.7.v20250502-0916\jre\bin\zip.dll
0x00007ff8eac90000 - 0x00007ff8eaca0000 	C:\Users\user\.p2\pool\plugins\org.eclipse.justj.openjdk.hotspot.jre.full.win32.x86_64_21.0.7.v20250502-0916\jre\bin\net.dll
0x00007ff8e6c40000 - 0x00007ff8e6d68000 	C:\WINDOWS\SYSTEM32\WINHTTP.dll
0x00007ff8ed740000 - 0x00007ff8ed7ab000 	C:\WINDOWS\system32\mswsock.dll
0x00007ff8e49e0000 - 0x00007ff8e49f6000 	C:\Users\user\.p2\pool\plugins\org.eclipse.justj.openjdk.hotspot.jre.full.win32.x86_64_21.0.7.v20250502-0916\jre\bin\nio.dll
0x00007ff8ecc70000 - 0x00007ff8ecd9c000 	C:\WINDOWS\SYSTEM32\DNSAPI.dll
0x00007ff8ecbe0000 - 0x00007ff8ecc14000 	C:\WINDOWS\SYSTEM32\IPHLPAPI.DLL
0x00007ff8ef0d0000 - 0x00007ff8ef0da000 	C:\WINDOWS\System32\NSI.dll
0x00007ff8de200000 - 0x00007ff8de20b000 	C:\Windows\System32\rasadhlp.dll
0x00007ff8e4500000 - 0x00007ff8e4586000 	C:\WINDOWS\System32\fwpuclnt.dll
0x00007ff8d67e0000 - 0x00007ff8d67e9000 	C:\Users\user\.p2\pool\plugins\org.eclipse.justj.openjdk.hotspot.jre.full.win32.x86_64_21.0.7.v20250502-0916\jre\bin\extnet.dll
0x00007ff8eda00000 - 0x00007ff8eda1b000 	C:\WINDOWS\SYSTEM32\CRYPTSP.dll
0x00007ff8ed130000 - 0x00007ff8ed16a000 	C:\WINDOWS\system32\rsaenh.dll
0x00007ff8ed7f0000 - 0x00007ff8ed81b000 	C:\WINDOWS\SYSTEM32\USERENV.dll
0x00007ff8ee300000 - 0x00007ff8ee32a000 	C:\WINDOWS\SYSTEM32\bcrypt.dll
0x00007ff8eda20000 - 0x00007ff8eda2c000 	C:\WINDOWS\SYSTEM32\CRYPTBASE.dll
0x00007ff8e49d0000 - 0x00007ff8e49da000 	C:\Users\user\.p2\pool\plugins\org.eclipse.justj.openjdk.hotspot.jre.full.win32.x86_64_21.0.7.v20250502-0916\jre\bin\management.dll
0x00007ff8dabe0000 - 0x00007ff8dabeb000 	C:\Users\user\.p2\pool\plugins\org.eclipse.justj.openjdk.hotspot.jre.full.win32.x86_64_21.0.7.v20250502-0916\jre\bin\management_ext.dll
0x00007ff8f06a0000 - 0x00007ff8f06a8000 	C:\WINDOWS\System32\PSAPI.DLL
0x00007ff8e4d10000 - 0x00007ff8e4d1e000 	C:\Users\user\.p2\pool\plugins\org.eclipse.justj.openjdk.hotspot.jre.full.win32.x86_64_21.0.7.v20250502-0916\jre\bin\sunmscapi.dll
0x00007ff8eed40000 - 0x00007ff8eeeb7000 	C:\WINDOWS\System32\CRYPT32.dll
0x00007ff8edc20000 - 0x00007ff8edc50000 	C:\WINDOWS\SYSTEM32\ncrypt.dll
0x00007ff8edbd0000 - 0x00007ff8edc0f000 	C:\WINDOWS\SYSTEM32\NTASN1.dll
0x00007ff8c7340000 - 0x00007ff8c7348000 	C:\WINDOWS\system32\wshunix.dll
0x00007ff8cec20000 - 0x00007ff8cec38000 	C:\WINDOWS\system32\napinsp.dll
0x00007ff8cec00000 - 0x00007ff8cec12000 	C:\WINDOWS\System32\winrnr.dll
0x00007ff8cebd0000 - 0x00007ff8cebf2000 	C:\WINDOWS\system32\nlansp_c.dll
0x00007ff8e55a0000 - 0x00007ff8e55b6000 	C:\WINDOWS\system32\wshbth.dll

dbghelp: loaded successfully - version: 4.0.5 - missing functions: none
symbol engine: initialized successfully - sym options: 0x614 - pdb path: .;C:\Users\user\.p2\pool\plugins\org.eclipse.justj.openjdk.hotspot.jre.full.win32.x86_64_21.0.7.v20250502-0916\jre\bin;C:\WINDOWS\SYSTEM32;C:\Program Files\Norton\Suite;C:\WINDOWS\WinSxS\amd64_microsoft.windows.common-controls_6595b64144ccf1df_6.0.26100.7019_none_3e06ffa0e335b8a8;C:\Users\user\.p2\pool\plugins\org.eclipse.justj.openjdk.hotspot.jre.full.win32.x86_64_21.0.7.v20250502-0916\jre\bin\server

VM Arguments:
jvm_args: -ea -Dfile.encoding=UTF-8 -Dstdout.encoding=UTF-8 -Dstderr.encoding=UTF-8 -XX:+ShowCodeDetailsInExceptionMessages 
java_command: org.testng.remote.RemoteTestNG -serport 56348 -protocol json -d E:\1 Testing class\test_example_1\ProjectJhonLewis\test-output C:\Users\user\AppData\Local\Temp\testng-eclipse--1848101679\testng-customsuite.xml
java_class_path (initial): C:\Users\user\eclipse\jee-2025-06\eclipse\configuration\org.eclipse.osgi\1008\0\.cp\lib\testng-remote.jar;E:\1 Testing class\test_example_1\ProjectJhonLewis\target\test-classes;E:\1 Testing class\test_example_1\ProjectJhonLewis\target\classes;C:\Users\user\.p2\pool\plugins\org.testng_7.11.0.r202503091654.jar;C:\Users\user\.p2\pool\plugins\com.beust.jcommander_1.83.0.jar;C:\Users\user\.p2\pool\plugins\slf4j.api_2.0.17.jar;C:\Users\user\.p2\pool\plugins\org.yaml.snakeyaml_2.2.0.jar;C:\Users\user\.p2\pool\plugins\org.webjars.jquery_3.7.1.jar;C:\Users\user\.m2\repository\org\seleniumhq\selenium\selenium-java\4.35.0\selenium-java-4.35.0.jar;C:\Users\user\.m2\repository\org\seleniumhq\selenium\selenium-api\4.35.0\selenium-api-4.35.0.jar;C:\Users\user\.m2\repository\org\jspecify\jspecify\1.0.0\jspecify-1.0.0.jar;C:\Users\user\.m2\repository\org\seleniumhq\selenium\selenium-chrome-driver\4.35.0\selenium-chrome-driver-4.35.0.jar;C:\Users\user\.m2\repository\com\google\auto\service\auto-service-annotations\1.1.1\auto-service-annotations-1.1.1.jar;C:\Users\user\.m2\repository\org\seleniumhq\selenium\selenium-chromium-driver\4.35.0\selenium-chromium-driver-4.35.0.jar;C:\Users\user\.m2\repository\org\seleniumhq\selenium\selenium-json\4.35.0\selenium-json-4.35.0.jar;C:\Users\user\.m2\repository\org\seleniumhq\selenium\selenium-manager\4.35.0\selenium-manager-4.35.0.jar;C:\Users\user\.m2\repository\org\seleniumhq\selenium\selenium-devtools-v137\4.35.0\selenium-devtools-v137-4.35.0.jar;C:\Users\user\.m2\repository\org\seleniumhq\selenium\selenium-devtools-v138\4.35.0\selenium-devtools-v138-4.35.0.jar;C:\Users\user\.m2\repository\org\seleniumhq\selenium\selenium-devtools-v139\4.35.0\selenium-devtools-v139-4.35.0.jar;C:\Users\user\.m2\repository\org\seleniumhq\selenium\selenium-edge-driver\4.35.0\selenium-edge-driver-4.35.0.jar;C:\Users\user\.m2\repository\org\seleniumhq\selenium\selenium-firefox-driver\4.35.0\selenium-firefox-driver-4.35.0.jar;C:\Users\user\.m2\repository\org\seleniumhq\selenium\selenium-http\4.35.0\selenium-http-4.35.0.jar;C:\Users\user\.m2\repository\org\seleniumhq\selenium\selenium-ie-driver\4.35.0\selenium-ie-driver-4.35.0.jar;C:\Users\user\.m2\repository\org\seleniumhq\selenium\selenium-remote-driver\4.35.0\selenium-remote-driver-4.35.0.jar;C:\Users\user\.m2\repository\com\google\guava\guava\33.4.8-jre\guava-33.4.8-jre.jar;C:\Users\user\.m2\repository\com\google\guava\failureaccess\1.0.3\failureaccess-1.0.3.jar;C:\Users\user\.m2\repository\com\google\guava\listenablefuture\9999.0-empty-to-avoid-conflict-with-guava\listenablefuture-9999.0-empty-to-avoid-conflict-with-guava.jar;C:\Users\user\.m2\repository\com\google\errorprone\error_prone_annotations\2.36.0\error_prone_annotations-2.36.0.jar;C:\Users\user\.m2\repository\com\google\j2objc\j2objc-annotations\3.0.0\j2objc-annotations-3.0.0.jar;C:\Users\user\.m2\repository\io\opentelemetry\opentelemetry-api\1.53.0\opentelemetry-api-1.53.0.jar;C:\Users\user\.m2\repository\io\opentelemetry\opentelemetry-context\1.53.0\opentelemetry-context-1.53.0.jar;C:\Users\user\.m2\repository\io\opentelemetry\opentelemetry-common\1.53.0\opentelemetry-common-1.53.0.jar;C:\Users\user\.m2\repository\io\opentelemetry\opentelemetry-exporter-logging\1.53.0\opentelemetry-exporter-logging-1.53.0.jar;C:\Users\user\.m2\repository\io\opentelemetry\opentelemetry-sdk-common\1.53.0\opentelemetry-sdk-common-1.53.0.jar;C:\Users\user\.m2\repository\io\opentelemetry\opentelemetry-sdk-extension-autoconfigure-spi\1.53.0\opentelemetry-sdk-extension-autoconfigure-spi-1.53.0.jar;C:\Users\user\.m2\repository\io\opentelemetry\opentelemetry-sdk-extension-autoconfigure\1.53.0\opentelemetry-sdk-extension-autoconfigure-1.53.0.jar;C:\Users\user\.m2\repository\io\opentelemetry\opentelemetry-sdk-trace\1.53.0\opentelemetry-sdk-trace-1.53.0.jar;C:\Users\user\.m2\repository\io\opentelemetry\opentelemetry-sdk\1.53.0\opentelemetry-sdk-1.53.0.jar;C:\Users\user\.m2\repository\io\opentelemetry\opentelemetry-sdk-metrics\1.53.0\opentelemetry-sdk-metrics-1.53.0.jar;C:\Users\user\.m2\repository\io\opentelemetry\opentelemetry-sdk-logs\1.53.0\opentelemetry-sdk-logs-1.53.0.jar;C:\Users\user\.m2\repository\net\bytebuddy\byte-buddy\1.17.6\byte-buddy-1.17.6.jar;C:\Users\user\.m2\repository\org\seleniumhq\selenium\selenium-os\4.35.0\selenium-os-4.35.0.jar;C:\Users\user\.m2\repository\org\apache\commons\commons-exec\1.5.0\commons-exec-1.5.0.jar;C:\Users\user\.m2\repository\org\seleniumhq\selenium\selenium-safari-driver\4.35.0\selenium-safari-driver-4.35.0.jar;C:\Users\user\.m2\repository\org\seleniumhq\selenium\selenium-support\4.35.0\selenium-support-4.35.0.jar;C:\Users\user\.m2\repository\org\testng\testng\7.11.0\testng-7.11.0.jar;C:\Users\user\.m2\repository\org\slf4j\slf4j-api\2.0.16\slf4j-api-2.0.16.jar;C:\Users\user\.m2\repository\org\jcommander\jcommander\1.83\jcommander-1.83.jar;C:\Users\user\.m2\repository\org\webjars\jquery\3.7.1\jquery-3.7.1.jar
Launcher Type: SUN_STANDARD

[Global flags]
     intx CICompilerCount                          = 4                                         {product} {ergonomic}
     uint ConcGCThreads                            = 2                                         {product} {ergonomic}
     uint G1ConcRefinementThreads                  = 8                                         {product} {ergonomic}
   size_t G1HeapRegionSize                         = 1048576                                   {product} {ergonomic}
    uintx GCDrainStackTargetSize                   = 64                                        {product} {ergonomic}
   size_t InitialHeapSize                          = 134217728                                 {product} {ergonomic}
   size_t MarkStackSize                            = 4194304                                   {product} {ergonomic}
   size_t MaxHeapSize                              = 2116026368                                {product} {ergonomic}
   size_t MaxNewSize                               = 1268776960                                {product} {ergonomic}
   size_t MinHeapDeltaBytes                        = 1048576                                   {product} {ergonomic}
   size_t MinHeapSize                              = 8388608                                   {product} {ergonomic}
    uintx NonNMethodCodeHeapSize                   = 5839372                                {pd product} {ergonomic}
    uintx NonProfiledCodeHeapSize                  = 122909434                              {pd product} {ergonomic}
    uintx ProfiledCodeHeapSize                     = 122909434                              {pd product} {ergonomic}
    uintx ReservedCodeCacheSize                    = 251658240                              {pd product} {ergonomic}
     bool SegmentedCodeCache                       = true                                      {product} {ergonomic}
     bool ShowCodeDetailsInExceptionMessages       = true                                   {manageable} {command line}
   size_t SoftMaxHeapSize                          = 2116026368                             {manageable} {ergonomic}
     bool UseCompressedOops                        = true                           {product lp64_product} {ergonomic}
     bool UseG1GC                                  = true                                      {product} {ergonomic}
     bool UseLargePagesIndividualAllocation        = false                                  {pd product} {ergonomic}

Logging:
Log output configuration:
 #0: stdout all=warning uptime,level,tags foldmultilines=false
 #1: stderr all=off uptime,level,tags foldmultilines=false

Environment Variables:
PATH=C:/Users/user/.p2/pool/plugins/org.eclipse.justj.openjdk.hotspot.jre.full.win32.x86_64_21.0.7.v20250502-0916/jre/bin/server;C:/Users/user/.p2/pool/plugins/org.eclipse.justj.openjdk.hotspot.jre.full.win32.x86_64_21.0.7.v20250502-0916/jre/bin;C:\Program Files\Common Files\Oracle\Java\javapath;C:\Windows\system32;C:\Windows;C:\Windows\System32\Wbem;C:\Windows\System32\WindowsPowerShell\v1.0\;C:\Windows\System32\OpenSSH\;C:\Program Files (x86)\NVIDIA Corporation\PhysX\Common;C:\Program Files\NVIDIA Corporation\NVIDIA NvDLISR;C:\WINDOWS\system32;C:\WINDOWS;C:\WINDOWS\System32\Wbem;C:\WINDOWS\System32\WindowsPowerShell\v1.0\;C:\WINDOWS\System32\OpenSSH\;C:\Program Files\dotnet\;C:\Program Files\Git\cmd;C:\Users\user\AppData\Local\Microsoft\WindowsApps;C:\Users\user\AppData\Local\Programs\Microsoft VS Code\bin;C:\Users\user\Desktop;
USERNAME=user
OS=Windows_NT
PROCESSOR_IDENTIFIER=Intel64 Family 6 Model 142 Stepping 12, GenuineIntel
TMP=C:\Users\user\AppData\Local\Temp
TEMP=C:\Users\user\AppData\Local\Temp




Periodic native trim disabled

---------------  S Y S T E M  ---------------

OS:
 Windows 11 , 64 bit Build 26100 (10.0.26100.7019)
OS uptime: 13 days 6:15 hours

CPU: total 8 (initial active 8) (4 cores per cpu, 2 threads per core) family 6 model 142 stepping 12 microcode 0xde, cx8, cmov, fxsr, ht, mmx, 3dnowpref, sse, sse2, sse3, ssse3, sse4.1, sse4.2, popcnt, lzcnt, tsc, tscinvbit, avx, avx2, aes, erms, clmul, bmi1, bmi2, adx, fma, vzeroupper, clflush, clflushopt, rdtscp, f16c
Processor Information for processor 0
  Max Mhz: 1800, Current Mhz: 1600, Mhz Limit: 1584
Processor Information for processor 1
  Max Mhz: 1800, Current Mhz: 1500, Mhz Limit: 1584
Processor Information for processor 2
  Max Mhz: 1800, Current Mhz: 1600, Mhz Limit: 1584
Processor Information for processor 3
  Max Mhz: 1800, Current Mhz: 1500, Mhz Limit: 1584
Processor Information for processor 4
  Max Mhz: 1800, Current Mhz: 1500, Mhz Limit: 1584
Processor Information for processor 5
  Max Mhz: 1800, Current Mhz: 1600, Mhz Limit: 1584
Processor Information for processor 6
  Max Mhz: 1800, Current Mhz: 1600, Mhz Limit: 1584
Processor Information for processor 7
  Max Mhz: 1800, Current Mhz: 1500, Mhz Limit: 1584

Memory: 4k page, system-wide physical 8071M (465M free)
TotalPageFile size 21572M (AvailPageFile size 123M)
current process WorkingSet (physical memory assigned to process): 119M, peak: 126M
current process commit charge ("private bytes"): 244M, peak: 257M

vm_info: OpenJDK 64-Bit Server VM (21.0.7+6-LTS) for windows-amd64 JRE (21.0.7+6-LTS), built on 2025-04-15T00:00:00Z by "admin" with MS VC++ 17.7 (VS2022)

END.
